Archive member included to satisfy reference by file (symbol)

/usr/local/Caskroom/gcc-arm-embedded/9-2019-q4-major/gcc-arm-none-eabi-9-2019-q4-major/bin/../lib/gcc/arm-none-eabi/9.2.1/thumb/v6-m/nofp/libgcc.a(_udivsi3.o)
                              CMakeFiles/stm32l073rztx_cmake.elf.dir/Drivers/STM32L0xx_HAL_Driver/Src/stm32l0xx_hal.c.obj (__aeabi_uidiv)
/usr/local/Caskroom/gcc-arm-embedded/9-2019-q4-major/gcc-arm-none-eabi-9-2019-q4-major/bin/../lib/gcc/arm-none-eabi/9.2.1/thumb/v6-m/nofp/libgcc.a(_divsi3.o)
                              CMakeFiles/stm32l073rztx_cmake.elf.dir/Middlewares/LoRaMac-node/radio/sx1276/sx1276.c.obj (__aeabi_idiv)
/usr/local/Caskroom/gcc-arm-embedded/9-2019-q4-major/gcc-arm-none-eabi-9-2019-q4-major/bin/../lib/gcc/arm-none-eabi/9.2.1/thumb/v6-m/nofp/libgcc.a(_dvmd_tls.o)
                              /usr/local/Caskroom/gcc-arm-embedded/9-2019-q4-major/gcc-arm-none-eabi-9-2019-q4-major/bin/../lib/gcc/arm-none-eabi/9.2.1/thumb/v6-m/nofp/libgcc.a(_udivsi3.o) (__aeabi_idiv0)
/usr/local/Caskroom/gcc-arm-embedded/9-2019-q4-major/gcc-arm-none-eabi-9-2019-q4-major/bin/../lib/gcc/arm-none-eabi/9.2.1/thumb/v6-m/nofp/libgcc.a(_arm_cmpdf2.o)
                              CMakeFiles/stm32l073rztx_cmake.elf.dir/Middlewares/LoRaMac-node/system/gps.c.obj (__aeabi_dcmpeq)
/usr/local/Caskroom/gcc-arm-embedded/9-2019-q4-major/gcc-arm-none-eabi-9-2019-q4-major/bin/../lib/gcc/arm-none-eabi/9.2.1/thumb/v6-m/nofp/libgcc.a(_arm_cmpsf2.o)
                              CMakeFiles/stm32l073rztx_cmake.elf.dir/Middlewares/LoRaMac-node/boards/S76G-lilygo-tmotion/rtc-board.c.obj (__aeabi_fcmplt)
/usr/local/Caskroom/gcc-arm-embedded/9-2019-q4-major/gcc-arm-none-eabi-9-2019-q4-major/bin/../lib/gcc/arm-none-eabi/9.2.1/thumb/v6-m/nofp/libgcc.a(_aeabi_uldivmod.o)
                              CMakeFiles/stm32l073rztx_cmake.elf.dir/Drivers/STM32L0xx_HAL_Driver/Src/stm32l0xx_hal_uart.c.obj (__aeabi_uldivmod)
/usr/local/Caskroom/gcc-arm-embedded/9-2019-q4-major/gcc-arm-none-eabi-9-2019-q4-major/bin/../lib/gcc/arm-none-eabi/9.2.1/thumb/v6-m/nofp/libgcc.a(_fixunssfsi.o)
                              CMakeFiles/stm32l073rztx_cmake.elf.dir/Middlewares/LoRaMac-node/apps/LoRaMac/common/CayenneLpp.c.obj (__aeabi_f2uiz)
/usr/local/Caskroom/gcc-arm-embedded/9-2019-q4-major/gcc-arm-none-eabi-9-2019-q4-major/bin/../lib/gcc/arm-none-eabi/9.2.1/thumb/v6-m/nofp/libgcc.a(_fixunsdfsi.o)
                              CMakeFiles/stm32l073rztx_cmake.elf.dir/Middlewares/LoRaMac-node/mac/region/RegionCommon.c.obj (__aeabi_d2uiz)
/usr/local/Caskroom/gcc-arm-embedded/9-2019-q4-major/gcc-arm-none-eabi-9-2019-q4-major/bin/../lib/gcc/arm-none-eabi/9.2.1/thumb/v6-m/nofp/libgcc.a(_udivmoddi4.o)
                              /usr/local/Caskroom/gcc-arm-embedded/9-2019-q4-major/gcc-arm-none-eabi-9-2019-q4-major/bin/../lib/gcc/arm-none-eabi/9.2.1/thumb/v6-m/nofp/libgcc.a(_aeabi_uldivmod.o) (__udivmoddi4)
/usr/local/Caskroom/gcc-arm-embedded/9-2019-q4-major/gcc-arm-none-eabi-9-2019-q4-major/bin/../lib/gcc/arm-none-eabi/9.2.1/thumb/v6-m/nofp/libgcc.a(addsf3.o)
                              CMakeFiles/stm32l073rztx_cmake.elf.dir/Middlewares/LoRaMac-node/apps/LoRaMac/common/CayenneLpp.c.obj (__aeabi_fadd)
/usr/local/Caskroom/gcc-arm-embedded/9-2019-q4-major/gcc-arm-none-eabi-9-2019-q4-major/bin/../lib/gcc/arm-none-eabi/9.2.1/thumb/v6-m/nofp/libgcc.a(divsf3.o)
                              CMakeFiles/stm32l073rztx_cmake.elf.dir/Middlewares/LoRaMac-node/boards/S76G-lilygo-tmotion/rtc-board.c.obj (__aeabi_fdiv)
/usr/local/Caskroom/gcc-arm-embedded/9-2019-q4-major/gcc-arm-none-eabi-9-2019-q4-major/bin/../lib/gcc/arm-none-eabi/9.2.1/thumb/v6-m/nofp/libgcc.a(eqsf2.o)
                              /usr/local/Caskroom/gcc-arm-embedded/9-2019-q4-major/gcc-arm-none-eabi-9-2019-q4-major/bin/../lib/gcc/arm-none-eabi/9.2.1/thumb/v6-m/nofp/libgcc.a(_arm_cmpsf2.o) (__eqsf2)
/usr/local/Caskroom/gcc-arm-embedded/9-2019-q4-major/gcc-arm-none-eabi-9-2019-q4-major/bin/../lib/gcc/arm-none-eabi/9.2.1/thumb/v6-m/nofp/libgcc.a(gesf2.o)
                              /usr/local/Caskroom/gcc-arm-embedded/9-2019-q4-major/gcc-arm-none-eabi-9-2019-q4-major/bin/../lib/gcc/arm-none-eabi/9.2.1/thumb/v6-m/nofp/libgcc.a(_arm_cmpsf2.o) (__gesf2)
/usr/local/Caskroom/gcc-arm-embedded/9-2019-q4-major/gcc-arm-none-eabi-9-2019-q4-major/bin/../lib/gcc/arm-none-eabi/9.2.1/thumb/v6-m/nofp/libgcc.a(lesf2.o)
                              /usr/local/Caskroom/gcc-arm-embedded/9-2019-q4-major/gcc-arm-none-eabi-9-2019-q4-major/bin/../lib/gcc/arm-none-eabi/9.2.1/thumb/v6-m/nofp/libgcc.a(_arm_cmpsf2.o) (__lesf2)
/usr/local/Caskroom/gcc-arm-embedded/9-2019-q4-major/gcc-arm-none-eabi-9-2019-q4-major/bin/../lib/gcc/arm-none-eabi/9.2.1/thumb/v6-m/nofp/libgcc.a(mulsf3.o)
                              CMakeFiles/stm32l073rztx_cmake.elf.dir/Middlewares/LoRaMac-node/apps/LoRaMac/common/CayenneLpp.c.obj (__aeabi_fmul)
[...]
Memory Configuration

Name             Origin             Length             Attributes
RAM              0x0000000020000000 0x0000000000005000 xrw
FLASH            0x0000000008000000 0x0000000000030000 xr
*default*        0x0000000000000000 0xffffffffffffffff

Linker script and memory map

LOAD /usr/local/Caskroom/gcc-arm-embedded/9-2019-q4-major/gcc-arm-none-eabi-9-2019-q4-major/bin/../lib/gcc/arm-none-eabi/9.2.1/thumb/v6-m/nofp/crti.o
LOAD /usr/local/Caskroom/gcc-arm-embedded/9-2019-q4-major/gcc-arm-none-eabi-9-2019-q4-major/bin/../lib/gcc/arm-none-eabi/9.2.1/thumb/v6-m/nofp/crtbegin.o
LOAD /usr/local/Caskroom/gcc-arm-embedded/9-2019-q4-major/gcc-arm-none-eabi-9-2019-q4-major/bin/../lib/gcc/arm-none-eabi/9.2.1/../../../../arm-none-eabi/lib/thumb/v6-m/nofp/crt0.o
LOAD CMakeFiles/stm32l073rztx_cmake.elf.dir/Drivers/STM32L0xx_HAL_Driver/Src/stm32l0xx_hal.c.obj
LOAD CMakeFiles/stm32l073rztx_cmake.elf.dir/Drivers/STM32L0xx_HAL_Driver/Src/stm32l0xx_hal_adc.c.obj
LOAD CMakeFiles/stm32l073rztx_cmake.elf.dir/Drivers/STM32L0xx_HAL_Driver/Src/stm32l0xx_hal_adc_ex.c.obj
LOAD CMakeFiles/stm32l073rztx_cmake.elf.dir/Drivers/STM32L0xx_HAL_Driver/Src/stm32l0xx_hal_cortex.c.obj
LOAD CMakeFiles/stm32l073rztx_cmake.elf.dir/Drivers/STM32L0xx_HAL_Driver/Src/stm32l0xx_hal_dma.c.obj
LOAD CMakeFiles/stm32l073rztx_cmake.elf.dir/Drivers/STM32L0xx_HAL_Driver/Src/stm32l0xx_hal_flash.c.obj
LOAD CMakeFiles/stm32l073rztx_cmake.elf.dir/Drivers/STM32L0xx_HAL_Driver/Src/stm32l0xx_hal_flash_ex.c.obj
LOAD CMakeFiles/stm32l073rztx_cmake.elf.dir/Drivers/STM32L0xx_HAL_Driver/Src/stm32l0xx_hal_flash_ramfunc.c.obj
LOAD CMakeFiles/stm32l073rztx_cmake.elf.dir/Drivers/STM32L0xx_HAL_Driver/Src/stm32l0xx_hal_gpio.c.obj
LOAD CMakeFiles/stm32l073rztx_cmake.elf.dir/Drivers/STM32L0xx_HAL_Driver/Src/stm32l0xx_hal_i2c.c.obj
LOAD CMakeFiles/stm32l073rztx_cmake.elf.dir/Drivers/STM32L0xx_HAL_Driver/Src/stm32l0xx_hal_i2c_ex.c.obj
LOAD CMakeFiles/stm32l073rztx_cmake.elf.dir/Drivers/STM32L0xx_HAL_Driver/Src/stm32l0xx_hal_pwr.c.obj
LOAD CMakeFiles/stm32l073rztx_cmake.elf.dir/Drivers/STM32L0xx_HAL_Driver/Src/stm32l0xx_hal_pwr_ex.c.obj
LOAD CMakeFiles/stm32l073rztx_cmake.elf.dir/Drivers/STM32L0xx_HAL_Driver/Src/stm32l0xx_hal_rcc.c.obj
LOAD CMakeFiles/stm32l073rztx_cmake.elf.dir/Drivers/STM32L0xx_HAL_Driver/Src/stm32l0xx_hal_rcc_ex.c.obj
LOAD CMakeFiles/stm32l073rztx_cmake.elf.dir/Drivers/STM32L0xx_HAL_Driver/Src/stm32l0xx_hal_rtc.c.obj
LOAD CMakeFiles/stm32l073rztx_cmake.elf.dir/Drivers/STM32L0xx_HAL_Driver/Src/stm32l0xx_hal_rtc_ex.c.obj
LOAD CMakeFiles/stm32l073rztx_cmake.elf.dir/Drivers/STM32L0xx_HAL_Driver/Src/stm32l0xx_hal_spi.c.obj
LOAD CMakeFiles/stm32l073rztx_cmake.elf.dir/Drivers/STM32L0xx_HAL_Driver/Src/stm32l0xx_hal_tim.c.obj
LOAD CMakeFiles/stm32l073rztx_cmake.elf.dir/Drivers/STM32L0xx_HAL_Driver/Src/stm32l0xx_hal_tim_ex.c.obj
LOAD CMakeFiles/stm32l073rztx_cmake.elf.dir/Drivers/STM32L0xx_HAL_Driver/Src/stm32l0xx_hal_uart.c.obj
LOAD CMakeFiles/stm32l073rztx_cmake.elf.dir/Drivers/STM32L0xx_HAL_Driver/Src/stm32l0xx_hal_uart_ex.c.obj
LOAD CMakeFiles/stm32l073rztx_cmake.elf.dir/Middlewares/LoRaMac-node/apps/LoRaMac/common/CayenneLpp.c.obj
LOAD CMakeFiles/stm32l073rztx_cmake.elf.dir/Middlewares/LoRaMac-node/apps/LoRaMac/common/LmHandler/LmHandler.c.obj
LOAD CMakeFiles/stm32l073rztx_cmake.elf.dir/Middlewares/LoRaMac-node/apps/LoRaMac/common/LmHandler/packages/FragDecoder.c.obj
LOAD CMakeFiles/stm32l073rztx_cmake.elf.dir/Middlewares/LoRaMac-node/apps/LoRaMac/common/LmHandler/packages/LmhpClockSync.c.obj
LOAD CMakeFiles/stm32l073rztx_cmake.elf.dir/Middlewares/LoRaMac-node/apps/LoRaMac/common/LmHandler/packages/LmhpCompliance.c.obj
LOAD CMakeFiles/stm32l073rztx_cmake.elf.dir/Middlewares/LoRaMac-node/apps/LoRaMac/common/LmHandler/packages/LmhpFragmentation.c.obj
LOAD CMakeFiles/stm32l073rztx_cmake.elf.dir/Middlewares/LoRaMac-node/apps/LoRaMac/common/LmHandler/packages/LmhpRemoteMcastSetup.c.obj
LOAD CMakeFiles/stm32l073rztx_cmake.elf.dir/Middlewares/LoRaMac-node/apps/LoRaMac/common/LmHandlerMsgDisplay.c.obj
LOAD CMakeFiles/stm32l073rztx_cmake.elf.dir/Middlewares/LoRaMac-node/apps/LoRaMac/common/NvmCtxMgmt.c.obj
LOAD CMakeFiles/stm32l073rztx_cmake.elf.dir/Middlewares/LoRaMac-node/boards/S76G-lilygo-tmotion/board.c.obj
LOAD CMakeFiles/stm32l073rztx_cmake.elf.dir/Middlewares/LoRaMac-node/boards/S76G-lilygo-tmotion/delay-board.c.obj
LOAD CMakeFiles/stm32l073rztx_cmake.elf.dir/Middlewares/LoRaMac-node/boards/S76G-lilygo-tmotion/eeprom-board.c.obj
LOAD CMakeFiles/stm32l073rztx_cmake.elf.dir/Middlewares/LoRaMac-node/boards/S76G-lilygo-tmotion/gpio-board.c.obj
LOAD CMakeFiles/stm32l073rztx_cmake.elf.dir/Middlewares/LoRaMac-node/boards/S76G-lilygo-tmotion/lpm-board.c.obj
LOAD CMakeFiles/stm32l073rztx_cmake.elf.dir/Middlewares/LoRaMac-node/boards/S76G-lilygo-tmotion/rtc-board.c.obj
LOAD CMakeFiles/stm32l073rztx_cmake.elf.dir/Middlewares/LoRaMac-node/boards/S76G-lilygo-tmotion/spi-board.c.obj
LOAD CMakeFiles/stm32l073rztx_cmake.elf.dir/Middlewares/LoRaMac-node/boards/S76G-lilygo-tmotion/sx1276-board.c.obj
LOAD CMakeFiles/stm32l073rztx_cmake.elf.dir/Middlewares/LoRaMac-node/boards/S76G-lilygo-tmotion/utilities.c.obj
LOAD CMakeFiles/stm32l073rztx_cmake.elf.dir/Middlewares/LoRaMac-node/mac/LoRaMac.c.obj
LOAD CMakeFiles/stm32l073rztx_cmake.elf.dir/Middlewares/LoRaMac-node/mac/LoRaMacAdr.c.obj
LOAD CMakeFiles/stm32l073rztx_cmake.elf.dir/Middlewares/LoRaMac-node/mac/LoRaMacClassB.c.obj
LOAD CMakeFiles/stm32l073rztx_cmake.elf.dir/Middlewares/LoRaMac-node/mac/LoRaMacCommands.c.obj
LOAD CMakeFiles/stm32l073rztx_cmake.elf.dir/Middlewares/LoRaMac-node/mac/LoRaMacConfirmQueue.c.obj
LOAD CMakeFiles/stm32l073rztx_cmake.elf.dir/Middlewares/LoRaMac-node/mac/LoRaMacCrypto.c.obj
LOAD CMakeFiles/stm32l073rztx_cmake.elf.dir/Middlewares/LoRaMac-node/mac/LoRaMacParser.c.obj
LOAD CMakeFiles/stm32l073rztx_cmake.elf.dir/Middlewares/LoRaMac-node/mac/LoRaMacSerializer.c.obj
LOAD CMakeFiles/stm32l073rztx_cmake.elf.dir/Middlewares/LoRaMac-node/mac/region/Region.c.obj
LOAD CMakeFiles/stm32l073rztx_cmake.elf.dir/Middlewares/LoRaMac-node/mac/region/RegionAS923.c.obj
LOAD CMakeFiles/stm32l073rztx_cmake.elf.dir/Middlewares/LoRaMac-node/mac/region/RegionAU915.c.obj
LOAD CMakeFiles/stm32l073rztx_cmake.elf.dir/Middlewares/LoRaMac-node/mac/region/RegionCN470.c.obj
LOAD CMakeFiles/stm32l073rztx_cmake.elf.dir/Middlewares/LoRaMac-node/mac/region/RegionCN779.c.obj
LOAD CMakeFiles/stm32l073rztx_cmake.elf.dir/Middlewares/LoRaMac-node/mac/region/RegionCommon.c.obj
LOAD CMakeFiles/stm32l073rztx_cmake.elf.dir/Middlewares/LoRaMac-node/mac/region/RegionEU433.c.obj
LOAD CMakeFiles/stm32l073rztx_cmake.elf.dir/Middlewares/LoRaMac-node/mac/region/RegionEU868.c.obj
LOAD CMakeFiles/stm32l073rztx_cmake.elf.dir/Middlewares/LoRaMac-node/mac/region/RegionIN865.c.obj
LOAD CMakeFiles/stm32l073rztx_cmake.elf.dir/Middlewares/LoRaMac-node/mac/region/RegionKR920.c.obj
LOAD CMakeFiles/stm32l073rztx_cmake.elf.dir/Middlewares/LoRaMac-node/mac/region/RegionRU864.c.obj
LOAD CMakeFiles/stm32l073rztx_cmake.elf.dir/Middlewares/LoRaMac-node/mac/region/RegionUS915.c.obj
LOAD CMakeFiles/stm32l073rztx_cmake.elf.dir/Middlewares/LoRaMac-node/peripherals/soft-se/aes.c.obj
LOAD CMakeFiles/stm32l073rztx_cmake.elf.dir/Middlewares/LoRaMac-node/peripherals/soft-se/cmac.c.obj
LOAD CMakeFiles/stm32l073rztx_cmake.elf.dir/Middlewares/LoRaMac-node/peripherals/soft-se/soft-se-hal.c.obj
LOAD CMakeFiles/stm32l073rztx_cmake.elf.dir/Middlewares/LoRaMac-node/peripherals/soft-se/soft-se.c.obj
LOAD CMakeFiles/stm32l073rztx_cmake.elf.dir/Middlewares/LoRaMac-node/radio/sx1276/sx1276.c.obj
LOAD CMakeFiles/stm32l073rztx_cmake.elf.dir/Middlewares/LoRaMac-node/system/adc.c.obj
LOAD CMakeFiles/stm32l073rztx_cmake.elf.dir/Middlewares/LoRaMac-node/system/delay.c.obj
LOAD CMakeFiles/stm32l073rztx_cmake.elf.dir/Middlewares/LoRaMac-node/system/eeprom.c.obj
LOAD CMakeFiles/stm32l073rztx_cmake.elf.dir/Middlewares/LoRaMac-node/system/fifo.c.obj
LOAD CMakeFiles/stm32l073rztx_cmake.elf.dir/Middlewares/LoRaMac-node/system/gpio.c.obj
LOAD CMakeFiles/stm32l073rztx_cmake.elf.dir/Middlewares/LoRaMac-node/system/gps.c.obj
LOAD CMakeFiles/stm32l073rztx_cmake.elf.dir/Middlewares/LoRaMac-node/system/i2c.c.obj
LOAD CMakeFiles/stm32l073rztx_cmake.elf.dir/Middlewares/LoRaMac-node/system/nvmm.c.obj
LOAD CMakeFiles/stm32l073rztx_cmake.elf.dir/Middlewares/LoRaMac-node/system/systime.c.obj
LOAD CMakeFiles/stm32l073rztx_cmake.elf.dir/Middlewares/LoRaMac-node/system/timer.c.obj
LOAD CMakeFiles/stm32l073rztx_cmake.elf.dir/Middlewares/LoRaMac-node/system/uart.c.obj
LOAD CMakeFiles/stm32l073rztx_cmake.elf.dir/Src/main.c.obj
LOAD CMakeFiles/stm32l073rztx_cmake.elf.dir/Src/stm32l0xx_hal_msp.c.obj
LOAD CMakeFiles/stm32l073rztx_cmake.elf.dir/Src/stm32l0xx_it.c.obj
LOAD CMakeFiles/stm32l073rztx_cmake.elf.dir/Src/syscalls.c.obj
LOAD CMakeFiles/stm32l073rztx_cmake.elf.dir/Src/system_stm32l0xx.c.obj
LOAD CMakeFiles/stm32l073rztx_cmake.elf.dir/startup/startup_stm32l073xx.s.obj
START GROUP
LOAD /usr/local/Caskroom/gcc-arm-embedded/9-2019-q4-major/gcc-arm-none-eabi-9-2019-q4-major/bin/../lib/gcc/arm-none-eabi/9.2.1/thumb/v6-m/nofp/libgcc.a
LOAD /usr/local/Caskroom/gcc-arm-embedded/9-2019-q4-major/gcc-arm-none-eabi-9-2019-q4-major/bin/../lib/gcc/arm-none-eabi/9.2.1/../../../../arm-none-eabi/lib/thumb/v6-m/nofp/libg_nano.a
LOAD /usr/local/Caskroom/gcc-arm-embedded/9-2019-q4-major/gcc-arm-none-eabi-9-2019-q4-major/bin/../lib/gcc/arm-none-eabi/9.2.1/../../../../arm-none-eabi/lib/thumb/v6-m/nofp/libc_nano.a
END GROUP
START GROUP
LOAD /usr/local/Caskroom/gcc-arm-embedded/9-2019-q4-major/gcc-arm-none-eabi-9-2019-q4-major/bin/../lib/gcc/arm-none-eabi/9.2.1/thumb/v6-m/nofp/libgcc.a
LOAD /usr/local/Caskroom/gcc-arm-embedded/9-2019-q4-major/gcc-arm-none-eabi-9-2019-q4-major/bin/../lib/gcc/arm-none-eabi/9.2.1/../../../../arm-none-eabi/lib/thumb/v6-m/nofp/libc_nano.a
LOAD /usr/local/Caskroom/gcc-arm-embedded/9-2019-q4-major/gcc-arm-none-eabi-9-2019-q4-major/bin/../lib/gcc/arm-none-eabi/9.2.1/../../../../arm-none-eabi/lib/thumb/v6-m/nofp/libnosys.a
END GROUP
START GROUP
LOAD /usr/local/Caskroom/gcc-arm-embedded/9-2019-q4-major/gcc-arm-none-eabi-9-2019-q4-major/bin/../lib/gcc/arm-none-eabi/9.2.1/thumb/v6-m/nofp/libgcc.a
LOAD /usr/local/Caskroom/gcc-arm-embedded/9-2019-q4-major/gcc-arm-none-eabi-9-2019-q4-major/bin/../lib/gcc/arm-none-eabi/9.2.1/../../../../arm-none-eabi/lib/thumb/v6-m/nofp/libc_nano.a
LOAD /usr/local/Caskroom/gcc-arm-embedded/9-2019-q4-major/gcc-arm-none-eabi-9-2019-q4-major/bin/../lib/gcc/arm-none-eabi/9.2.1/../../../../arm-none-eabi/lib/thumb/v6-m/nofp/libnosys.a
END GROUP
LOAD /usr/local/Caskroom/gcc-arm-embedded/9-2019-q4-major/gcc-arm-none-eabi-9-2019-q4-major/bin/../lib/gcc/arm-none-eabi/9.2.1/thumb/v6-m/nofp/crtend.o
LOAD /usr/local/Caskroom/gcc-arm-embedded/9-2019-q4-major/gcc-arm-none-eabi-9-2019-q4-major/bin/../lib/gcc/arm-none-eabi/9.2.1/thumb/v6-m/nofp/crtn.o
                0x0000000020005000                _estack = 0x20005000
                0x0000000000000200                _Min_Heap_Size = 0x200
                0x0000000000000400                _Min_Stack_Size = 0x400

.isr_vector     0x0000000008000000       0xc0
                0x0000000008000000                . = ALIGN (0x4)
 *(.isr_vector)
 .isr_vector    0x0000000008000000       0xc0 CMakeFiles/stm32l073rztx_cmake.elf.dir/startup/startup_stm32l073xx.s.obj
                0x0000000008000000                g_pfnVectors
                0x00000000080000c0                . = ALIGN (0x4)

.text           0x00000000080000c0     0x97ac
                0x00000000080000c0                . = ALIGN (0x4)
 *(.text)
 .text          0x00000000080000c0       0x48 /usr/local/Caskroom/gcc-arm-embedded/9-2019-q4-major/gcc-arm-none-eabi-9-2019-q4-major/bin/../lib/gcc/arm-none-eabi/9.2.1/thumb/v6-m/nofp/crtbegin.o
 .text          0x0000000008000108      0x114 /usr/local/Caskroom/gcc-arm-embedded/9-2019-q4-major/gcc-arm-none-eabi-9-2019-q4-major/bin/../lib/gcc/arm-none-eabi/9.2.1/thumb/v6-m/nofp/libgcc.a(_udivsi3.o)
                0x0000000008000108                __udivsi3
                0x0000000008000108                __aeabi_uidiv
                0x0000000008000214                __aeabi_uidivmod
 .text          0x000000000800021c      0x1d4 /usr/local/Caskroom/gcc-arm-embedded/9-2019-q4-major/gcc-arm-none-eabi-9-2019-q4-major/bin/../lib/gcc/arm-none-eabi/9.2.1/thumb/v6-m/nofp/libgcc.a(_divsi3.o)
                0x000000000800021c                __aeabi_idiv
                0x000000000800021c                __divsi3
                0x00000000080003e8                __aeabi_idivmod
 .text          0x00000000080003f0        0x4 /usr/local/Caskroom/gcc-arm-embedded/9-2019-q4-major/gcc-arm-none-eabi-9-2019-q4-major/bin/../lib/gcc/arm-none-eabi/9.2.1/thumb/v6-m/nofp/libgcc.a(_dvmd_tls.o)
                0x00000000080003f0                __aeabi_ldiv0
                0x00000000080003f0                __aeabi_idiv0
 .text          0x00000000080003f4       0x7c /usr/local/Caskroom/gcc-arm-embedded/9-2019-q4-major/gcc-arm-none-eabi-9-2019-q4-major/bin/../lib/gcc/arm-none-eabi/9.2.1/thumb/v6-m/nofp/libgcc.a(_arm_cmpdf2.o)
                0x00000000080003f4                __aeabi_cdrcmple
                0x0000000008000404                __aeabi_cdcmple
                0x0000000008000404                __aeabi_cdcmpeq
                0x0000000008000414                __aeabi_dcmpeq
                0x0000000008000420                __aeabi_dcmplt
                0x0000000008000434                __aeabi_dcmple
                0x0000000008000448                __aeabi_dcmpgt
                0x000000000800045c                __aeabi_dcmpge
 .text          0x0000000008000470       0x40 /usr/local/Caskroom/gcc-arm-embedded/9-2019-q4-major/gcc-arm-none-eabi-9-2019-q4-major/bin/../lib/gcc/arm-none-eabi/9.2.1/thumb/v6-m/nofp/libgcc.a(_aeabi_uldivmod.o)
                0x0000000008000470                __aeabi_uldivmod
 .text          0x00000000080004b0       0x3c /usr/local/Caskroom/gcc-arm-embedded/9-2019-q4-major/gcc-arm-none-eabi-9-2019-q4-major/bin/../lib/gcc/arm-none-eabi/9.2.1/thumb/v6-m/nofp/libgcc.a(_fixunsdfsi.o)
                0x00000000080004b0                __fixunsdfsi
                0x00000000080004b0                __aeabi_d2uiz
 .text          0x00000000080004ec      0x198 /usr/local/Caskroom/gcc-arm-embedded/9-2019-q4-major/gcc-arm-none-eabi-9-2019-q4-major/bin/../lib/gcc/arm-none-eabi/9.2.1/thumb/v6-m/nofp/libgcc.a(_udivmoddi4.o)
                0x00000000080004ec                __udivmoddi4
 .text          0x0000000008000684      0x5d0 /usr/local/Caskroom/gcc-arm-embedded/9-2019-q4-major/gcc-arm-none-eabi-9-2019-q4-major/bin/../lib/gcc/arm-none-eabi/9.2.1/thumb/v6-m/nofp/libgcc.a(divdf3.o)
                0x0000000008000684                __aeabi_ddiv
 .text          0x0000000008000c54       0x78 /usr/local/Caskroom/gcc-arm-embedded/9-2019-q4-major/gcc-arm-none-eabi-9-2019-q4-major/bin/../lib/gcc/arm-none-eabi/9.2.1/thumb/v6-m/nofp/libgcc.a(eqdf2.o)
                0x0000000008000c54                __eqdf2
                0x0000000008000c54                __nedf2
 .text          0x0000000008000ccc       0xe4 /usr/local/Caskroom/gcc-arm-embedded/9-2019-q4-major/gcc-arm-none-eabi-9-2019-q4-major/bin/../lib/gcc/arm-none-eabi/9.2.1/thumb/v6-m/nofp/libgcc.a(gedf2.o)
                0x0000000008000ccc                __gtdf2
                0x0000000008000ccc                __gedf2
 .text          0x0000000008000db0       0xe0 /usr/local/Caskroom/gcc-arm-embedded/9-2019-q4-major/gcc-arm-none-eabi-9-2019-q4-major/bin/../lib/gcc/arm-none-eabi/9.2.1/thumb/v6-m/nofp/libgcc.a(ledf2.o)
                0x0000000008000db0                __ltdf2
                0x0000000008000db0                __ledf2
 .text          0x0000000008000e90      0x4d8 /usr/local/Caskroom/gcc-arm-embedded/9-2019-q4-major/gcc-arm-none-eabi-9-2019-q4-major/bin/../lib/gcc/arm-none-eabi/9.2.1/thumb/v6-m/nofp/libgcc.a(muldf3.o)
                0x0000000008000e90                __aeabi_dmul
 .text          0x0000000008001368      0x724 /usr/local/Caskroom/gcc-arm-embedded/9-2019-q4-major/gcc-arm-none-eabi-9-2019-q4-major/bin/../lib/gcc/arm-none-eabi/9.2.1/thumb/v6-m/nofp/libgcc.a(subdf3.o)
                0x0000000008001368                __aeabi_dsub
 .text          0x0000000008001a8c       0x6c /usr/local/Caskroom/gcc-arm-embedded/9-2019-q4-major/gcc-arm-none-eabi-9-2019-q4-major/bin/../lib/gcc/arm-none-eabi/9.2.1/thumb/v6-m/nofp/libgcc.a(fixdfsi.o)
                0x0000000008001a8c                __aeabi_d2iz
 .text          0x0000000008001af8       0x60 /usr/local/Caskroom/gcc-arm-embedded/9-2019-q4-major/gcc-arm-none-eabi-9-2019-q4-major/bin/../lib/gcc/arm-none-eabi/9.2.1/thumb/v6-m/nofp/libgcc.a(floatsidf.o)
                0x0000000008001af8                __aeabi_i2d
 .text          0x0000000008001b58       0x4c /usr/local/Caskroom/gcc-arm-embedded/9-2019-q4-major/gcc-arm-none-eabi-9-2019-q4-major/bin/../lib/gcc/arm-none-eabi/9.2.1/thumb/v6-m/nofp/libgcc.a(floatunsidf.o)
                0x0000000008001b58                __aeabi_ui2d
 .text          0x0000000008001ba4       0x3c /usr/local/Caskroom/gcc-arm-embedded/9-2019-q4-major/gcc-arm-none-eabi-9-2019-q4-major/bin/../lib/gcc/arm-none-eabi/9.2.1/thumb/v6-m/nofp/libgcc.a(_clzsi2.o)
                0x0000000008001ba4                __clzsi2
 .text          0x0000000008001be0       0x18 /usr/local/Caskroom/gcc-arm-embedded/9-2019-q4-major/gcc-arm-none-eabi-9-2019-q4-major/bin/../lib/gcc/arm-none-eabi/9.2.1/thumb/v6-m/nofp/libgcc.a(_clzdi2.o)
                0x0000000008001be0                __clzdi2
 *(.text*)
 .text.HAL_Init
                0x0000000008001bf8       0x40 CMakeFiles/stm32l073rztx_cmake.elf.dir/Drivers/STM32L0xx_HAL_Driver/Src/stm32l0xx_hal.c.obj
                0x0000000008001bf8                HAL_Init
 .text.HAL_InitTick
                0x0000000008001c38       0x54 CMakeFiles/stm32l073rztx_cmake.elf.dir/Drivers/STM32L0xx_HAL_Driver/Src/stm32l0xx_hal.c.obj
                0x0000000008001c38                HAL_InitTick
 .text.HAL_IncTick
                0x0000000008001c8c       0x18 CMakeFiles/stm32l073rztx_cmake.elf.dir/Drivers/STM32L0xx_HAL_Driver/Src/stm32l0xx_hal.c.obj
                0x0000000008001c8c                HAL_IncTick
 .text.HAL_GetTick
                0x0000000008001ca4       0x14 CMakeFiles/stm32l073rztx_cmake.elf.dir/Drivers/STM32L0xx_HAL_Driver/Src/stm32l0xx_hal.c.obj
                0x0000000008001ca4                HAL_GetTick
 .text.HAL_Delay
                0x0000000008001cb8       0x3c CMakeFiles/stm32l073rztx_cmake.elf.dir/Drivers/STM32L0xx_HAL_Driver/Src/stm32l0xx_hal.c.obj
                0x0000000008001cb8                HAL_Delay
 .text.NVIC_EnableIRQ
                0x0000000008001cf4       0x2c CMakeFiles/stm32l073rztx_cmake.elf.dir/Drivers/STM32L0xx_HAL_Driver/Src/stm32l0xx_hal_cortex.c.obj
 .text.NVIC_SetPriority
                0x0000000008001d20       0xdc CMakeFiles/stm32l073rztx_cmake.elf.dir/Drivers/STM32L0xx_HAL_Driver/Src/stm32l0xx_hal_cortex.c.obj
 .text.SysTick_Config
                0x0000000008001dfc       0x48 CMakeFiles/stm32l073rztx_cmake.elf.dir/Drivers/STM32L0xx_HAL_Driver/Src/stm32l0xx_hal_cortex.c.obj
 .text.HAL_NVIC_SetPriority
                0x0000000008001e44       0x2a CMakeFiles/stm32l073rztx_cmake.elf.dir/Drivers/STM32L0xx_HAL_Driver/Src/stm32l0xx_hal_cortex.c.obj
                0x0000000008001e44                HAL_NVIC_SetPriority
 .text.HAL_NVIC_EnableIRQ
                0x0000000008001e6e       0x20 CMakeFiles/stm32l073rztx_cmake.elf.dir/Drivers/STM32L0xx_HAL_Driver/Src/stm32l0xx_hal_cortex.c.obj
                0x0000000008001e6e                HAL_NVIC_EnableIRQ
 .text.HAL_SYSTICK_Config
                0x0000000008001e8e       0x1a CMakeFiles/stm32l073rztx_cmake.elf.dir/Drivers/STM32L0xx_HAL_Driver/Src/stm32l0xx_hal_cortex.c.obj
                0x0000000008001e8e                HAL_SYSTICK_Config
 .text.HAL_SYSTICK_CLKSourceConfig
                0x0000000008001ea8       0x34 CMakeFiles/stm32l073rztx_cmake.elf.dir/Drivers/STM32L0xx_HAL_Driver/Src/stm32l0xx_hal_cortex.c.obj
                0x0000000008001ea8                HAL_SYSTICK_CLKSourceConfig
 .text.HAL_SYSTICK_IRQHandler
                0x0000000008001edc        0xe CMakeFiles/stm32l073rztx_cmake.elf.dir/Drivers/STM32L0xx_HAL_Driver/Src/stm32l0xx_hal_cortex.c.obj
                0x0000000008001edc                HAL_SYSTICK_IRQHandler
 .text.HAL_SYSTICK_Callback
                0x0000000008001eea        0xa CMakeFiles/stm32l073rztx_cmake.elf.dir/Drivers/STM32L0xx_HAL_Driver/Src/stm32l0xx_hal_cortex.c.obj
                0x0000000008001eea                HAL_SYSTICK_Callback
 .text.HAL_GPIO_Init
                0x0000000008001ef4      0x2fc CMakeFiles/stm32l073rztx_cmake.elf.dir/Drivers/STM32L0xx_HAL_Driver/Src/stm32l0xx_hal_gpio.c.obj
                0x0000000008001ef4                HAL_GPIO_Init
 .text.HAL_GPIO_ReadPin
                0x00000000080021f0       0x3a CMakeFiles/stm32l073rztx_cmake.elf.dir/Drivers/STM32L0xx_HAL_Driver/Src/stm32l0xx_hal_gpio.c.obj
                0x00000000080021f0                HAL_GPIO_ReadPin
 .text.HAL_GPIO_WritePin
                0x000000000800222a       0x3a CMakeFiles/stm32l073rztx_cmake.elf.dir/Drivers/STM32L0xx_HAL_Driver/Src/stm32l0xx_hal_gpio.c.obj
                0x000000000800222a                HAL_GPIO_WritePin
 .text.HAL_GPIO_TogglePin
                0x0000000008002264       0x24 CMakeFiles/stm32l073rztx_cmake.elf.dir/Drivers/STM32L0xx_HAL_Driver/Src/stm32l0xx_hal_gpio.c.obj
                0x0000000008002264                HAL_GPIO_TogglePin
 .text.HAL_GPIO_EXTI_IRQHandler
                0x0000000008002288       0x38 CMakeFiles/stm32l073rztx_cmake.elf.dir/Drivers/STM32L0xx_HAL_Driver/Src/stm32l0xx_hal_gpio.c.obj
                0x0000000008002288                HAL_GPIO_EXTI_IRQHandler
 .text.HAL_PWR_DisablePVD
                0x00000000080022c0       0x1c CMakeFiles/stm32l073rztx_cmake.elf.dir/Drivers/STM32L0xx_HAL_Driver/Src/stm32l0xx_hal_pwr.c.obj
                0x00000000080022c0                HAL_PWR_DisablePVD
 .text.HAL_PWR_EnterSLEEPMode
                0x00000000080022dc       0x68 CMakeFiles/stm32l073rztx_cmake.elf.dir/Drivers/STM32L0xx_HAL_Driver/Src/stm32l0xx_hal_pwr.c.obj
                0x00000000080022dc                HAL_PWR_EnterSLEEPMode
 .text.HAL_PWR_EnterSTOPMode
                0x0000000008002344       0x70 CMakeFiles/stm32l073rztx_cmake.elf.dir/Drivers/STM32L0xx_HAL_Driver/Src/stm32l0xx_hal_pwr.c.obj
                0x0000000008002344                HAL_PWR_EnterSTOPMode
 .text.HAL_PWREx_EnableFastWakeUp
                0x00000000080023b4       0x1c CMakeFiles/stm32l073rztx_cmake.elf.dir/Drivers/STM32L0xx_HAL_Driver/Src/stm32l0xx_hal_pwr_ex.c.obj
                0x00000000080023b4                HAL_PWREx_EnableFastWakeUp
 .text.HAL_PWREx_EnableUltraLowPower
                0x00000000080023d0       0x1c CMakeFiles/stm32l073rztx_cmake.elf.dir/Drivers/STM32L0xx_HAL_Driver/Src/stm32l0xx_hal_pwr_ex.c.obj
                0x00000000080023d0                HAL_PWREx_EnableUltraLowPower
 .text.HAL_RCC_OscConfig
                0x00000000080023ec      0x7a0 CMakeFiles/stm32l073rztx_cmake.elf.dir/Drivers/STM32L0xx_HAL_Driver/Src/stm32l0xx_hal_rcc.c.obj
                0x00000000080023ec                HAL_RCC_OscConfig
 .text.HAL_RCC_ClockConfig
                0x0000000008002b8c      0x254 CMakeFiles/stm32l073rztx_cmake.elf.dir/Drivers/STM32L0xx_HAL_Driver/Src/stm32l0xx_hal_rcc.c.obj
                0x0000000008002b8c                HAL_RCC_ClockConfig
 .text.HAL_RCC_GetSysClockFreq
                0x0000000008002de0      0x100 CMakeFiles/stm32l073rztx_cmake.elf.dir/Drivers/STM32L0xx_HAL_Driver/Src/stm32l0xx_hal_rcc.c.obj
                0x0000000008002de0                HAL_RCC_GetSysClockFreq
 .text.HAL_RCC_GetHCLKFreq
                0x0000000008002ee0       0x14 CMakeFiles/stm32l073rztx_cmake.elf.dir/Drivers/STM32L0xx_HAL_Driver/Src/stm32l0xx_hal_rcc.c.obj
                0x0000000008002ee0                HAL_RCC_GetHCLKFreq
 .text.HAL_RCC_GetPCLK1Freq
                0x0000000008002ef4       0x2c CMakeFiles/stm32l073rztx_cmake.elf.dir/Drivers/STM32L0xx_HAL_Driver/Src/stm32l0xx_hal_rcc.c.obj
                0x0000000008002ef4                HAL_RCC_GetPCLK1Freq
 .text.HAL_RCC_GetPCLK2Freq
                0x0000000008002f20       0x2c CMakeFiles/stm32l073rztx_cmake.elf.dir/Drivers/STM32L0xx_HAL_Driver/Src/stm32l0xx_hal_rcc.c.obj
                0x0000000008002f20                HAL_RCC_GetPCLK2Freq
 .text.HAL_RCCEx_PeriphCLKConfig
                0x0000000008002f4c      0x2e4 CMakeFiles/stm32l073rztx_cmake.elf.dir/Drivers/STM32L0xx_HAL_Driver/Src/stm32l0xx_hal_rcc_ex.c.obj
                0x0000000008002f4c                HAL_RCCEx_PeriphCLKConfig
 .text.HAL_RTC_Init
                0x0000000008003230      0x13c CMakeFiles/stm32l073rztx_cmake.elf.dir/Drivers/STM32L0xx_HAL_Driver/Src/stm32l0xx_hal_rtc.c.obj
                0x0000000008003230                HAL_RTC_Init
 .text.HAL_RTC_MspInit
                0x000000000800336c       0x10 CMakeFiles/stm32l073rztx_cmake.elf.dir/Drivers/STM32L0xx_HAL_Driver/Src/stm32l0xx_hal_rtc.c.obj
                0x000000000800336c                HAL_RTC_MspInit
 .text.HAL_RTC_SetTime
                0x000000000800337c      0x188 CMakeFiles/stm32l073rztx_cmake.elf.dir/Drivers/STM32L0xx_HAL_Driver/Src/stm32l0xx_hal_rtc.c.obj
                0x000000000800337c                HAL_RTC_SetTime
 .text.HAL_RTC_GetTime
                0x0000000008003504       0xb8 CMakeFiles/stm32l073rztx_cmake.elf.dir/Drivers/STM32L0xx_HAL_Driver/Src/stm32l0xx_hal_rtc.c.obj
                0x0000000008003504                HAL_RTC_GetTime
 .text.HAL_RTC_SetDate
                0x00000000080035bc      0x15c CMakeFiles/stm32l073rztx_cmake.elf.dir/Drivers/STM32L0xx_HAL_Driver/Src/stm32l0xx_hal_rtc.c.obj
                0x00000000080035bc                HAL_RTC_SetDate
 .text.HAL_RTC_GetDate
                0x0000000008003718       0x9c CMakeFiles/stm32l073rztx_cmake.elf.dir/Drivers/STM32L0xx_HAL_Driver/Src/stm32l0xx_hal_rtc.c.obj
                0x0000000008003718                HAL_RTC_GetDate
 .text.HAL_RTC_SetAlarm_IT
                0x00000000080037b4      0x298 CMakeFiles/stm32l073rztx_cmake.elf.dir/Drivers/STM32L0xx_HAL_Driver/Src/stm32l0xx_hal_rtc.c.obj
                0x00000000080037b4                HAL_RTC_SetAlarm_IT
 .text.HAL_RTC_DeactivateAlarm
                0x0000000008003a4c      0x140 CMakeFiles/stm32l073rztx_cmake.elf.dir/Drivers/STM32L0xx_HAL_Driver/Src/stm32l0xx_hal_rtc.c.obj
                0x0000000008003a4c                HAL_RTC_DeactivateAlarm
 .text.HAL_RTC_WaitForSynchro
                0x0000000008003b8c       0x4e CMakeFiles/stm32l073rztx_cmake.elf.dir/Drivers/STM32L0xx_HAL_Driver/Src/stm32l0xx_hal_rtc.c.obj
                0x0000000008003b8c                HAL_RTC_WaitForSynchro
 .text.RTC_EnterInitMode
                0x0000000008003bda       0x54 CMakeFiles/stm32l073rztx_cmake.elf.dir/Drivers/STM32L0xx_HAL_Driver/Src/stm32l0xx_hal_rtc.c.obj
                0x0000000008003bda                RTC_EnterInitMode
 .text.RTC_ByteToBcd2
                0x0000000008003c2e       0x50 CMakeFiles/stm32l073rztx_cmake.elf.dir/Drivers/STM32L0xx_HAL_Driver/Src/stm32l0xx_hal_rtc.c.obj
                0x0000000008003c2e                RTC_ByteToBcd2
 .text.RTC_Bcd2ToByte
                0x0000000008003c7e       0x3a CMakeFiles/stm32l073rztx_cmake.elf.dir/Drivers/STM32L0xx_HAL_Driver/Src/stm32l0xx_hal_rtc.c.obj
                0x0000000008003c7e                RTC_Bcd2ToByte
 .text.HAL_RTCEx_EnableBypassShadow
                0x0000000008003cb8       0x68 CMakeFiles/stm32l073rztx_cmake.elf.dir/Drivers/STM32L0xx_HAL_Driver/Src/stm32l0xx_hal_rtc_ex.c.obj
                0x0000000008003cb8                HAL_RTCEx_EnableBypassShadow
 .text.HAL_SPI_Init
                0x0000000008003d20       0xd4 CMakeFiles/stm32l073rztx_cmake.elf.dir/Drivers/STM32L0xx_HAL_Driver/Src/stm32l0xx_hal_spi.c.obj
                0x0000000008003d20                HAL_SPI_Init
 .text.HAL_SPI_DeInit
                0x0000000008003df4       0x52 CMakeFiles/stm32l073rztx_cmake.elf.dir/Drivers/STM32L0xx_HAL_Driver/Src/stm32l0xx_hal_spi.c.obj
                0x0000000008003df4                HAL_SPI_DeInit
 .text.HAL_SPI_MspInit
                0x0000000008003e46       0x10 CMakeFiles/stm32l073rztx_cmake.elf.dir/Drivers/STM32L0xx_HAL_Driver/Src/stm32l0xx_hal_spi.c.obj
                0x0000000008003e46                HAL_SPI_MspInit
 .text.HAL_SPI_MspDeInit
                0x0000000008003e56       0x10 CMakeFiles/stm32l073rztx_cmake.elf.dir/Drivers/STM32L0xx_HAL_Driver/Src/stm32l0xx_hal_spi.c.obj
                0x0000000008003e56                HAL_SPI_MspDeInit
 *fill*         0x0000000008003e66        0x2 
 .text.HAL_UART_Init
                0x0000000008003e68       0xa8 CMakeFiles/stm32l073rztx_cmake.elf.dir/Drivers/STM32L0xx_HAL_Driver/Src/stm32l0xx_hal_uart.c.obj
                0x0000000008003e68                HAL_UART_Init
 .text.UART_SetConfig
                0x0000000008003f10      0x66c CMakeFiles/stm32l073rztx_cmake.elf.dir/Drivers/STM32L0xx_HAL_Driver/Src/stm32l0xx_hal_uart.c.obj
                0x0000000008003f10                UART_SetConfig
 .text.UART_AdvFeatureConfig
                0x000000000800457c      0x168 CMakeFiles/stm32l073rztx_cmake.elf.dir/Drivers/STM32L0xx_HAL_Driver/Src/stm32l0xx_hal_uart.c.obj
                0x000000000800457c                UART_AdvFeatureConfig
 .text.UART_CheckIdleState
                0x00000000080046e4       0x88 CMakeFiles/stm32l073rztx_cmake.elf.dir/Drivers/STM32L0xx_HAL_Driver/Src/stm32l0xx_hal_uart.c.obj
                0x00000000080046e4                UART_CheckIdleState
 .text.UART_WaitOnFlagUntilTimeout
                0x000000000800476c       0x94 CMakeFiles/stm32l073rztx_cmake.elf.dir/Drivers/STM32L0xx_HAL_Driver/Src/stm32l0xx_hal_uart.c.obj
                0x000000000800476c                UART_WaitOnFlagUntilTimeout
 .text.BoardCriticalSectionBegin
                0x0000000008004800       0x20 CMakeFiles/stm32l073rztx_cmake.elf.dir/Middlewares/LoRaMac-node/boards/S76G-lilygo-tmotion/board.c.obj
                0x0000000008004800                BoardCriticalSectionBegin
 .text.BoardCriticalSectionEnd
                0x0000000008004820       0x1e CMakeFiles/stm32l073rztx_cmake.elf.dir/Middlewares/LoRaMac-node/boards/S76G-lilygo-tmotion/board.c.obj
                0x0000000008004820                BoardCriticalSectionEnd
 *fill*         0x000000000800483e        0x2 
 .text.BoardInitMcu
                0x0000000008004840       0x7c CMakeFiles/stm32l073rztx_cmake.elf.dir/Middlewares/LoRaMac-node/boards/S76G-lilygo-tmotion/board.c.obj
                0x0000000008004840                BoardInitMcu
 .text.BoardDeInitMcu
                0x00000000080048bc       0x1c CMakeFiles/stm32l073rztx_cmake.elf.dir/Middlewares/LoRaMac-node/boards/S76G-lilygo-tmotion/board.c.obj
                0x00000000080048bc                BoardDeInitMcu
 .text.SystemClockConfig
                0x00000000080048d8      0x104 CMakeFiles/stm32l073rztx_cmake.elf.dir/Middlewares/LoRaMac-node/boards/S76G-lilygo-tmotion/board.c.obj
 .text.BoardLowPowerHandler
                0x00000000080049dc       0x16 CMakeFiles/stm32l073rztx_cmake.elf.dir/Middlewares/LoRaMac-node/boards/S76G-lilygo-tmotion/board.c.obj
                0x00000000080049dc                BoardLowPowerHandler
 .text.DelayMsMcu
                0x00000000080049f2       0x18 CMakeFiles/stm32l073rztx_cmake.elf.dir/Middlewares/LoRaMac-node/boards/S76G-lilygo-tmotion/delay-board.c.obj
                0x00000000080049f2                DelayMsMcu
 *fill*         0x0000000008004a0a        0x2 
 .text.GpioMcuInit
                0x0000000008004a0c      0x1e4 CMakeFiles/stm32l073rztx_cmake.elf.dir/Middlewares/LoRaMac-node/boards/S76G-lilygo-tmotion/gpio-board.c.obj
                0x0000000008004a0c                GpioMcuInit
 .text.GpioMcuSetInterrupt
                0x0000000008004bf0      0x1ec CMakeFiles/stm32l073rztx_cmake.elf.dir/Middlewares/LoRaMac-node/boards/S76G-lilygo-tmotion/gpio-board.c.obj
                0x0000000008004bf0                GpioMcuSetInterrupt
 .text.GpioMcuWrite
                0x0000000008004ddc       0x3a CMakeFiles/stm32l073rztx_cmake.elf.dir/Middlewares/LoRaMac-node/boards/S76G-lilygo-tmotion/gpio-board.c.obj
                0x0000000008004ddc                GpioMcuWrite
 .text.GpioMcuRead
                0x0000000008004e16       0x3e CMakeFiles/stm32l073rztx_cmake.elf.dir/Middlewares/LoRaMac-node/boards/S76G-lilygo-tmotion/gpio-board.c.obj
                0x0000000008004e16                GpioMcuRead
 .text.EXTI0_1_IRQHandler
                0x0000000008004e54       0x16 CMakeFiles/stm32l073rztx_cmake.elf.dir/Middlewares/LoRaMac-node/boards/S76G-lilygo-tmotion/gpio-board.c.obj
                0x0000000008004e54                EXTI0_1_IRQHandler
 .text.EXTI2_3_IRQHandler
                0x0000000008004e6a       0x16 CMakeFiles/stm32l073rztx_cmake.elf.dir/Middlewares/LoRaMac-node/boards/S76G-lilygo-tmotion/gpio-board.c.obj
                0x0000000008004e6a                EXTI2_3_IRQHandler
 .text.EXTI4_15_IRQHandler
                0x0000000008004e80       0x72 CMakeFiles/stm32l073rztx_cmake.elf.dir/Middlewares/LoRaMac-node/boards/S76G-lilygo-tmotion/gpio-board.c.obj
                0x0000000008004e80                EXTI4_15_IRQHandler
 *fill*         0x0000000008004ef2        0x2 
 .text.HAL_GPIO_EXTI_Callback
                0x0000000008004ef4       0x84 CMakeFiles/stm32l073rztx_cmake.elf.dir/Middlewares/LoRaMac-node/boards/S76G-lilygo-tmotion/gpio-board.c.obj
                0x0000000008004ef4                HAL_GPIO_EXTI_Callback
 .text.LpmSetStopMode
                0x0000000008004f78       0x64 CMakeFiles/stm32l073rztx_cmake.elf.dir/Middlewares/LoRaMac-node/boards/S76G-lilygo-tmotion/lpm-board.c.obj
                0x0000000008004f78                LpmSetStopMode
 .text.LpmEnterLowPower
                0x0000000008004fdc       0x40 CMakeFiles/stm32l073rztx_cmake.elf.dir/Middlewares/LoRaMac-node/boards/S76G-lilygo-tmotion/lpm-board.c.obj
                0x0000000008004fdc                LpmEnterLowPower
 .text.LpmGetMode
                0x000000000800501c       0x50 CMakeFiles/stm32l073rztx_cmake.elf.dir/Middlewares/LoRaMac-node/boards/S76G-lilygo-tmotion/lpm-board.c.obj
                0x000000000800501c                LpmGetMode
 .text.LpmEnterSleepMode
                0x000000000800506c       0x12 CMakeFiles/stm32l073rztx_cmake.elf.dir/Middlewares/LoRaMac-node/boards/S76G-lilygo-tmotion/lpm-board.c.obj
                0x000000000800506c                LpmEnterSleepMode
 .text.LpmExitSleepMode
                0x000000000800507e        0xa CMakeFiles/stm32l073rztx_cmake.elf.dir/Middlewares/LoRaMac-node/boards/S76G-lilygo-tmotion/lpm-board.c.obj
                0x000000000800507e                LpmExitSleepMode
 .text.LpmExitStopMode
                0x0000000008005088       0x22 CMakeFiles/stm32l073rztx_cmake.elf.dir/Middlewares/LoRaMac-node/boards/S76G-lilygo-tmotion/lpm-board.c.obj
                0x0000000008005088                LpmExitStopMode
 *fill*         0x00000000080050aa        0x2 
 .text.LpmEnterStopMode
                0x00000000080050ac       0x48 CMakeFiles/stm32l073rztx_cmake.elf.dir/Middlewares/LoRaMac-node/boards/S76G-lilygo-tmotion/lpm-board.c.obj
                0x00000000080050ac                LpmEnterStopMode
 .text.LpmEnterOffMode
                0x00000000080050f4        0xa CMakeFiles/stm32l073rztx_cmake.elf.dir/Middlewares/LoRaMac-node/boards/S76G-lilygo-tmotion/lpm-board.c.obj
                0x00000000080050f4                LpmEnterOffMode
 .text.LpmExitOffMode
                0x00000000080050fe        0xa CMakeFiles/stm32l073rztx_cmake.elf.dir/Middlewares/LoRaMac-node/boards/S76G-lilygo-tmotion/lpm-board.c.obj
                0x00000000080050fe                LpmExitOffMode
 .text.RtcInit  0x0000000008005108       0xfc CMakeFiles/stm32l073rztx_cmake.elf.dir/Middlewares/LoRaMac-node/boards/S76G-lilygo-tmotion/rtc-board.c.obj
                0x0000000008005108                RtcInit
 .text.RtcSetTimerContext
                0x0000000008005204       0x30 CMakeFiles/stm32l073rztx_cmake.elf.dir/Middlewares/LoRaMac-node/boards/S76G-lilygo-tmotion/rtc-board.c.obj
                0x0000000008005204                RtcSetTimerContext
 .text.RtcGetTimerContext
                0x0000000008005234       0x14 CMakeFiles/stm32l073rztx_cmake.elf.dir/Middlewares/LoRaMac-node/boards/S76G-lilygo-tmotion/rtc-board.c.obj
                0x0000000008005234                RtcGetTimerContext
 .text.RtcGetMinimumTimeout
                0x0000000008005248        0xc CMakeFiles/stm32l073rztx_cmake.elf.dir/Middlewares/LoRaMac-node/boards/S76G-lilygo-tmotion/rtc-board.c.obj
                0x0000000008005248                RtcGetMinimumTimeout
 .text.RtcMs2Tick
                0x0000000008005254       0x32 CMakeFiles/stm32l073rztx_cmake.elf.dir/Middlewares/LoRaMac-node/boards/S76G-lilygo-tmotion/rtc-board.c.obj
                0x0000000008005254                RtcMs2Tick
 .text.RtcTick2Ms
                0x0000000008005286       0x40 CMakeFiles/stm32l073rztx_cmake.elf.dir/Middlewares/LoRaMac-node/boards/S76G-lilygo-tmotion/rtc-board.c.obj
                0x0000000008005286                RtcTick2Ms
 *fill*         0x00000000080052c6        0x2 
 .text.RtcSetAlarm
                0x00000000080052c8       0x7c CMakeFiles/stm32l073rztx_cmake.elf.dir/Middlewares/LoRaMac-node/boards/S76G-lilygo-tmotion/rtc-board.c.obj
                0x00000000080052c8                RtcSetAlarm
 .text.RtcStopAlarm
                0x0000000008005344       0x40 CMakeFiles/stm32l073rztx_cmake.elf.dir/Middlewares/LoRaMac-node/boards/S76G-lilygo-tmotion/rtc-board.c.obj
                0x0000000008005344                RtcStopAlarm
 .text.RtcStartAlarm
                0x0000000008005384      0x2cc CMakeFiles/stm32l073rztx_cmake.elf.dir/Middlewares/LoRaMac-node/boards/S76G-lilygo-tmotion/rtc-board.c.obj
                0x0000000008005384                RtcStartAlarm
 .text.RtcGetTimerValue
                0x0000000008005650       0x26 CMakeFiles/stm32l073rztx_cmake.elf.dir/Middlewares/LoRaMac-node/boards/S76G-lilygo-tmotion/rtc-board.c.obj
                0x0000000008005650                RtcGetTimerValue
 *fill*         0x0000000008005676        0x2 
 .text.RtcGetTimerElapsedTime
                0x0000000008005678       0x30 CMakeFiles/stm32l073rztx_cmake.elf.dir/Middlewares/LoRaMac-node/boards/S76G-lilygo-tmotion/rtc-board.c.obj
                0x0000000008005678                RtcGetTimerElapsedTime
 .text.RtcGetCalendarValue
                0x00000000080056a8      0x140 CMakeFiles/stm32l073rztx_cmake.elf.dir/Middlewares/LoRaMac-node/boards/S76G-lilygo-tmotion/rtc-board.c.obj
 .text.RTC_IRQHandler
                0x00000000080057e8       0x68 CMakeFiles/stm32l073rztx_cmake.elf.dir/Middlewares/LoRaMac-node/boards/S76G-lilygo-tmotion/rtc-board.c.obj
                0x00000000080057e8                RTC_IRQHandler
 .text.HAL_RTC_AlarmAEventCallback
                0x0000000008005850       0x14 CMakeFiles/stm32l073rztx_cmake.elf.dir/Middlewares/LoRaMac-node/boards/S76G-lilygo-tmotion/rtc-board.c.obj
                0x0000000008005850                HAL_RTC_AlarmAEventCallback
 .text.SpiInit  0x0000000008005864      0x21c CMakeFiles/stm32l073rztx_cmake.elf.dir/Middlewares/LoRaMac-node/boards/S76G-lilygo-tmotion/spi-board.c.obj
                0x0000000008005864                SpiInit
 .text.SpiDeInit
                0x0000000008005a80       0x98 CMakeFiles/stm32l073rztx_cmake.elf.dir/Middlewares/LoRaMac-node/boards/S76G-lilygo-tmotion/spi-board.c.obj
                0x0000000008005a80                SpiDeInit
 .text.SpiFormat
                0x0000000008005b18      0x130 CMakeFiles/stm32l073rztx_cmake.elf.dir/Middlewares/LoRaMac-node/boards/S76G-lilygo-tmotion/spi-board.c.obj
                0x0000000008005b18                SpiFormat
 .text.SpiFrequency
                0x0000000008005c48       0x88 CMakeFiles/stm32l073rztx_cmake.elf.dir/Middlewares/LoRaMac-node/boards/S76G-lilygo-tmotion/spi-board.c.obj
                0x0000000008005c48                SpiFrequency
 .text.SpiInOut
                0x0000000008005cd0       0xc4 CMakeFiles/stm32l073rztx_cmake.elf.dir/Middlewares/LoRaMac-node/boards/S76G-lilygo-tmotion/spi-board.c.obj
                0x0000000008005cd0                SpiInOut
 .text.SX1276IoInit
                0x0000000008005d94       0xb4 CMakeFiles/stm32l073rztx_cmake.elf.dir/Middlewares/LoRaMac-node/boards/S76G-lilygo-tmotion/sx1276-board.c.obj
                0x0000000008005d94                SX1276IoInit
 .text.SX1276IoIrqInit
                0x0000000008005e48       0x88 CMakeFiles/stm32l073rztx_cmake.elf.dir/Middlewares/LoRaMac-node/boards/S76G-lilygo-tmotion/sx1276-board.c.obj
                0x0000000008005e48                SX1276IoIrqInit
 .text.SX1276IoDeInit
                0x0000000008005ed0       0xb4 CMakeFiles/stm32l073rztx_cmake.elf.dir/Middlewares/LoRaMac-node/boards/S76G-lilygo-tmotion/sx1276-board.c.obj
                0x0000000008005ed0                SX1276IoDeInit
 .text.SX1276SetRfTxPower
                0x0000000008005f84      0x1a0 CMakeFiles/stm32l073rztx_cmake.elf.dir/Middlewares/LoRaMac-node/boards/S76G-lilygo-tmotion/sx1276-board.c.obj
                0x0000000008005f84                SX1276SetRfTxPower
 .text.SX1276GetPaSelect
                0x0000000008006124       0x12 CMakeFiles/stm32l073rztx_cmake.elf.dir/Middlewares/LoRaMac-node/boards/S76G-lilygo-tmotion/sx1276-board.c.obj
                0x0000000008006124                SX1276GetPaSelect
 *fill*         0x0000000008006136        0x2 
 .text.SX1276SetAntSwLowPower
                0x0000000008006138       0x44 CMakeFiles/stm32l073rztx_cmake.elf.dir/Middlewares/LoRaMac-node/boards/S76G-lilygo-tmotion/sx1276-board.c.obj
                0x0000000008006138                SX1276SetAntSwLowPower
 .text.SX1276AntSwInit
                0x000000000800617c       0x30 CMakeFiles/stm32l073rztx_cmake.elf.dir/Middlewares/LoRaMac-node/boards/S76G-lilygo-tmotion/sx1276-board.c.obj
                0x000000000800617c                SX1276AntSwInit
 .text.SX1276AntSwDeInit
                0x00000000080061ac       0x24 CMakeFiles/stm32l073rztx_cmake.elf.dir/Middlewares/LoRaMac-node/boards/S76G-lilygo-tmotion/sx1276-board.c.obj
                0x00000000080061ac                SX1276AntSwDeInit
 .text.SX1276SetAntSw
                0x00000000080061d0       0x50 CMakeFiles/stm32l073rztx_cmake.elf.dir/Middlewares/LoRaMac-node/boards/S76G-lilygo-tmotion/sx1276-board.c.obj
                0x00000000080061d0                SX1276SetAntSw
 .text.SX1276CheckRfFrequency
                0x0000000008006220       0x12 CMakeFiles/stm32l073rztx_cmake.elf.dir/Middlewares/LoRaMac-node/boards/S76G-lilygo-tmotion/sx1276-board.c.obj
                0x0000000008006220                SX1276CheckRfFrequency
 *fill*         0x0000000008006232        0x2 
 .text.SX1276SetBoardTcxo
                0x0000000008006234       0xf0 CMakeFiles/stm32l073rztx_cmake.elf.dir/Middlewares/LoRaMac-node/boards/S76G-lilygo-tmotion/sx1276-board.c.obj
                0x0000000008006234                SX1276SetBoardTcxo
 .text.SX1276Reset
                0x0000000008006324       0x44 CMakeFiles/stm32l073rztx_cmake.elf.dir/Middlewares/LoRaMac-node/boards/S76G-lilygo-tmotion/sx1276-board.c.obj
                0x0000000008006324                SX1276Reset
 .text.memcpy1  0x0000000008006368       0x38 CMakeFiles/stm32l073rztx_cmake.elf.dir/Middlewares/LoRaMac-node/boards/S76G-lilygo-tmotion/utilities.c.obj
                0x0000000008006368                memcpy1
 .text.SX1276Init
                0x00000000080063a0       0xe0 CMakeFiles/stm32l073rztx_cmake.elf.dir/Middlewares/LoRaMac-node/radio/sx1276/sx1276.c.obj
                0x00000000080063a0                SX1276Init
 .text.SX1276GetStatus
                0x0000000008006480       0x14 CMakeFiles/stm32l073rztx_cmake.elf.dir/Middlewares/LoRaMac-node/radio/sx1276/sx1276.c.obj
                0x0000000008006480                SX1276GetStatus
 .text.SX1276SetChannel
                0x0000000008006494       0x68 CMakeFiles/stm32l073rztx_cmake.elf.dir/Middlewares/LoRaMac-node/radio/sx1276/sx1276.c.obj
                0x0000000008006494                SX1276SetChannel
 .text.SX1276IsChannelFree
                0x00000000080064fc       0xae CMakeFiles/stm32l073rztx_cmake.elf.dir/Middlewares/LoRaMac-node/radio/sx1276/sx1276.c.obj
                0x00000000080064fc                SX1276IsChannelFree
 .text.SX1276Random
                0x00000000080065aa       0x68 CMakeFiles/stm32l073rztx_cmake.elf.dir/Middlewares/LoRaMac-node/radio/sx1276/sx1276.c.obj
                0x00000000080065aa                SX1276Random
 *fill*         0x0000000008006612        0x2 
 .text.RxChainCalibration
                0x0000000008006614       0xdc CMakeFiles/stm32l073rztx_cmake.elf.dir/Middlewares/LoRaMac-node/radio/sx1276/sx1276.c.obj
 .text.GetFskBandwidthRegValue
                0x00000000080066f0       0x6c CMakeFiles/stm32l073rztx_cmake.elf.dir/Middlewares/LoRaMac-node/radio/sx1276/sx1276.c.obj
 .text.SX1276SetRxConfig
                0x000000000800675c      0x530 CMakeFiles/stm32l073rztx_cmake.elf.dir/Middlewares/LoRaMac-node/radio/sx1276/sx1276.c.obj
                0x000000000800675c                SX1276SetRxConfig
 .text.SX1276SetTxConfig
                0x0000000008006c8c      0x468 CMakeFiles/stm32l073rztx_cmake.elf.dir/Middlewares/LoRaMac-node/radio/sx1276/sx1276.c.obj
                0x0000000008006c8c                SX1276SetTxConfig
 .text.SX1276GetLoRaBandwidthInHz
                0x00000000080070f4       0x50 CMakeFiles/stm32l073rztx_cmake.elf.dir/Middlewares/LoRaMac-node/radio/sx1276/sx1276.c.obj
 .text.SX1276GetGfskTimeOnAirNumerator
                0x0000000008007144       0x72 CMakeFiles/stm32l073rztx_cmake.elf.dir/Middlewares/LoRaMac-node/radio/sx1276/sx1276.c.obj
 .text.SX1276GetLoRaTimeOnAirNumerator
                0x00000000080071b6      0x118 CMakeFiles/stm32l073rztx_cmake.elf.dir/Middlewares/LoRaMac-node/radio/sx1276/sx1276.c.obj
 .text.SX1276GetTimeOnAir
                0x00000000080072ce       0xd8 CMakeFiles/stm32l073rztx_cmake.elf.dir/Middlewares/LoRaMac-node/radio/sx1276/sx1276.c.obj
                0x00000000080072ce                SX1276GetTimeOnAir
 *fill*         0x00000000080073a6        0x2 
 .text.SX1276Send
                0x00000000080073a8      0x1a4 CMakeFiles/stm32l073rztx_cmake.elf.dir/Middlewares/LoRaMac-node/radio/sx1276/sx1276.c.obj
                0x00000000080073a8                SX1276Send
 .text.SX1276SetSleep
                0x000000000800754c       0x48 CMakeFiles/stm32l073rztx_cmake.elf.dir/Middlewares/LoRaMac-node/radio/sx1276/sx1276.c.obj
                0x000000000800754c                SX1276SetSleep
 .text.SX1276SetStby
                0x0000000008007594       0x40 CMakeFiles/stm32l073rztx_cmake.elf.dir/Middlewares/LoRaMac-node/radio/sx1276/sx1276.c.obj
                0x0000000008007594                SX1276SetStby
 .text.SX1276SetRx
                0x00000000080075d4      0x360 CMakeFiles/stm32l073rztx_cmake.elf.dir/Middlewares/LoRaMac-node/radio/sx1276/sx1276.c.obj
                0x00000000080075d4                SX1276SetRx
 .text.SX1276SetTx
                0x0000000008007934      0x108 CMakeFiles/stm32l073rztx_cmake.elf.dir/Middlewares/LoRaMac-node/radio/sx1276/sx1276.c.obj
                0x0000000008007934                SX1276SetTx
 .text.SX1276StartCad
                0x0000000008007a3c       0x54 CMakeFiles/stm32l073rztx_cmake.elf.dir/Middlewares/LoRaMac-node/radio/sx1276/sx1276.c.obj
                0x0000000008007a3c                SX1276StartCad
 .text.SX1276SetTxContinuousWave
                0x0000000008007a90       0xc4 CMakeFiles/stm32l073rztx_cmake.elf.dir/Middlewares/LoRaMac-node/radio/sx1276/sx1276.c.obj
                0x0000000008007a90                SX1276SetTxContinuousWave
 .text.SX1276ReadRssi
                0x0000000008007b54       0x98 CMakeFiles/stm32l073rztx_cmake.elf.dir/Middlewares/LoRaMac-node/radio/sx1276/sx1276.c.obj
                0x0000000008007b54                SX1276ReadRssi
 .text.SX1276SetOpMode
                0x0000000008007bec       0x5e CMakeFiles/stm32l073rztx_cmake.elf.dir/Middlewares/LoRaMac-node/radio/sx1276/sx1276.c.obj
                0x0000000008007bec                SX1276SetOpMode
 *fill*         0x0000000008007c4a        0x2 
 .text.SX1276SetModem
                0x0000000008007c4c       0xbc CMakeFiles/stm32l073rztx_cmake.elf.dir/Middlewares/LoRaMac-node/radio/sx1276/sx1276.c.obj
                0x0000000008007c4c                SX1276SetModem
 .text.SX1276Write
                0x0000000008007d08       0x22 CMakeFiles/stm32l073rztx_cmake.elf.dir/Middlewares/LoRaMac-node/radio/sx1276/sx1276.c.obj
                0x0000000008007d08                SX1276Write
 .text.SX1276Read
                0x0000000008007d2a       0x22 CMakeFiles/stm32l073rztx_cmake.elf.dir/Middlewares/LoRaMac-node/radio/sx1276/sx1276.c.obj
                0x0000000008007d2a                SX1276Read
 .text.SX1276WriteBuffer
                0x0000000008007d4c       0x80 CMakeFiles/stm32l073rztx_cmake.elf.dir/Middlewares/LoRaMac-node/radio/sx1276/sx1276.c.obj
                0x0000000008007d4c                SX1276WriteBuffer
 .text.SX1276ReadBuffer
                0x0000000008007dcc       0x84 CMakeFiles/stm32l073rztx_cmake.elf.dir/Middlewares/LoRaMac-node/radio/sx1276/sx1276.c.obj
                0x0000000008007dcc                SX1276ReadBuffer
 .text.SX1276WriteFifo
                0x0000000008007e50       0x24 CMakeFiles/stm32l073rztx_cmake.elf.dir/Middlewares/LoRaMac-node/radio/sx1276/sx1276.c.obj
                0x0000000008007e50                SX1276WriteFifo
 .text.SX1276ReadFifo
                0x0000000008007e74       0x24 CMakeFiles/stm32l073rztx_cmake.elf.dir/Middlewares/LoRaMac-node/radio/sx1276/sx1276.c.obj
                0x0000000008007e74                SX1276ReadFifo
 .text.SX1276SetMaxPayloadLength
                0x0000000008007e98       0x64 CMakeFiles/stm32l073rztx_cmake.elf.dir/Middlewares/LoRaMac-node/radio/sx1276/sx1276.c.obj
                0x0000000008007e98                SX1276SetMaxPayloadLength
 .text.SX1276SetPublicNetwork
                0x0000000008007efc       0x44 CMakeFiles/stm32l073rztx_cmake.elf.dir/Middlewares/LoRaMac-node/radio/sx1276/sx1276.c.obj
                0x0000000008007efc                SX1276SetPublicNetwork
 .text.SX1276OnTimeoutIrq
                0x0000000008007f40      0x170 CMakeFiles/stm32l073rztx_cmake.elf.dir/Middlewares/LoRaMac-node/radio/sx1276/sx1276.c.obj
                0x0000000008007f40                SX1276OnTimeoutIrq
 .text.SX1276OnDio0Irq
                0x00000000080080b0      0x4dc CMakeFiles/stm32l073rztx_cmake.elf.dir/Middlewares/LoRaMac-node/radio/sx1276/sx1276.c.obj
                0x00000000080080b0                SX1276OnDio0Irq
 .text.SX1276OnDio1Irq
                0x000000000800858c      0x21c CMakeFiles/stm32l073rztx_cmake.elf.dir/Middlewares/LoRaMac-node/radio/sx1276/sx1276.c.obj
                0x000000000800858c                SX1276OnDio1Irq
 .text.SX1276OnDio2Irq
                0x00000000080087a8      0x1a8 CMakeFiles/stm32l073rztx_cmake.elf.dir/Middlewares/LoRaMac-node/radio/sx1276/sx1276.c.obj
                0x00000000080087a8                SX1276OnDio2Irq
 .text.SX1276OnDio3Irq
                0x0000000008008950       0x8c CMakeFiles/stm32l073rztx_cmake.elf.dir/Middlewares/LoRaMac-node/radio/sx1276/sx1276.c.obj
                0x0000000008008950                SX1276OnDio3Irq
 .text.SX1276OnDio4Irq
                0x00000000080089dc       0x44 CMakeFiles/stm32l073rztx_cmake.elf.dir/Middlewares/LoRaMac-node/radio/sx1276/sx1276.c.obj
                0x00000000080089dc                SX1276OnDio4Irq
 .text.DelayMs  0x0000000008008a20       0x18 CMakeFiles/stm32l073rztx_cmake.elf.dir/Middlewares/LoRaMac-node/system/delay.c.obj
                0x0000000008008a20                DelayMs
 .text.GpioInit
                0x0000000008008a38       0x4a CMakeFiles/stm32l073rztx_cmake.elf.dir/Middlewares/LoRaMac-node/system/gpio.c.obj
                0x0000000008008a38                GpioInit
 .text.GpioSetInterrupt
                0x0000000008008a82       0x38 CMakeFiles/stm32l073rztx_cmake.elf.dir/Middlewares/LoRaMac-node/system/gpio.c.obj
                0x0000000008008a82                GpioSetInterrupt
 .text.GpioWrite
                0x0000000008008aba       0x1e CMakeFiles/stm32l073rztx_cmake.elf.dir/Middlewares/LoRaMac-node/system/gpio.c.obj
                0x0000000008008aba                GpioWrite
 .text.GpioRead
                0x0000000008008ad8       0x1a CMakeFiles/stm32l073rztx_cmake.elf.dir/Middlewares/LoRaMac-node/system/gpio.c.obj
                0x0000000008008ad8                GpioRead
 .text.TimerInit
                0x0000000008008af2       0x3c CMakeFiles/stm32l073rztx_cmake.elf.dir/Middlewares/LoRaMac-node/system/timer.c.obj
                0x0000000008008af2                TimerInit
 *fill*         0x0000000008008b2e        0x2 
 .text.TimerStart
                0x0000000008008b30       0xa8 CMakeFiles/stm32l073rztx_cmake.elf.dir/Middlewares/LoRaMac-node/system/timer.c.obj
                0x0000000008008b30                TimerStart
 .text.TimerInsertTimer
                0x0000000008008bd8       0x5c CMakeFiles/stm32l073rztx_cmake.elf.dir/Middlewares/LoRaMac-node/system/timer.c.obj
 .text.TimerInsertNewHeadTimer
                0x0000000008008c34       0x3c CMakeFiles/stm32l073rztx_cmake.elf.dir/Middlewares/LoRaMac-node/system/timer.c.obj
 .text.TimerIrqHandler
                0x0000000008008c70      0x108 CMakeFiles/stm32l073rztx_cmake.elf.dir/Middlewares/LoRaMac-node/system/timer.c.obj
                0x0000000008008c70                TimerIrqHandler
 .text.TimerStop
                0x0000000008008d78       0xf4 CMakeFiles/stm32l073rztx_cmake.elf.dir/Middlewares/LoRaMac-node/system/timer.c.obj
                0x0000000008008d78                TimerStop
 .text.TimerExists
                0x0000000008008e6c       0x38 CMakeFiles/stm32l073rztx_cmake.elf.dir/Middlewares/LoRaMac-node/system/timer.c.obj
 .text.TimerSetValue
                0x0000000008008ea4       0x4a CMakeFiles/stm32l073rztx_cmake.elf.dir/Middlewares/LoRaMac-node/system/timer.c.obj
                0x0000000008008ea4                TimerSetValue
 .text.TimerGetCurrentTime
                0x0000000008008eee       0x20 CMakeFiles/stm32l073rztx_cmake.elf.dir/Middlewares/LoRaMac-node/system/timer.c.obj
                0x0000000008008eee                TimerGetCurrentTime
 .text.TimerGetElapsedTime
                0x0000000008008f0e       0x3c CMakeFiles/stm32l073rztx_cmake.elf.dir/Middlewares/LoRaMac-node/system/timer.c.obj
                0x0000000008008f0e                TimerGetElapsedTime
 .text.TimerSetTimeout
                0x0000000008008f4a       0x48 CMakeFiles/stm32l073rztx_cmake.elf.dir/Middlewares/LoRaMac-node/system/timer.c.obj
 *fill*         0x0000000008008f92        0x2 
 .text.main     0x0000000008008f94      0x28c CMakeFiles/stm32l073rztx_cmake.elf.dir/Src/main.c.obj
                0x0000000008008f94                main
 .text.MX_USART1_UART_Init
                0x0000000008009220       0x60 CMakeFiles/stm32l073rztx_cmake.elf.dir/Src/main.c.obj
 .text.MX_GPIO_Init
                0x0000000008009280      0x1a8 CMakeFiles/stm32l073rztx_cmake.elf.dir/Src/main.c.obj
 .text.Radio_Init
                0x0000000008009428       0xe4 CMakeFiles/stm32l073rztx_cmake.elf.dir/Src/main.c.obj
 .text.OnTxDone
                0x000000000800950c       0x20 CMakeFiles/stm32l073rztx_cmake.elf.dir/Src/main.c.obj
                0x000000000800950c                OnTxDone
 .text.OnRxDone
                0x000000000800952c       0x7c CMakeFiles/stm32l073rztx_cmake.elf.dir/Src/main.c.obj
                0x000000000800952c                OnRxDone
 .text.OnTxTimeout
                0x00000000080095a8       0x20 CMakeFiles/stm32l073rztx_cmake.elf.dir/Src/main.c.obj
                0x00000000080095a8                OnTxTimeout
 .text.OnRxTimeout
                0x00000000080095c8       0x20 CMakeFiles/stm32l073rztx_cmake.elf.dir/Src/main.c.obj
                0x00000000080095c8                OnRxTimeout
 .text.OnRxError
                0x00000000080095e8       0x20 CMakeFiles/stm32l073rztx_cmake.elf.dir/Src/main.c.obj
                0x00000000080095e8                OnRxError
 .text.Error_Handler
                0x0000000008009608        0x6 CMakeFiles/stm32l073rztx_cmake.elf.dir/Src/main.c.obj
                0x0000000008009608                Error_Handler
 *fill*         0x000000000800960e        0x2 
 .text.HAL_MspInit
                0x0000000008009610       0x28 CMakeFiles/stm32l073rztx_cmake.elf.dir/Src/stm32l0xx_hal_msp.c.obj
                0x0000000008009610                HAL_MspInit
 .text.HAL_UART_MspInit
                0x0000000008009638       0x88 CMakeFiles/stm32l073rztx_cmake.elf.dir/Src/stm32l0xx_hal_msp.c.obj
                0x0000000008009638                HAL_UART_MspInit
 .text.NMI_Handler
                0x00000000080096c0        0xa CMakeFiles/stm32l073rztx_cmake.elf.dir/Src/stm32l0xx_it.c.obj
                0x00000000080096c0                NMI_Handler
 .text.HardFault_Handler
                0x00000000080096ca        0x6 CMakeFiles/stm32l073rztx_cmake.elf.dir/Src/stm32l0xx_it.c.obj
                0x00000000080096ca                HardFault_Handler
 .text.SVC_Handler
                0x00000000080096d0        0xa CMakeFiles/stm32l073rztx_cmake.elf.dir/Src/stm32l0xx_it.c.obj
                0x00000000080096d0                SVC_Handler
 .text.PendSV_Handler
                0x00000000080096da        0xa CMakeFiles/stm32l073rztx_cmake.elf.dir/Src/stm32l0xx_it.c.obj
                0x00000000080096da                PendSV_Handler
 .text.SysTick_Handler
                0x00000000080096e4       0x12 CMakeFiles/stm32l073rztx_cmake.elf.dir/Src/stm32l0xx_it.c.obj
                0x00000000080096e4                SysTick_Handler
 *fill*         0x00000000080096f6        0x2 
 .text.SystemInit
                0x00000000080096f8       0x7c CMakeFiles/stm32l073rztx_cmake.elf.dir/Src/system_stm32l0xx.c.obj
                0x00000000080096f8                SystemInit
 .text.Reset_Handler
                0x0000000008009774       0x50 CMakeFiles/stm32l073rztx_cmake.elf.dir/startup/startup_stm32l073xx.s.obj
                0x0000000008009774                Reset_Handler
 .text.Default_Handler
                0x00000000080097c4        0x2 CMakeFiles/stm32l073rztx_cmake.elf.dir/startup/startup_stm32l073xx.s.obj
                0x00000000080097c4                LPTIM1_IRQHandler
                0x00000000080097c4                ADC1_COMP_IRQHandler
                0x00000000080097c4                PVD_IRQHandler
                0x00000000080097c4                I2C1_IRQHandler
                0x00000000080097c4                RCC_CRS_IRQHandler
                0x00000000080097c4                SPI1_IRQHandler
                0x00000000080097c4                TIM6_DAC_IRQHandler
                0x00000000080097c4                I2C2_IRQHandler
                0x00000000080097c4                LCD_IRQHandler
                0x00000000080097c4                DMA1_Channel4_5_6_7_IRQHandler
                0x00000000080097c4                TIM3_IRQHandler
                0x00000000080097c4                DMA1_Channel1_IRQHandler
                0x00000000080097c4                USART4_5_IRQHandler
                0x00000000080097c4                Default_Handler
                0x00000000080097c4                TIM22_IRQHandler
                0x00000000080097c4                TIM7_IRQHandler
                0x00000000080097c4                USB_IRQHandler
                0x00000000080097c4                I2C3_IRQHandler
                0x00000000080097c4                SPI2_IRQHandler
                0x00000000080097c4                TIM21_IRQHandler
                0x00000000080097c4                WWDG_IRQHandler
                0x00000000080097c4                TIM2_IRQHandler
                0x00000000080097c4                DMA1_Channel2_3_IRQHandler
                0x00000000080097c4                USART2_IRQHandler
                0x00000000080097c4                FLASH_IRQHandler
                0x00000000080097c4                USART1_IRQHandler
                0x00000000080097c4                RNG_LPUART1_IRQHandler
                0x00000000080097c4                TSC_IRQHandler
 *fill*         0x00000000080097c6        0x2 
 .text.__libc_init_array
                0x00000000080097c8       0x48 /usr/local/Caskroom/gcc-arm-embedded/9-2019-q4-major/gcc-arm-none-eabi-9-2019-q4-major/bin/../lib/gcc/arm-none-eabi/9.2.1/../../../../arm-none-eabi/lib/thumb/v6-m/nofp/libg_nano.a(lib_a-init.o)
                0x00000000080097c8                __libc_init_array
 .text.memcpy   0x0000000008009810       0x12 /usr/local/Caskroom/gcc-arm-embedded/9-2019-q4-major/gcc-arm-none-eabi-9-2019-q4-major/bin/../lib/gcc/arm-none-eabi/9.2.1/../../../../arm-none-eabi/lib/thumb/v6-m/nofp/libg_nano.a(lib_a-memcpy-stub.o)
                0x0000000008009810                memcpy
 .text.memset   0x0000000008009822       0x10 /usr/local/Caskroom/gcc-arm-embedded/9-2019-q4-major/gcc-arm-none-eabi-9-2019-q4-major/bin/../lib/gcc/arm-none-eabi/9.2.1/../../../../arm-none-eabi/lib/thumb/v6-m/nofp/libg_nano.a(lib_a-memset.o)
                0x0000000008009822                memset
 .text.strncmp  0x0000000008009832       0x22 /usr/local/Caskroom/gcc-arm-embedded/9-2019-q4-major/gcc-arm-none-eabi-9-2019-q4-major/bin/../lib/gcc/arm-none-eabi/9.2.1/../../../../arm-none-eabi/lib/thumb/v6-m/nofp/libg_nano.a(lib_a-strncmp.o)
                0x0000000008009832                strncmp
 *(.glue_7)
 .glue_7        0x0000000008009854        0x0 linker stubs
 *(.glue_7t)
 .glue_7t       0x0000000008009854        0x0 linker stubs
 *(.eh_frame)
 .eh_frame      0x0000000008009854        0x0 /usr/local/Caskroom/gcc-arm-embedded/9-2019-q4-major/gcc-arm-none-eabi-9-2019-q4-major/bin/../lib/gcc/arm-none-eabi/9.2.1/thumb/v6-m/nofp/crtbegin.o
 *(.init)
 .init          0x0000000008009854        0x4 /usr/local/Caskroom/gcc-arm-embedded/9-2019-q4-major/gcc-arm-none-eabi-9-2019-q4-major/bin/../lib/gcc/arm-none-eabi/9.2.1/thumb/v6-m/nofp/crti.o
                0x0000000008009854                _init
 .init          0x0000000008009858        0x8 /usr/local/Caskroom/gcc-arm-embedded/9-2019-q4-major/gcc-arm-none-eabi-9-2019-q4-major/bin/../lib/gcc/arm-none-eabi/9.2.1/thumb/v6-m/nofp/crtn.o
 *(.fini)
 .fini          0x0000000008009860        0x4 /usr/local/Caskroom/gcc-arm-embedded/9-2019-q4-major/gcc-arm-none-eabi-9-2019-q4-major/bin/../lib/gcc/arm-none-eabi/9.2.1/thumb/v6-m/nofp/crti.o
                0x0000000008009860                _fini
 .fini          0x0000000008009864        0x8 /usr/local/Caskroom/gcc-arm-embedded/9-2019-q4-major/gcc-arm-none-eabi-9-2019-q4-major/bin/../lib/gcc/arm-none-eabi/9.2.1/thumb/v6-m/nofp/crtn.o
                0x000000000800986c                . = ALIGN (0x4)
                0x000000000800986c                _etext = .

.vfp11_veneer   0x000000000800986c        0x0
 .vfp11_veneer  0x000000000800986c        0x0 linker stubs

.v4_bx          0x000000000800986c        0x0
 .v4_bx         0x000000000800986c        0x0 linker stubs

.iplt           0x000000000800986c        0x0
 .iplt          0x000000000800986c        0x0 /usr/local/Caskroom/gcc-arm-embedded/9-2019-q4-major/gcc-arm-none-eabi-9-2019-q4-major/bin/../lib/gcc/arm-none-eabi/9.2.1/thumb/v6-m/nofp/crtbegin.o

.rodata         0x000000000800986c      0x308
                0x000000000800986c                . = ALIGN (0x4)
 *(.rodata)
 .rodata        0x000000000800986c       0x40 /usr/local/Caskroom/gcc-arm-embedded/9-2019-q4-major/gcc-arm-none-eabi-9-2019-q4-major/bin/../lib/gcc/arm-none-eabi/9.2.1/thumb/v6-m/nofp/libgcc.a(divdf3.o)
 .rodata        0x00000000080098ac       0x40 /usr/local/Caskroom/gcc-arm-embedded/9-2019-q4-major/gcc-arm-none-eabi-9-2019-q4-major/bin/../lib/gcc/arm-none-eabi/9.2.1/thumb/v6-m/nofp/libgcc.a(muldf3.o)
 *(.rodata*)
 .rodata.UART_SetConfig
                0x00000000080098ec       0x48 CMakeFiles/stm32l073rztx_cmake.elf.dir/Drivers/STM32L0xx_HAL_Driver/Src/stm32l0xx_hal_uart.c.obj
 .rodata.GpioMcuSetInterrupt
                0x0000000008009934       0x84 CMakeFiles/stm32l073rztx_cmake.elf.dir/Middlewares/LoRaMac-node/boards/S76G-lilygo-tmotion/gpio-board.c.obj
 .rodata.DaysInMonth
                0x00000000080099b8        0xc CMakeFiles/stm32l073rztx_cmake.elf.dir/Middlewares/LoRaMac-node/boards/S76G-lilygo-tmotion/rtc-board.c.obj
 .rodata.DaysInMonthLeapYear
                0x00000000080099c4        0xc CMakeFiles/stm32l073rztx_cmake.elf.dir/Middlewares/LoRaMac-node/boards/S76G-lilygo-tmotion/rtc-board.c.obj
 .rodata.Radio  0x00000000080099d0       0x6c CMakeFiles/stm32l073rztx_cmake.elf.dir/Middlewares/LoRaMac-node/boards/S76G-lilygo-tmotion/sx1276-board.c.obj
                0x00000000080099d0                Radio
 .rodata.RadioRegsInit
                0x0000000008009a3c       0x30 CMakeFiles/stm32l073rztx_cmake.elf.dir/Middlewares/LoRaMac-node/radio/sx1276/sx1276.c.obj
                0x0000000008009a3c                RadioRegsInit
 .rodata.FskBandwidths
                0x0000000008009a6c       0xb0 CMakeFiles/stm32l073rztx_cmake.elf.dir/Middlewares/LoRaMac-node/radio/sx1276/sx1276.c.obj
                0x0000000008009a6c                FskBandwidths
 .rodata.SX1276SetRx
                0x0000000008009b1c       0x24 CMakeFiles/stm32l073rztx_cmake.elf.dir/Middlewares/LoRaMac-node/radio/sx1276/sx1276.c.obj
 .rodata.PingMsg
                0x0000000008009b40        0x5 CMakeFiles/stm32l073rztx_cmake.elf.dir/Src/main.c.obj
                0x0000000008009b40                PingMsg
 *fill*         0x0000000008009b45        0x3 
 .rodata.PongMsg
                0x0000000008009b48        0x5 CMakeFiles/stm32l073rztx_cmake.elf.dir/Src/main.c.obj
                0x0000000008009b48                PongMsg
 *fill*         0x0000000008009b4d        0x3 
 .rodata.AHBPrescTable
                0x0000000008009b50       0x10 CMakeFiles/stm32l073rztx_cmake.elf.dir/Src/system_stm32l0xx.c.obj
                0x0000000008009b50                AHBPrescTable
 .rodata.APBPrescTable
                0x0000000008009b60        0x8 CMakeFiles/stm32l073rztx_cmake.elf.dir/Src/system_stm32l0xx.c.obj
                0x0000000008009b60                APBPrescTable
 .rodata.PLLMulTable
                0x0000000008009b68        0x9 CMakeFiles/stm32l073rztx_cmake.elf.dir/Src/system_stm32l0xx.c.obj
                0x0000000008009b68                PLLMulTable
                0x0000000008009b74                . = ALIGN (0x4)
 *fill*         0x0000000008009b71        0x3 

.ARM.extab
 *(.ARM.extab* .gnu.linkonce.armextab.*)

.ARM            0x0000000008009b74        0x8
                0x0000000008009b74                __exidx_start = .
 *(.ARM.exidx*)
 .ARM.exidx     0x0000000008009b74        0x8 /usr/local/Caskroom/gcc-arm-embedded/9-2019-q4-major/gcc-arm-none-eabi-9-2019-q4-major/bin/../lib/gcc/arm-none-eabi/9.2.1/thumb/v6-m/nofp/libgcc.a(_udivmoddi4.o)
                0x0000000008009b7c                __exidx_end = .

.rel.dyn        0x0000000008009b7c        0x0
 .rel.iplt      0x0000000008009b7c        0x0 /usr/local/Caskroom/gcc-arm-embedded/9-2019-q4-major/gcc-arm-none-eabi-9-2019-q4-major/bin/../lib/gcc/arm-none-eabi/9.2.1/thumb/v6-m/nofp/crtbegin.o

.preinit_array  0x0000000008009b7c        0x0
                0x0000000008009b7c                PROVIDE (__preinit_array_start = .)
 *(.preinit_array*)
                0x0000000008009b7c                PROVIDE (__preinit_array_end = .)

.init_array     0x0000000008009b7c        0x4
                0x0000000008009b7c                PROVIDE (__init_array_start = .)
 *(SORT_BY_NAME(.init_array.*))
 *(.init_array*)
 .init_array    0x0000000008009b7c        0x4 /usr/local/Caskroom/gcc-arm-embedded/9-2019-q4-major/gcc-arm-none-eabi-9-2019-q4-major/bin/../lib/gcc/arm-none-eabi/9.2.1/thumb/v6-m/nofp/crtbegin.o
                0x0000000008009b80                PROVIDE (__init_array_end = .)

.fini_array     0x0000000008009b80        0x4
                [!provide]                        PROVIDE (__fini_array_start = .)
 *(SORT_BY_NAME(.fini_array.*))
 *(.fini_array*)
 .fini_array    0x0000000008009b80        0x4 /usr/local/Caskroom/gcc-arm-embedded/9-2019-q4-major/gcc-arm-none-eabi-9-2019-q4-major/bin/../lib/gcc/arm-none-eabi/9.2.1/thumb/v6-m/nofp/crtbegin.o
                [!provide]                        PROVIDE (__fini_array_end = .)
                0x0000000008009b84                _sidata = LOADADDR (.data)

.data           0x0000000020000000       0x20 load address 0x0000000008009b84
                0x0000000020000000                . = ALIGN (0x4)
                0x0000000020000000                _sdata = .
 *(.data)
 *(.data*)
 .data.DioIrq   0x0000000020000000       0x18 CMakeFiles/stm32l073rztx_cmake.elf.dir/Middlewares/LoRaMac-node/radio/sx1276/sx1276.c.obj
                0x0000000020000000                DioIrq
 .data.BufferSize
                0x0000000020000018        0x2 CMakeFiles/stm32l073rztx_cmake.elf.dir/Src/main.c.obj
                0x0000000020000018                BufferSize
 *fill*         0x000000002000001a        0x2 
 .data.SystemCoreClock
                0x000000002000001c        0x4 CMakeFiles/stm32l073rztx_cmake.elf.dir/Src/system_stm32l0xx.c.obj
                0x000000002000001c                SystemCoreClock
                0x0000000020000020                . = ALIGN (0x4)
                0x0000000020000020                _edata = .

.igot.plt       0x0000000020000020        0x0 load address 0x0000000008009ba4
 .igot.plt      0x0000000020000020        0x0 /usr/local/Caskroom/gcc-arm-embedded/9-2019-q4-major/gcc-arm-none-eabi-9-2019-q4-major/bin/../lib/gcc/arm-none-eabi/9.2.1/thumb/v6-m/nofp/crtbegin.o
                0x0000000020000020                . = ALIGN (0x4)

.bss            0x0000000020000020      0x55c load address 0x0000000008009ba4
                0x0000000020000020                _sbss = .
                0x0000000020000020                __bss_start__ = _sbss
 *(.bss)
 .bss           0x0000000020000020       0x1c /usr/local/Caskroom/gcc-arm-embedded/9-2019-q4-major/gcc-arm-none-eabi-9-2019-q4-major/bin/../lib/gcc/arm-none-eabi/9.2.1/thumb/v6-m/nofp/crtbegin.o
 *(.bss*)
 .bss.uwTick    0x000000002000003c        0x4 CMakeFiles/stm32l073rztx_cmake.elf.dir/Drivers/STM32L0xx_HAL_Driver/Src/stm32l0xx_hal.c.obj
                0x000000002000003c                uwTick
 .bss.LevelShifter
                0x0000000020000040       0x14 CMakeFiles/stm32l073rztx_cmake.elf.dir/Middlewares/LoRaMac-node/boards/S76G-lilygo-tmotion/board.c.obj
                0x0000000020000040                LevelShifter
 .bss.McuInitialized
                0x0000000020000054        0x1 CMakeFiles/stm32l073rztx_cmake.elf.dir/Middlewares/LoRaMac-node/boards/S76G-lilygo-tmotion/board.c.obj
                0x0000000020000054                McuInitialized
 *fill*         0x0000000020000055        0x3 
 .bss.GpioIrq   0x0000000020000058       0x40 CMakeFiles/stm32l073rztx_cmake.elf.dir/Middlewares/LoRaMac-node/boards/S76G-lilygo-tmotion/gpio-board.c.obj
 .bss.StopModeDisable
                0x0000000020000098        0x4 CMakeFiles/stm32l073rztx_cmake.elf.dir/Middlewares/LoRaMac-node/boards/S76G-lilygo-tmotion/lpm-board.c.obj
 .bss.OffModeDisable
                0x000000002000009c        0x4 CMakeFiles/stm32l073rztx_cmake.elf.dir/Middlewares/LoRaMac-node/boards/S76G-lilygo-tmotion/lpm-board.c.obj
 .bss.RtcInitialized
                0x00000000200000a0        0x1 CMakeFiles/stm32l073rztx_cmake.elf.dir/Middlewares/LoRaMac-node/boards/S76G-lilygo-tmotion/rtc-board.c.obj
 *fill*         0x00000000200000a1        0x1 
 .bss.McuWakeUpTimeCal
                0x00000000200000a2        0x2 CMakeFiles/stm32l073rztx_cmake.elf.dir/Middlewares/LoRaMac-node/boards/S76G-lilygo-tmotion/rtc-board.c.obj
 .bss.RtcHandle
                0x00000000200000a4       0x24 CMakeFiles/stm32l073rztx_cmake.elf.dir/Middlewares/LoRaMac-node/boards/S76G-lilygo-tmotion/rtc-board.c.obj
 .bss.RtcAlarm  0x00000000200000c8       0x28 CMakeFiles/stm32l073rztx_cmake.elf.dir/Middlewares/LoRaMac-node/boards/S76G-lilygo-tmotion/rtc-board.c.obj
 .bss.RtcTimerContext
                0x00000000200000f0       0x1c CMakeFiles/stm32l073rztx_cmake.elf.dir/Middlewares/LoRaMac-node/boards/S76G-lilygo-tmotion/rtc-board.c.obj
 .bss.SpiHandle
                0x000000002000010c       0xb0 CMakeFiles/stm32l073rztx_cmake.elf.dir/Middlewares/LoRaMac-node/boards/S76G-lilygo-tmotion/spi-board.c.obj
 .bss.RadioIsActive
                0x00000000200001bc        0x1 CMakeFiles/stm32l073rztx_cmake.elf.dir/Middlewares/LoRaMac-node/boards/S76G-lilygo-tmotion/sx1276-board.c.obj
 *fill*         0x00000000200001bd        0x3 
 .bss.AntSwitchRxTx
                0x00000000200001c0       0x14 CMakeFiles/stm32l073rztx_cmake.elf.dir/Middlewares/LoRaMac-node/boards/S76G-lilygo-tmotion/sx1276-board.c.obj
                0x00000000200001c0                AntSwitchRxTx
 .bss.LoRa_TcxoOePin
                0x00000000200001d4       0x14 CMakeFiles/stm32l073rztx_cmake.elf.dir/Middlewares/LoRaMac-node/boards/S76G-lilygo-tmotion/sx1276-board.c.obj
                0x00000000200001d4                LoRa_TcxoOePin
 .bss.LoRa_OscSelectPin
                0x00000000200001e8       0x14 CMakeFiles/stm32l073rztx_cmake.elf.dir/Middlewares/LoRaMac-node/boards/S76G-lilygo-tmotion/sx1276-board.c.obj
                0x00000000200001e8                LoRa_OscSelectPin
 .bss.ModeRxTx  0x00000000200001fc        0x1 CMakeFiles/stm32l073rztx_cmake.elf.dir/Middlewares/LoRaMac-node/boards/S76G-lilygo-tmotion/sx1276-board.c.obj
                0x00000000200001fc                ModeRxTx
 *fill*         0x00000000200001fd        0x3 
 .bss.RadioEvents
                0x0000000020000200        0x4 CMakeFiles/stm32l073rztx_cmake.elf.dir/Middlewares/LoRaMac-node/radio/sx1276/sx1276.c.obj
 .bss.RxTxBuffer
                0x0000000020000204      0x100 CMakeFiles/stm32l073rztx_cmake.elf.dir/Middlewares/LoRaMac-node/radio/sx1276/sx1276.c.obj
 .bss.SX1276    0x0000000020000304      0x144 CMakeFiles/stm32l073rztx_cmake.elf.dir/Middlewares/LoRaMac-node/radio/sx1276/sx1276.c.obj
                0x0000000020000304                SX1276
 .bss.TxTimeoutTimer
                0x0000000020000448       0x18 CMakeFiles/stm32l073rztx_cmake.elf.dir/Middlewares/LoRaMac-node/radio/sx1276/sx1276.c.obj
                0x0000000020000448                TxTimeoutTimer
 .bss.RxTimeoutTimer
                0x0000000020000460       0x18 CMakeFiles/stm32l073rztx_cmake.elf.dir/Middlewares/LoRaMac-node/radio/sx1276/sx1276.c.obj
                0x0000000020000460                RxTimeoutTimer
 .bss.RxTimeoutSyncWord
                0x0000000020000478       0x18 CMakeFiles/stm32l073rztx_cmake.elf.dir/Middlewares/LoRaMac-node/radio/sx1276/sx1276.c.obj
                0x0000000020000478                RxTimeoutSyncWord
 .bss.TimerListHead
                0x0000000020000490        0x4 CMakeFiles/stm32l073rztx_cmake.elf.dir/Middlewares/LoRaMac-node/system/timer.c.obj
 .bss.Buffer    0x0000000020000494       0x40 CMakeFiles/stm32l073rztx_cmake.elf.dir/Src/main.c.obj
                0x0000000020000494                Buffer
 .bss.State     0x00000000200004d4        0x1 CMakeFiles/stm32l073rztx_cmake.elf.dir/Src/main.c.obj
                0x00000000200004d4                State
 .bss.RssiValue
                0x00000000200004d5        0x1 CMakeFiles/stm32l073rztx_cmake.elf.dir/Src/main.c.obj
                0x00000000200004d5                RssiValue
 .bss.SnrValue  0x00000000200004d6        0x1 CMakeFiles/stm32l073rztx_cmake.elf.dir/Src/main.c.obj
                0x00000000200004d6                SnrValue
 *fill*         0x00000000200004d7        0x1 
 .bss.huart1    0x00000000200004d8       0x80 CMakeFiles/stm32l073rztx_cmake.elf.dir/Src/main.c.obj
                0x00000000200004d8                huart1
 .bss.RadioEvents
                0x0000000020000558       0x24 CMakeFiles/stm32l073rztx_cmake.elf.dir/Src/main.c.obj
 *(COMMON)
                0x000000002000057c                . = ALIGN (0x4)
                0x000000002000057c                _ebss = .
                0x000000002000057c                __bss_end__ = _ebss

._user_heap_stack
                0x000000002000057c      0x604 load address 0x0000000008009ba4
                0x0000000020000580                . = ALIGN (0x8)
 *fill*         0x000000002000057c        0x4 
                0x0000000020000580                PROVIDE (end = .)
                [!provide]                        PROVIDE (_end = .)
                0x0000000020000780                . = (. + _Min_Heap_Size)
 *fill*         0x0000000020000580      0x200 
                0x0000000020000b80                . = (. + _Min_Stack_Size)
 *fill*         0x0000000020000780      0x400 
                0x0000000020000b80                . = ALIGN (0x8)

/DISCARD/
 libc.a(*)
 libm.a(*)
 libgcc.a(*)

.ARM.attributes
                0x0000000000000000       0x28
 *(.ARM.attributes)
 .ARM.attributes
                0x0000000000000000       0x1e /usr/local/Caskroom/gcc-arm-embedded/9-2019-q4-major/gcc-arm-none-eabi-9-2019-q4-major/bin/../lib/gcc/arm-none-eabi/9.2.1/thumb/v6-m/nofp/crti.o
 .ARM.attributes
                0x000000000000001e       0x2c /usr/local/Caskroom/gcc-arm-embedded/9-2019-q4-major/gcc-arm-none-eabi-9-2019-q4-major/bin/../lib/gcc/arm-none-eabi/9.2.1/thumb/v6-m/nofp/crtbegin.o
 .ARM.attributes
                0x000000000000004a       0x2c CMakeFiles/stm32l073rztx_cmake.elf.dir/Drivers/STM32L0xx_HAL_Driver/Src/stm32l0xx_hal.c.obj
 .ARM.attributes
                0x0000000000000076       0x2c CMakeFiles/stm32l073rztx_cmake.elf.dir/Drivers/STM32L0xx_HAL_Driver/Src/stm32l0xx_hal_cortex.c.obj
 .ARM.attributes
                0x00000000000000a2       0x2c CMakeFiles/stm32l073rztx_cmake.elf.dir/Drivers/STM32L0xx_HAL_Driver/Src/stm32l0xx_hal_gpio.c.obj
 .ARM.attributes
                0x00000000000000ce       0x2c CMakeFiles/stm32l073rztx_cmake.elf.dir/Drivers/STM32L0xx_HAL_Driver/Src/stm32l0xx_hal_pwr.c.obj
 .ARM.attributes
                0x00000000000000fa       0x2c CMakeFiles/stm32l073rztx_cmake.elf.dir/Drivers/STM32L0xx_HAL_Driver/Src/stm32l0xx_hal_pwr_ex.c.obj
 .ARM.attributes
                0x0000000000000126       0x2c CMakeFiles/stm32l073rztx_cmake.elf.dir/Drivers/STM32L0xx_HAL_Driver/Src/stm32l0xx_hal_rcc.c.obj
 .ARM.attributes
                0x0000000000000152       0x2c CMakeFiles/stm32l073rztx_cmake.elf.dir/Drivers/STM32L0xx_HAL_Driver/Src/stm32l0xx_hal_rcc_ex.c.obj
 .ARM.attributes
                0x000000000000017e       0x2c CMakeFiles/stm32l073rztx_cmake.elf.dir/Drivers/STM32L0xx_HAL_Driver/Src/stm32l0xx_hal_rtc.c.obj
 .ARM.attributes
                0x00000000000001aa       0x2c CMakeFiles/stm32l073rztx_cmake.elf.dir/Drivers/STM32L0xx_HAL_Driver/Src/stm32l0xx_hal_rtc_ex.c.obj
 .ARM.attributes
                0x00000000000001d6       0x2c CMakeFiles/stm32l073rztx_cmake.elf.dir/Drivers/STM32L0xx_HAL_Driver/Src/stm32l0xx_hal_spi.c.obj
 .ARM.attributes
                0x0000000000000202       0x2c CMakeFiles/stm32l073rztx_cmake.elf.dir/Drivers/STM32L0xx_HAL_Driver/Src/stm32l0xx_hal_uart.c.obj
 .ARM.attributes
                0x000000000000022e       0x2c CMakeFiles/stm32l073rztx_cmake.elf.dir/Middlewares/LoRaMac-node/boards/S76G-lilygo-tmotion/board.c.obj
 .ARM.attributes
                0x000000000000025a       0x2c CMakeFiles/stm32l073rztx_cmake.elf.dir/Middlewares/LoRaMac-node/boards/S76G-lilygo-tmotion/delay-board.c.obj
 .ARM.attributes
                0x0000000000000286       0x2c CMakeFiles/stm32l073rztx_cmake.elf.dir/Middlewares/LoRaMac-node/boards/S76G-lilygo-tmotion/gpio-board.c.obj
 .ARM.attributes
                0x00000000000002b2       0x2c CMakeFiles/stm32l073rztx_cmake.elf.dir/Middlewares/LoRaMac-node/boards/S76G-lilygo-tmotion/lpm-board.c.obj
 .ARM.attributes
                0x00000000000002de       0x2c CMakeFiles/stm32l073rztx_cmake.elf.dir/Middlewares/LoRaMac-node/boards/S76G-lilygo-tmotion/rtc-board.c.obj
 .ARM.attributes
                0x000000000000030a       0x2c CMakeFiles/stm32l073rztx_cmake.elf.dir/Middlewares/LoRaMac-node/boards/S76G-lilygo-tmotion/spi-board.c.obj
 .ARM.attributes
                0x0000000000000336       0x2c CMakeFiles/stm32l073rztx_cmake.elf.dir/Middlewares/LoRaMac-node/boards/S76G-lilygo-tmotion/sx1276-board.c.obj
 .ARM.attributes
                0x0000000000000362       0x2c CMakeFiles/stm32l073rztx_cmake.elf.dir/Middlewares/LoRaMac-node/boards/S76G-lilygo-tmotion/utilities.c.obj
 .ARM.attributes
                0x000000000000038e       0x2c CMakeFiles/stm32l073rztx_cmake.elf.dir/Middlewares/LoRaMac-node/radio/sx1276/sx1276.c.obj
 .ARM.attributes
                0x00000000000003ba       0x2c CMakeFiles/stm32l073rztx_cmake.elf.dir/Middlewares/LoRaMac-node/system/delay.c.obj
 .ARM.attributes
                0x00000000000003e6       0x2c CMakeFiles/stm32l073rztx_cmake.elf.dir/Middlewares/LoRaMac-node/system/gpio.c.obj
 .ARM.attributes
                0x0000000000000412       0x2c CMakeFiles/stm32l073rztx_cmake.elf.dir/Middlewares/LoRaMac-node/system/timer.c.obj
 .ARM.attributes
                0x000000000000043e       0x2c CMakeFiles/stm32l073rztx_cmake.elf.dir/Src/main.c.obj
 .ARM.attributes
                0x000000000000046a       0x2c CMakeFiles/stm32l073rztx_cmake.elf.dir/Src/stm32l0xx_hal_msp.c.obj
 .ARM.attributes
                0x0000000000000496       0x2c CMakeFiles/stm32l073rztx_cmake.elf.dir/Src/stm32l0xx_it.c.obj
 .ARM.attributes
                0x00000000000004c2       0x2c CMakeFiles/stm32l073rztx_cmake.elf.dir/Src/system_stm32l0xx.c.obj
 .ARM.attributes
                0x00000000000004ee       0x22 CMakeFiles/stm32l073rztx_cmake.elf.dir/startup/startup_stm32l073xx.s.obj
 .ARM.attributes
                0x0000000000000510       0x1e /usr/local/Caskroom/gcc-arm-embedded/9-2019-q4-major/gcc-arm-none-eabi-9-2019-q4-major/bin/../lib/gcc/arm-none-eabi/9.2.1/thumb/v6-m/nofp/libgcc.a(_udivsi3.o)
 .ARM.attributes
                0x000000000000052e       0x1e /usr/local/Caskroom/gcc-arm-embedded/9-2019-q4-major/gcc-arm-none-eabi-9-2019-q4-major/bin/../lib/gcc/arm-none-eabi/9.2.1/thumb/v6-m/nofp/libgcc.a(_divsi3.o)
 .ARM.attributes
                0x000000000000054c       0x1e /usr/local/Caskroom/gcc-arm-embedded/9-2019-q4-major/gcc-arm-none-eabi-9-2019-q4-major/bin/../lib/gcc/arm-none-eabi/9.2.1/thumb/v6-m/nofp/libgcc.a(_dvmd_tls.o)
 .ARM.attributes
                0x000000000000056a       0x1e /usr/local/Caskroom/gcc-arm-embedded/9-2019-q4-major/gcc-arm-none-eabi-9-2019-q4-major/bin/../lib/gcc/arm-none-eabi/9.2.1/thumb/v6-m/nofp/libgcc.a(_arm_cmpdf2.o)
 .ARM.attributes
                0x0000000000000588       0x1e /usr/local/Caskroom/gcc-arm-embedded/9-2019-q4-major/gcc-arm-none-eabi-9-2019-q4-major/bin/../lib/gcc/arm-none-eabi/9.2.1/thumb/v6-m/nofp/libgcc.a(_aeabi_uldivmod.o)
 .ARM.attributes
                0x00000000000005a6       0x2c /usr/local/Caskroom/gcc-arm-embedded/9-2019-q4-major/gcc-arm-none-eabi-9-2019-q4-major/bin/../lib/gcc/arm-none-eabi/9.2.1/thumb/v6-m/nofp/libgcc.a(_fixunsdfsi.o)
 .ARM.attributes
                0x00000000000005d2       0x2c /usr/local/Caskroom/gcc-arm-embedded/9-2019-q4-major/gcc-arm-none-eabi-9-2019-q4-major/bin/../lib/gcc/arm-none-eabi/9.2.1/thumb/v6-m/nofp/libgcc.a(_udivmoddi4.o)
 .ARM.attributes
                0x00000000000005fe       0x2c /usr/local/Caskroom/gcc-arm-embedded/9-2019-q4-major/gcc-arm-none-eabi-9-2019-q4-major/bin/../lib/gcc/arm-none-eabi/9.2.1/thumb/v6-m/nofp/libgcc.a(divdf3.o)
 .ARM.attributes
                0x000000000000062a       0x2c /usr/local/Caskroom/gcc-arm-embedded/9-2019-q4-major/gcc-arm-none-eabi-9-2019-q4-major/bin/../lib/gcc/arm-none-eabi/9.2.1/thumb/v6-m/nofp/libgcc.a(eqdf2.o)
 .ARM.attributes
                0x0000000000000656       0x2c /usr/local/Caskroom/gcc-arm-embedded/9-2019-q4-major/gcc-arm-none-eabi-9-2019-q4-major/bin/../lib/gcc/arm-none-eabi/9.2.1/thumb/v6-m/nofp/libgcc.a(gedf2.o)
 .ARM.attributes
                0x0000000000000682       0x2c /usr/local/Caskroom/gcc-arm-embedded/9-2019-q4-major/gcc-arm-none-eabi-9-2019-q4-major/bin/../lib/gcc/arm-none-eabi/9.2.1/thumb/v6-m/nofp/libgcc.a(ledf2.o)
 .ARM.attributes
                0x00000000000006ae       0x2c /usr/local/Caskroom/gcc-arm-embedded/9-2019-q4-major/gcc-arm-none-eabi-9-2019-q4-major/bin/../lib/gcc/arm-none-eabi/9.2.1/thumb/v6-m/nofp/libgcc.a(muldf3.o)
 .ARM.attributes
                0x00000000000006da       0x2c /usr/local/Caskroom/gcc-arm-embedded/9-2019-q4-major/gcc-arm-none-eabi-9-2019-q4-major/bin/../lib/gcc/arm-none-eabi/9.2.1/thumb/v6-m/nofp/libgcc.a(subdf3.o)
 .ARM.attributes
                0x0000000000000706       0x2c /usr/local/Caskroom/gcc-arm-embedded/9-2019-q4-major/gcc-arm-none-eabi-9-2019-q4-major/bin/../lib/gcc/arm-none-eabi/9.2.1/thumb/v6-m/nofp/libgcc.a(fixdfsi.o)
 .ARM.attributes
                0x0000000000000732       0x2c /usr/local/Caskroom/gcc-arm-embedded/9-2019-q4-major/gcc-arm-none-eabi-9-2019-q4-major/bin/../lib/gcc/arm-none-eabi/9.2.1/thumb/v6-m/nofp/libgcc.a(floatsidf.o)
 .ARM.attributes
                0x000000000000075e       0x2c /usr/local/Caskroom/gcc-arm-embedded/9-2019-q4-major/gcc-arm-none-eabi-9-2019-q4-major/bin/../lib/gcc/arm-none-eabi/9.2.1/thumb/v6-m/nofp/libgcc.a(floatunsidf.o)
 .ARM.attributes
                0x000000000000078a       0x1e /usr/local/Caskroom/gcc-arm-embedded/9-2019-q4-major/gcc-arm-none-eabi-9-2019-q4-major/bin/../lib/gcc/arm-none-eabi/9.2.1/thumb/v6-m/nofp/libgcc.a(_clzsi2.o)
 .ARM.attributes
                0x00000000000007a8       0x1e /usr/local/Caskroom/gcc-arm-embedded/9-2019-q4-major/gcc-arm-none-eabi-9-2019-q4-major/bin/../lib/gcc/arm-none-eabi/9.2.1/thumb/v6-m/nofp/libgcc.a(_clzdi2.o)
 .ARM.attributes
                0x00000000000007c6       0x2c /usr/local/Caskroom/gcc-arm-embedded/9-2019-q4-major/gcc-arm-none-eabi-9-2019-q4-major/bin/../lib/gcc/arm-none-eabi/9.2.1/../../../../arm-none-eabi/lib/thumb/v6-m/nofp/libg_nano.a(lib_a-init.o)
 .ARM.attributes
                0x00000000000007f2       0x2c /usr/local/Caskroom/gcc-arm-embedded/9-2019-q4-major/gcc-arm-none-eabi-9-2019-q4-major/bin/../lib/gcc/arm-none-eabi/9.2.1/../../../../arm-none-eabi/lib/thumb/v6-m/nofp/libg_nano.a(lib_a-memcpy-stub.o)
 .ARM.attributes
                0x000000000000081e       0x2c /usr/local/Caskroom/gcc-arm-embedded/9-2019-q4-major/gcc-arm-none-eabi-9-2019-q4-major/bin/../lib/gcc/arm-none-eabi/9.2.1/../../../../arm-none-eabi/lib/thumb/v6-m/nofp/libg_nano.a(lib_a-memset.o)
 .ARM.attributes
                0x000000000000084a       0x2c /usr/local/Caskroom/gcc-arm-embedded/9-2019-q4-major/gcc-arm-none-eabi-9-2019-q4-major/bin/../lib/gcc/arm-none-eabi/9.2.1/../../../../arm-none-eabi/lib/thumb/v6-m/nofp/libg_nano.a(lib_a-strncmp.o)
 .ARM.attributes
                0x0000000000000876       0x1e /usr/local/Caskroom/gcc-arm-embedded/9-2019-q4-major/gcc-arm-none-eabi-9-2019-q4-major/bin/../lib/gcc/arm-none-eabi/9.2.1/thumb/v6-m/nofp/crtn.o
OUTPUT(build/stm32l073rztx_cmake.elf elf32-littlearm)

.debug_info     0x0000000000000000    0x1470b
 .debug_info    0x0000000000000000      0x850 CMakeFiles/stm32l073rztx_cmake.elf.dir/Drivers/STM32L0xx_HAL_Driver/Src/stm32l0xx_hal.c.obj
 .debug_info    0x0000000000000850      0x950 CMakeFiles/stm32l073rztx_cmake.elf.dir/Drivers/STM32L0xx_HAL_Driver/Src/stm32l0xx_hal_cortex.c.obj
 .debug_info    0x00000000000011a0      0x728 CMakeFiles/stm32l073rztx_cmake.elf.dir/Drivers/STM32L0xx_HAL_Driver/Src/stm32l0xx_hal_gpio.c.obj
 .debug_info    0x00000000000018c8      0x6c0 CMakeFiles/stm32l073rztx_cmake.elf.dir/Drivers/STM32L0xx_HAL_Driver/Src/stm32l0xx_hal_pwr.c.obj
 .debug_info    0x0000000000001f88      0x222 CMakeFiles/stm32l073rztx_cmake.elf.dir/Drivers/STM32L0xx_HAL_Driver/Src/stm32l0xx_hal_pwr_ex.c.obj
 .debug_info    0x00000000000021aa      0xa2d CMakeFiles/stm32l073rztx_cmake.elf.dir/Drivers/STM32L0xx_HAL_Driver/Src/stm32l0xx_hal_rcc.c.obj
 .debug_info    0x0000000000002bd7      0x89b CMakeFiles/stm32l073rztx_cmake.elf.dir/Drivers/STM32L0xx_HAL_Driver/Src/stm32l0xx_hal_rcc_ex.c.obj
 .debug_info    0x0000000000003472      0xb46 CMakeFiles/stm32l073rztx_cmake.elf.dir/Drivers/STM32L0xx_HAL_Driver/Src/stm32l0xx_hal_rtc.c.obj
 .debug_info    0x0000000000003fb8      0xeb2 CMakeFiles/stm32l073rztx_cmake.elf.dir/Drivers/STM32L0xx_HAL_Driver/Src/stm32l0xx_hal_rtc_ex.c.obj
 .debug_info    0x0000000000004e6a     0x16cd CMakeFiles/stm32l073rztx_cmake.elf.dir/Drivers/STM32L0xx_HAL_Driver/Src/stm32l0xx_hal_spi.c.obj
 .debug_info    0x0000000000006537     0x165a CMakeFiles/stm32l073rztx_cmake.elf.dir/Drivers/STM32L0xx_HAL_Driver/Src/stm32l0xx_hal_uart.c.obj
 .debug_info    0x0000000000007b91     0x17a1 CMakeFiles/stm32l073rztx_cmake.elf.dir/Middlewares/LoRaMac-node/boards/S76G-lilygo-tmotion/board.c.obj
 .debug_info    0x0000000000009332      0x143 CMakeFiles/stm32l073rztx_cmake.elf.dir/Middlewares/LoRaMac-node/boards/S76G-lilygo-tmotion/delay-board.c.obj
 .debug_info    0x0000000000009475      0xc59 CMakeFiles/stm32l073rztx_cmake.elf.dir/Middlewares/LoRaMac-node/boards/S76G-lilygo-tmotion/gpio-board.c.obj
 .debug_info    0x000000000000a0ce      0x36d CMakeFiles/stm32l073rztx_cmake.elf.dir/Middlewares/LoRaMac-node/boards/S76G-lilygo-tmotion/lpm-board.c.obj
 .debug_info    0x000000000000a43b     0x181d CMakeFiles/stm32l073rztx_cmake.elf.dir/Middlewares/LoRaMac-node/boards/S76G-lilygo-tmotion/rtc-board.c.obj
 .debug_info    0x000000000000bc58      0xdf3 CMakeFiles/stm32l073rztx_cmake.elf.dir/Middlewares/LoRaMac-node/boards/S76G-lilygo-tmotion/spi-board.c.obj
 .debug_info    0x000000000000ca4b     0x1951 CMakeFiles/stm32l073rztx_cmake.elf.dir/Middlewares/LoRaMac-node/boards/S76G-lilygo-tmotion/sx1276-board.c.obj
 .debug_info    0x000000000000e39c      0xb1e CMakeFiles/stm32l073rztx_cmake.elf.dir/Middlewares/LoRaMac-node/boards/S76G-lilygo-tmotion/utilities.c.obj
 .debug_info    0x000000000000eeba     0x2398 CMakeFiles/stm32l073rztx_cmake.elf.dir/Middlewares/LoRaMac-node/radio/sx1276/sx1276.c.obj
 .debug_info    0x0000000000011252       0xd4 CMakeFiles/stm32l073rztx_cmake.elf.dir/Middlewares/LoRaMac-node/system/delay.c.obj
 .debug_info    0x0000000000011326      0x6e5 CMakeFiles/stm32l073rztx_cmake.elf.dir/Middlewares/LoRaMac-node/system/gpio.c.obj
 .debug_info    0x0000000000011a0b      0x519 CMakeFiles/stm32l073rztx_cmake.elf.dir/Middlewares/LoRaMac-node/system/timer.c.obj
 .debug_info    0x0000000000011f24     0x1960 CMakeFiles/stm32l073rztx_cmake.elf.dir/Src/main.c.obj
 .debug_info    0x0000000000013884      0x950 CMakeFiles/stm32l073rztx_cmake.elf.dir/Src/stm32l0xx_hal_msp.c.obj
 .debug_info    0x00000000000141d4      0x17c CMakeFiles/stm32l073rztx_cmake.elf.dir/Src/stm32l0xx_it.c.obj
 .debug_info    0x0000000000014350      0x3bb CMakeFiles/stm32l073rztx_cmake.elf.dir/Src/system_stm32l0xx.c.obj

.debug_abbrev   0x0000000000000000     0x36b8
 .debug_abbrev  0x0000000000000000      0x246 CMakeFiles/stm32l073rztx_cmake.elf.dir/Drivers/STM32L0xx_HAL_Driver/Src/stm32l0xx_hal.c.obj
 .debug_abbrev  0x0000000000000246      0x294 CMakeFiles/stm32l073rztx_cmake.elf.dir/Drivers/STM32L0xx_HAL_Driver/Src/stm32l0xx_hal_cortex.c.obj
 .debug_abbrev  0x00000000000004da      0x1e5 CMakeFiles/stm32l073rztx_cmake.elf.dir/Drivers/STM32L0xx_HAL_Driver/Src/stm32l0xx_hal_gpio.c.obj
 .debug_abbrev  0x00000000000006bf      0x1bb CMakeFiles/stm32l073rztx_cmake.elf.dir/Drivers/STM32L0xx_HAL_Driver/Src/stm32l0xx_hal_pwr.c.obj
 .debug_abbrev  0x000000000000087a      0x12f CMakeFiles/stm32l073rztx_cmake.elf.dir/Drivers/STM32L0xx_HAL_Driver/Src/stm32l0xx_hal_pwr_ex.c.obj
 .debug_abbrev  0x00000000000009a9      0x243 CMakeFiles/stm32l073rztx_cmake.elf.dir/Drivers/STM32L0xx_HAL_Driver/Src/stm32l0xx_hal_rcc.c.obj
 .debug_abbrev  0x0000000000000bec      0x211 CMakeFiles/stm32l073rztx_cmake.elf.dir/Drivers/STM32L0xx_HAL_Driver/Src/stm32l0xx_hal_rcc_ex.c.obj
 .debug_abbrev  0x0000000000000dfd      0x1d8 CMakeFiles/stm32l073rztx_cmake.elf.dir/Drivers/STM32L0xx_HAL_Driver/Src/stm32l0xx_hal_rtc.c.obj
 .debug_abbrev  0x0000000000000fd5      0x207 CMakeFiles/stm32l073rztx_cmake.elf.dir/Drivers/STM32L0xx_HAL_Driver/Src/stm32l0xx_hal_rtc_ex.c.obj
 .debug_abbrev  0x00000000000011dc      0x26b CMakeFiles/stm32l073rztx_cmake.elf.dir/Drivers/STM32L0xx_HAL_Driver/Src/stm32l0xx_hal_spi.c.obj
 .debug_abbrev  0x0000000000001447      0x23d CMakeFiles/stm32l073rztx_cmake.elf.dir/Drivers/STM32L0xx_HAL_Driver/Src/stm32l0xx_hal_uart.c.obj
 .debug_abbrev  0x0000000000001684      0x3c3 CMakeFiles/stm32l073rztx_cmake.elf.dir/Middlewares/LoRaMac-node/boards/S76G-lilygo-tmotion/board.c.obj
 .debug_abbrev  0x0000000000001a47       0xaa CMakeFiles/stm32l073rztx_cmake.elf.dir/Middlewares/LoRaMac-node/boards/S76G-lilygo-tmotion/delay-board.c.obj
 .debug_abbrev  0x0000000000001af1      0x265 CMakeFiles/stm32l073rztx_cmake.elf.dir/Middlewares/LoRaMac-node/boards/S76G-lilygo-tmotion/gpio-board.c.obj
 .debug_abbrev  0x0000000000001d56      0x185 CMakeFiles/stm32l073rztx_cmake.elf.dir/Middlewares/LoRaMac-node/boards/S76G-lilygo-tmotion/lpm-board.c.obj
 .debug_abbrev  0x0000000000001edb      0x37d CMakeFiles/stm32l073rztx_cmake.elf.dir/Middlewares/LoRaMac-node/boards/S76G-lilygo-tmotion/rtc-board.c.obj
 .debug_abbrev  0x0000000000002258      0x1f2 CMakeFiles/stm32l073rztx_cmake.elf.dir/Middlewares/LoRaMac-node/boards/S76G-lilygo-tmotion/spi-board.c.obj
 .debug_abbrev  0x000000000000244a      0x2ba CMakeFiles/stm32l073rztx_cmake.elf.dir/Middlewares/LoRaMac-node/boards/S76G-lilygo-tmotion/sx1276-board.c.obj
 .debug_abbrev  0x0000000000002704      0x21e CMakeFiles/stm32l073rztx_cmake.elf.dir/Middlewares/LoRaMac-node/boards/S76G-lilygo-tmotion/utilities.c.obj
 .debug_abbrev  0x0000000000002922      0x387 CMakeFiles/stm32l073rztx_cmake.elf.dir/Middlewares/LoRaMac-node/radio/sx1276/sx1276.c.obj
 .debug_abbrev  0x0000000000002ca9       0x66 CMakeFiles/stm32l073rztx_cmake.elf.dir/Middlewares/LoRaMac-node/system/delay.c.obj
 .debug_abbrev  0x0000000000002d0f      0x125 CMakeFiles/stm32l073rztx_cmake.elf.dir/Middlewares/LoRaMac-node/system/gpio.c.obj
 .debug_abbrev  0x0000000000002e34      0x231 CMakeFiles/stm32l073rztx_cmake.elf.dir/Middlewares/LoRaMac-node/system/timer.c.obj
 .debug_abbrev  0x0000000000003065      0x2dc CMakeFiles/stm32l073rztx_cmake.elf.dir/Src/main.c.obj
 .debug_abbrev  0x0000000000003341      0x19e CMakeFiles/stm32l073rztx_cmake.elf.dir/Src/stm32l0xx_hal_msp.c.obj