Archive member included to satisfy reference by file (symbol)

/usr/local/Caskroom/gcc-arm-embedded/9-2019-q4-major/gcc-arm-none-eabi-9-2019-q4-major/bin/../lib/gcc/arm-none-eabi/9.2.1/thumb/v6-m/nofp/libgcc.a(_udivsi3.o)
                              CMakeFiles/stm32l073rztx_cmake.elf.dir/Drivers/STM32L0xx_HAL_Driver/Src/stm32l0xx_hal.c.obj (__aeabi_uidiv)
/usr/local/Caskroom/gcc-arm-embedded/9-2019-q4-major/gcc-arm-none-eabi-9-2019-q4-major/bin/../lib/gcc/arm-none-eabi/9.2.1/thumb/v6-m/nofp/libgcc.a(_dvmd_tls.o)
                              /usr/local/Caskroom/gcc-arm-embedded/9-2019-q4-major/gcc-arm-none-eabi-9-2019-q4-major/bin/../lib/gcc/arm-none-eabi/9.2.1/thumb/v6-m/nofp/libgcc.a(_udivsi3.o) (__aeabi_idiv0)
/usr/local/Caskroom/gcc-arm-embedded/9-2019-q4-major/gcc-arm-none-eabi-9-2019-q4-major/bin/../lib/gcc/arm-none-eabi/9.2.1/thumb/v6-m/nofp/libgcc.a(_aeabi_uldivmod.o)
                              CMakeFiles/stm32l073rztx_cmake.elf.dir/Drivers/STM32L0xx_HAL_Driver/Src/stm32l0xx_hal_uart.c.obj (__aeabi_uldivmod)
/usr/local/Caskroom/gcc-arm-embedded/9-2019-q4-major/gcc-arm-none-eabi-9-2019-q4-major/bin/../lib/gcc/arm-none-eabi/9.2.1/thumb/v6-m/nofp/libgcc.a(_udivmoddi4.o)
                              /usr/local/Caskroom/gcc-arm-embedded/9-2019-q4-major/gcc-arm-none-eabi-9-2019-q4-major/bin/../lib/gcc/arm-none-eabi/9.2.1/thumb/v6-m/nofp/libgcc.a(_aeabi_uldivmod.o) (__udivmoddi4)
/usr/local/Caskroom/gcc-arm-embedded/9-2019-q4-major/gcc-arm-none-eabi-9-2019-q4-major/bin/../lib/gcc/arm-none-eabi/9.2.1/thumb/v6-m/nofp/libgcc.a(_clzdi2.o)
                              /usr/local/Caskroom/gcc-arm-embedded/9-2019-q4-major/gcc-arm-none-eabi-9-2019-q4-major/bin/../lib/gcc/arm-none-eabi/9.2.1/thumb/v6-m/nofp/libgcc.a(_udivmoddi4.o) (__clzdi2)
/usr/local/Caskroom/gcc-arm-embedded/9-2019-q4-major/gcc-arm-none-eabi-9-2019-q4-major/bin/../lib/gcc/arm-none-eabi/9.2.1/thumb/v6-m/nofp/libgcc.a(_clzsi2.o)
                              /usr/local/Caskroom/gcc-arm-embedded/9-2019-q4-major/gcc-arm-none-eabi-9-2019-q4-major/bin/../lib/gcc/arm-none-eabi/9.2.1/thumb/v6-m/nofp/libgcc.a(_clzdi2.o) (__clzsi2)
/usr/local/Caskroom/gcc-arm-embedded/9-2019-q4-major/gcc-arm-none-eabi-9-2019-q4-major/bin/../lib/gcc/arm-none-eabi/9.2.1/../../../../arm-none-eabi/lib/thumb/v6-m/nofp/libg_nano.a(lib_a-errno.o)
                              CMakeFiles/stm32l073rztx_cmake.elf.dir/Src/syscalls.c.obj (__errno)
/usr/local/Caskroom/gcc-arm-embedded/9-2019-q4-major/gcc-arm-none-eabi-9-2019-q4-major/bin/../lib/gcc/arm-none-eabi/9.2.1/../../../../arm-none-eabi/lib/thumb/v6-m/nofp/libg_nano.a(lib_a-exit.o)
                              /usr/local/Caskroom/gcc-arm-embedded/9-2019-q4-major/gcc-arm-none-eabi-9-2019-q4-major/bin/../lib/gcc/arm-none-eabi/9.2.1/../../../../arm-none-eabi/lib/thumb/v6-m/nofp/crt0.o (exit)
/usr/local/Caskroom/gcc-arm-embedded/9-2019-q4-major/gcc-arm-none-eabi-9-2019-q4-major/bin/../lib/gcc/arm-none-eabi/9.2.1/../../../../arm-none-eabi/lib/thumb/v6-m/nofp/libg_nano.a(lib_a-impure.o)
                              /usr/local/Caskroom/gcc-arm-embedded/9-2019-q4-major/gcc-arm-none-eabi-9-2019-q4-major/bin/../lib/gcc/arm-none-eabi/9.2.1/../../../../arm-none-eabi/lib/thumb/v6-m/nofp/libg_nano.a(lib_a-exit.o) (_global_impure_ptr)
/usr/local/Caskroom/gcc-arm-embedded/9-2019-q4-major/gcc-arm-none-eabi-9-2019-q4-major/bin/../lib/gcc/arm-none-eabi/9.2.1/../../../../arm-none-eabi/lib/thumb/v6-m/nofp/libg_nano.a(lib_a-init.o)
                              /usr/local/Caskroom/gcc-arm-embedded/9-2019-q4-major/gcc-arm-none-eabi-9-2019-q4-major/bin/../lib/gcc/arm-none-eabi/9.2.1/../../../../arm-none-eabi/lib/thumb/v6-m/nofp/crt0.o (__libc_init_array)
/usr/local/Caskroom/gcc-arm-embedded/9-2019-q4-major/gcc-arm-none-eabi-9-2019-q4-major/bin/../lib/gcc/arm-none-eabi/9.2.1/../../../../arm-none-eabi/lib/thumb/v6-m/nofp/libg_nano.a(lib_a-memset.o)
                              /usr/local/Caskroom/gcc-arm-embedded/9-2019-q4-major/gcc-arm-none-eabi-9-2019-q4-major/bin/../lib/gcc/arm-none-eabi/9.2.1/../../../../arm-none-eabi/lib/thumb/v6-m/nofp/crt0.o (memset)
/usr/local/Caskroom/gcc-arm-embedded/9-2019-q4-major/gcc-arm-none-eabi-9-2019-q4-major/bin/../lib/gcc/arm-none-eabi/9.2.1/../../../../arm-none-eabi/lib/thumb/v6-m/nofp/libg_nano.a(lib_a-strlen.o)
                              CMakeFiles/stm32l073rztx_cmake.elf.dir/Src/main.c.obj (strlen)

Discarded input sections

 .text          0x0000000000000000        0x0 /usr/local/Caskroom/gcc-arm-embedded/9-2019-q4-major/gcc-arm-none-eabi-9-2019-q4-major/bin/../lib/gcc/arm-none-eabi/9.2.1/thumb/v6-m/nofp/crti.o
 .data          0x0000000000000000        0x0 /usr/local/Caskroom/gcc-arm-embedded/9-2019-q4-major/gcc-arm-none-eabi-9-2019-q4-major/bin/../lib/gcc/arm-none-eabi/9.2.1/thumb/v6-m/nofp/crti.o
 .bss           0x0000000000000000        0x0 /usr/local/Caskroom/gcc-arm-embedded/9-2019-q4-major/gcc-arm-none-eabi-9-2019-q4-major/bin/../lib/gcc/arm-none-eabi/9.2.1/thumb/v6-m/nofp/crti.o
[...]
Memory Configuration

Name             Origin             Length             Attributes
RAM              0x0000000020000000 0x0000000000005000 xrw
FLASH            0x0000000008000000 0x0000000000030000 xr
*default*        0x0000000000000000 0xffffffffffffffff

Linker script and memory map

LOAD /usr/local/Caskroom/gcc-arm-embedded/9-2019-q4-major/gcc-arm-none-eabi-9-2019-q4-major/bin/../lib/gcc/arm-none-eabi/9.2.1/thumb/v6-m/nofp/crti.o
LOAD /usr/local/Caskroom/gcc-arm-embedded/9-2019-q4-major/gcc-arm-none-eabi-9-2019-q4-major/bin/../lib/gcc/arm-none-eabi/9.2.1/thumb/v6-m/nofp/crtbegin.o
LOAD /usr/local/Caskroom/gcc-arm-embedded/9-2019-q4-major/gcc-arm-none-eabi-9-2019-q4-major/bin/../lib/gcc/arm-none-eabi/9.2.1/../../../../arm-none-eabi/lib/thumb/v6-m/nofp/crt0.o
LOAD CMakeFiles/stm32l073rztx_cmake.elf.dir/Drivers/STM32L0xx_HAL_Driver/Src/stm32l0xx_hal.c.obj
LOAD CMakeFiles/stm32l073rztx_cmake.elf.dir/Drivers/STM32L0xx_HAL_Driver/Src/stm32l0xx_hal_adc.c.obj
LOAD CMakeFiles/stm32l073rztx_cmake.elf.dir/Drivers/STM32L0xx_HAL_Driver/Src/stm32l0xx_hal_adc_ex.c.obj
LOAD CMakeFiles/stm32l073rztx_cmake.elf.dir/Drivers/STM32L0xx_HAL_Driver/Src/stm32l0xx_hal_cortex.c.obj
LOAD CMakeFiles/stm32l073rztx_cmake.elf.dir/Drivers/STM32L0xx_HAL_Driver/Src/stm32l0xx_hal_dma.c.obj
LOAD CMakeFiles/stm32l073rztx_cmake.elf.dir/Drivers/STM32L0xx_HAL_Driver/Src/stm32l0xx_hal_flash.c.obj
LOAD CMakeFiles/stm32l073rztx_cmake.elf.dir/Drivers/STM32L0xx_HAL_Driver/Src/stm32l0xx_hal_flash_ex.c.obj
LOAD CMakeFiles/stm32l073rztx_cmake.elf.dir/Drivers/STM32L0xx_HAL_Driver/Src/stm32l0xx_hal_flash_ramfunc.c.obj
LOAD CMakeFiles/stm32l073rztx_cmake.elf.dir/Drivers/STM32L0xx_HAL_Driver/Src/stm32l0xx_hal_gpio.c.obj
LOAD CMakeFiles/stm32l073rztx_cmake.elf.dir/Drivers/STM32L0xx_HAL_Driver/Src/stm32l0xx_hal_i2c.c.obj
LOAD CMakeFiles/stm32l073rztx_cmake.elf.dir/Drivers/STM32L0xx_HAL_Driver/Src/stm32l0xx_hal_i2c_ex.c.obj
LOAD CMakeFiles/stm32l073rztx_cmake.elf.dir/Drivers/STM32L0xx_HAL_Driver/Src/stm32l0xx_hal_pwr.c.obj
LOAD CMakeFiles/stm32l073rztx_cmake.elf.dir/Drivers/STM32L0xx_HAL_Driver/Src/stm32l0xx_hal_pwr_ex.c.obj
LOAD CMakeFiles/stm32l073rztx_cmake.elf.dir/Drivers/STM32L0xx_HAL_Driver/Src/stm32l0xx_hal_rcc.c.obj
LOAD CMakeFiles/stm32l073rztx_cmake.elf.dir/Drivers/STM32L0xx_HAL_Driver/Src/stm32l0xx_hal_rcc_ex.c.obj
LOAD CMakeFiles/stm32l073rztx_cmake.elf.dir/Drivers/STM32L0xx_HAL_Driver/Src/stm32l0xx_hal_rtc.c.obj
LOAD CMakeFiles/stm32l073rztx_cmake.elf.dir/Drivers/STM32L0xx_HAL_Driver/Src/stm32l0xx_hal_rtc_ex.c.obj
LOAD CMakeFiles/stm32l073rztx_cmake.elf.dir/Drivers/STM32L0xx_HAL_Driver/Src/stm32l0xx_hal_spi.c.obj
LOAD CMakeFiles/stm32l073rztx_cmake.elf.dir/Drivers/STM32L0xx_HAL_Driver/Src/stm32l0xx_hal_tim.c.obj
LOAD CMakeFiles/stm32l073rztx_cmake.elf.dir/Drivers/STM32L0xx_HAL_Driver/Src/stm32l0xx_hal_tim_ex.c.obj
LOAD CMakeFiles/stm32l073rztx_cmake.elf.dir/Drivers/STM32L0xx_HAL_Driver/Src/stm32l0xx_hal_uart.c.obj
LOAD CMakeFiles/stm32l073rztx_cmake.elf.dir/Drivers/STM32L0xx_HAL_Driver/Src/stm32l0xx_hal_uart_ex.c.obj
LOAD CMakeFiles/stm32l073rztx_cmake.elf.dir/Src/main.c.obj
LOAD CMakeFiles/stm32l073rztx_cmake.elf.dir/Src/stm32l0xx_hal_msp.c.obj
LOAD CMakeFiles/stm32l073rztx_cmake.elf.dir/Src/stm32l0xx_it.c.obj
LOAD CMakeFiles/stm32l073rztx_cmake.elf.dir/Src/syscalls.c.obj
LOAD CMakeFiles/stm32l073rztx_cmake.elf.dir/Src/system_stm32l0xx.c.obj
LOAD CMakeFiles/stm32l073rztx_cmake.elf.dir/startup/startup_stm32l073xx.s.obj
START GROUP
LOAD /usr/local/Caskroom/gcc-arm-embedded/9-2019-q4-major/gcc-arm-none-eabi-9-2019-q4-major/bin/../lib/gcc/arm-none-eabi/9.2.1/thumb/v6-m/nofp/libgcc.a
LOAD /usr/local/Caskroom/gcc-arm-embedded/9-2019-q4-major/gcc-arm-none-eabi-9-2019-q4-major/bin/../lib/gcc/arm-none-eabi/9.2.1/../../../../arm-none-eabi/lib/thumb/v6-m/nofp/libg_nano.a
LOAD /usr/local/Caskroom/gcc-arm-embedded/9-2019-q4-major/gcc-arm-none-eabi-9-2019-q4-major/bin/../lib/gcc/arm-none-eabi/9.2.1/../../../../arm-none-eabi/lib/thumb/v6-m/nofp/libc_nano.a
END GROUP
START GROUP
LOAD /usr/local/Caskroom/gcc-arm-embedded/9-2019-q4-major/gcc-arm-none-eabi-9-2019-q4-major/bin/../lib/gcc/arm-none-eabi/9.2.1/thumb/v6-m/nofp/libgcc.a
LOAD /usr/local/Caskroom/gcc-arm-embedded/9-2019-q4-major/gcc-arm-none-eabi-9-2019-q4-major/bin/../lib/gcc/arm-none-eabi/9.2.1/../../../../arm-none-eabi/lib/thumb/v6-m/nofp/libc_nano.a
LOAD /usr/local/Caskroom/gcc-arm-embedded/9-2019-q4-major/gcc-arm-none-eabi-9-2019-q4-major/bin/../lib/gcc/arm-none-eabi/9.2.1/../../../../arm-none-eabi/lib/thumb/v6-m/nofp/libnosys.a
END GROUP
START GROUP
LOAD /usr/local/Caskroom/gcc-arm-embedded/9-2019-q4-major/gcc-arm-none-eabi-9-2019-q4-major/bin/../lib/gcc/arm-none-eabi/9.2.1/thumb/v6-m/nofp/libgcc.a
LOAD /usr/local/Caskroom/gcc-arm-embedded/9-2019-q4-major/gcc-arm-none-eabi-9-2019-q4-major/bin/../lib/gcc/arm-none-eabi/9.2.1/../../../../arm-none-eabi/lib/thumb/v6-m/nofp/libc_nano.a
LOAD /usr/local/Caskroom/gcc-arm-embedded/9-2019-q4-major/gcc-arm-none-eabi-9-2019-q4-major/bin/../lib/gcc/arm-none-eabi/9.2.1/../../../../arm-none-eabi/lib/thumb/v6-m/nofp/libnosys.a
END GROUP
LOAD /usr/local/Caskroom/gcc-arm-embedded/9-2019-q4-major/gcc-arm-none-eabi-9-2019-q4-major/bin/../lib/gcc/arm-none-eabi/9.2.1/thumb/v6-m/nofp/crtend.o
LOAD /usr/local/Caskroom/gcc-arm-embedded/9-2019-q4-major/gcc-arm-none-eabi-9-2019-q4-major/bin/../lib/gcc/arm-none-eabi/9.2.1/thumb/v6-m/nofp/crtn.o
                0x0000000020005000                _estack = 0x20005000
                0x0000000000000200                _Min_Heap_Size = 0x200
                0x0000000000000400                _Min_Stack_Size = 0x400

.isr_vector     0x0000000008000000       0xc0
                0x0000000008000000                . = ALIGN (0x4)
 *(.isr_vector)
 .isr_vector    0x0000000008000000       0xc0 CMakeFiles/stm32l073rztx_cmake.elf.dir/startup/startup_stm32l073xx.s.obj
                0x0000000008000000                g_pfnVectors
                0x00000000080000c0                . = ALIGN (0x4)

.text           0x00000000080000c0     0x3620
                0x00000000080000c0                . = ALIGN (0x4)
 *(.text)
 .text          0x00000000080000c0       0x48 /usr/local/Caskroom/gcc-arm-embedded/9-2019-q4-major/gcc-arm-none-eabi-9-2019-q4-major/bin/../lib/gcc/arm-none-eabi/9.2.1/thumb/v6-m/nofp/crtbegin.o
 .text          0x0000000008000108      0x114 /usr/local/Caskroom/gcc-arm-embedded/9-2019-q4-major/gcc-arm-none-eabi-9-2019-q4-major/bin/../lib/gcc/arm-none-eabi/9.2.1/thumb/v6-m/nofp/libgcc.a(_udivsi3.o)
                0x0000000008000108                __udivsi3
                0x0000000008000108                __aeabi_uidiv
                0x0000000008000214                __aeabi_uidivmod
 .text          0x000000000800021c        0x4 /usr/local/Caskroom/gcc-arm-embedded/9-2019-q4-major/gcc-arm-none-eabi-9-2019-q4-major/bin/../lib/gcc/arm-none-eabi/9.2.1/thumb/v6-m/nofp/libgcc.a(_dvmd_tls.o)
                0x000000000800021c                __aeabi_ldiv0
                0x000000000800021c                __aeabi_idiv0
 .text          0x0000000008000220       0x40 /usr/local/Caskroom/gcc-arm-embedded/9-2019-q4-major/gcc-arm-none-eabi-9-2019-q4-major/bin/../lib/gcc/arm-none-eabi/9.2.1/thumb/v6-m/nofp/libgcc.a(_aeabi_uldivmod.o)
                0x0000000008000220                __aeabi_uldivmod
 .text          0x0000000008000260      0x198 /usr/local/Caskroom/gcc-arm-embedded/9-2019-q4-major/gcc-arm-none-eabi-9-2019-q4-major/bin/../lib/gcc/arm-none-eabi/9.2.1/thumb/v6-m/nofp/libgcc.a(_udivmoddi4.o)
                0x0000000008000260                __udivmoddi4
 .text          0x00000000080003f8       0x18 /usr/local/Caskroom/gcc-arm-embedded/9-2019-q4-major/gcc-arm-none-eabi-9-2019-q4-major/bin/../lib/gcc/arm-none-eabi/9.2.1/thumb/v6-m/nofp/libgcc.a(_clzdi2.o)
                0x00000000080003f8                __clzdi2
 .text          0x0000000008000410       0x3c /usr/local/Caskroom/gcc-arm-embedded/9-2019-q4-major/gcc-arm-none-eabi-9-2019-q4-major/bin/../lib/gcc/arm-none-eabi/9.2.1/thumb/v6-m/nofp/libgcc.a(_clzsi2.o)
                0x0000000008000410                __clzsi2
 .text          0x000000000800044c        0xe /usr/local/Caskroom/gcc-arm-embedded/9-2019-q4-major/gcc-arm-none-eabi-9-2019-q4-major/bin/../lib/gcc/arm-none-eabi/9.2.1/../../../../arm-none-eabi/lib/thumb/v6-m/nofp/libg_nano.a(lib_a-strlen.o)
                0x000000000800044c                strlen
 *(.text*)
 *fill*         0x000000000800045a        0x2 
 .text.HAL_Init
                0x000000000800045c       0x40 CMakeFiles/stm32l073rztx_cmake.elf.dir/Drivers/STM32L0xx_HAL_Driver/Src/stm32l0xx_hal.c.obj
                0x000000000800045c                HAL_Init
 .text.HAL_InitTick
                0x000000000800049c       0x54 CMakeFiles/stm32l073rztx_cmake.elf.dir/Drivers/STM32L0xx_HAL_Driver/Src/stm32l0xx_hal.c.obj
                0x000000000800049c                HAL_InitTick
 .text.HAL_IncTick
                0x00000000080004f0       0x18 CMakeFiles/stm32l073rztx_cmake.elf.dir/Drivers/STM32L0xx_HAL_Driver/Src/stm32l0xx_hal.c.obj
                0x00000000080004f0                HAL_IncTick
 .text.HAL_GetTick
                0x0000000008000508       0x14 CMakeFiles/stm32l073rztx_cmake.elf.dir/Drivers/STM32L0xx_HAL_Driver/Src/stm32l0xx_hal.c.obj
                0x0000000008000508                HAL_GetTick
 .text.HAL_Delay
                0x000000000800051c       0x3c CMakeFiles/stm32l073rztx_cmake.elf.dir/Drivers/STM32L0xx_HAL_Driver/Src/stm32l0xx_hal.c.obj
                0x000000000800051c                HAL_Delay
 .text.HAL_ADC_Init
                0x0000000008000558      0x2e8 CMakeFiles/stm32l073rztx_cmake.elf.dir/Drivers/STM32L0xx_HAL_Driver/Src/stm32l0xx_hal_adc.c.obj
                0x0000000008000558                HAL_ADC_Init
 .text.HAL_ADC_ConfigChannel
                0x0000000008000840      0x140 CMakeFiles/stm32l073rztx_cmake.elf.dir/Drivers/STM32L0xx_HAL_Driver/Src/stm32l0xx_hal_adc.c.obj
                0x0000000008000840                HAL_ADC_ConfigChannel
 .text.ADC_DelayMicroSecond
                0x0000000008000980       0x40 CMakeFiles/stm32l073rztx_cmake.elf.dir/Drivers/STM32L0xx_HAL_Driver/Src/stm32l0xx_hal_adc.c.obj
 .text.NVIC_SetPriority
                0x00000000080009c0       0xdc CMakeFiles/stm32l073rztx_cmake.elf.dir/Drivers/STM32L0xx_HAL_Driver/Src/stm32l0xx_hal_cortex.c.obj
 .text.SysTick_Config
                0x0000000008000a9c       0x48 CMakeFiles/stm32l073rztx_cmake.elf.dir/Drivers/STM32L0xx_HAL_Driver/Src/stm32l0xx_hal_cortex.c.obj
 .text.HAL_NVIC_SetPriority
                0x0000000008000ae4       0x2a CMakeFiles/stm32l073rztx_cmake.elf.dir/Drivers/STM32L0xx_HAL_Driver/Src/stm32l0xx_hal_cortex.c.obj
                0x0000000008000ae4                HAL_NVIC_SetPriority
 .text.HAL_SYSTICK_Config
                0x0000000008000b0e       0x1a CMakeFiles/stm32l073rztx_cmake.elf.dir/Drivers/STM32L0xx_HAL_Driver/Src/stm32l0xx_hal_cortex.c.obj
                0x0000000008000b0e                HAL_SYSTICK_Config
 .text.HAL_GPIO_Init
                0x0000000008000b28      0x2fc CMakeFiles/stm32l073rztx_cmake.elf.dir/Drivers/STM32L0xx_HAL_Driver/Src/stm32l0xx_hal_gpio.c.obj
                0x0000000008000b28                HAL_GPIO_Init
 .text.HAL_GPIO_WritePin
                0x0000000008000e24       0x3a CMakeFiles/stm32l073rztx_cmake.elf.dir/Drivers/STM32L0xx_HAL_Driver/Src/stm32l0xx_hal_gpio.c.obj
                0x0000000008000e24                HAL_GPIO_WritePin
 *fill*         0x0000000008000e5e        0x2 
 .text.HAL_I2C_Init
                0x0000000008000e60      0x12c CMakeFiles/stm32l073rztx_cmake.elf.dir/Drivers/STM32L0xx_HAL_Driver/Src/stm32l0xx_hal_i2c.c.obj
                0x0000000008000e60                HAL_I2C_Init
 .text.HAL_I2CEx_ConfigAnalogFilter
                0x0000000008000f8c       0x98 CMakeFiles/stm32l073rztx_cmake.elf.dir/Drivers/STM32L0xx_HAL_Driver/Src/stm32l0xx_hal_i2c_ex.c.obj
                0x0000000008000f8c                HAL_I2CEx_ConfigAnalogFilter
 .text.HAL_I2CEx_ConfigDigitalFilter
                0x0000000008001024       0x98 CMakeFiles/stm32l073rztx_cmake.elf.dir/Drivers/STM32L0xx_HAL_Driver/Src/stm32l0xx_hal_i2c_ex.c.obj
                0x0000000008001024                HAL_I2CEx_ConfigDigitalFilter
 .text.HAL_PWR_EnableBkUpAccess
                0x00000000080010bc       0x1c CMakeFiles/stm32l073rztx_cmake.elf.dir/Drivers/STM32L0xx_HAL_Driver/Src/stm32l0xx_hal_pwr.c.obj
                0x00000000080010bc                HAL_PWR_EnableBkUpAccess
 .text.HAL_RCC_OscConfig
                0x00000000080010d8      0x7a0 CMakeFiles/stm32l073rztx_cmake.elf.dir/Drivers/STM32L0xx_HAL_Driver/Src/stm32l0xx_hal_rcc.c.obj
                0x00000000080010d8                HAL_RCC_OscConfig
 .text.HAL_RCC_ClockConfig
                0x0000000008001878      0x254 CMakeFiles/stm32l073rztx_cmake.elf.dir/Drivers/STM32L0xx_HAL_Driver/Src/stm32l0xx_hal_rcc.c.obj
                0x0000000008001878                HAL_RCC_ClockConfig
 .text.HAL_RCC_GetSysClockFreq
                0x0000000008001acc      0x100 CMakeFiles/stm32l073rztx_cmake.elf.dir/Drivers/STM32L0xx_HAL_Driver/Src/stm32l0xx_hal_rcc.c.obj
                0x0000000008001acc                HAL_RCC_GetSysClockFreq
 .text.HAL_RCC_GetHCLKFreq
                0x0000000008001bcc       0x14 CMakeFiles/stm32l073rztx_cmake.elf.dir/Drivers/STM32L0xx_HAL_Driver/Src/stm32l0xx_hal_rcc.c.obj
                0x0000000008001bcc                HAL_RCC_GetHCLKFreq
 .text.HAL_RCC_GetPCLK1Freq
                0x0000000008001be0       0x2c CMakeFiles/stm32l073rztx_cmake.elf.dir/Drivers/STM32L0xx_HAL_Driver/Src/stm32l0xx_hal_rcc.c.obj
                0x0000000008001be0                HAL_RCC_GetPCLK1Freq
 .text.HAL_RCC_GetPCLK2Freq
                0x0000000008001c0c       0x2c CMakeFiles/stm32l073rztx_cmake.elf.dir/Drivers/STM32L0xx_HAL_Driver/Src/stm32l0xx_hal_rcc.c.obj
                0x0000000008001c0c                HAL_RCC_GetPCLK2Freq
 .text.HAL_RCCEx_PeriphCLKConfig
                0x0000000008001c38      0x2e4 CMakeFiles/stm32l073rztx_cmake.elf.dir/Drivers/STM32L0xx_HAL_Driver/Src/stm32l0xx_hal_rcc_ex.c.obj
                0x0000000008001c38                HAL_RCCEx_PeriphCLKConfig
 .text.HAL_RTC_Init
                0x0000000008001f1c      0x13c CMakeFiles/stm32l073rztx_cmake.elf.dir/Drivers/STM32L0xx_HAL_Driver/Src/stm32l0xx_hal_rtc.c.obj
                0x0000000008001f1c                HAL_RTC_Init
 .text.HAL_RTC_WaitForSynchro
                0x0000000008002058       0x4e CMakeFiles/stm32l073rztx_cmake.elf.dir/Drivers/STM32L0xx_HAL_Driver/Src/stm32l0xx_hal_rtc.c.obj
                0x0000000008002058                HAL_RTC_WaitForSynchro
 .text.RTC_EnterInitMode
                0x00000000080020a6       0x54 CMakeFiles/stm32l073rztx_cmake.elf.dir/Drivers/STM32L0xx_HAL_Driver/Src/stm32l0xx_hal_rtc.c.obj
                0x00000000080020a6                RTC_EnterInitMode
 *fill*         0x00000000080020fa        0x2 
 .text.HAL_SPI_Init
                0x00000000080020fc       0xd4 CMakeFiles/stm32l073rztx_cmake.elf.dir/Drivers/STM32L0xx_HAL_Driver/Src/stm32l0xx_hal_spi.c.obj
                0x00000000080020fc                HAL_SPI_Init
 .text.HAL_UART_Init
                0x00000000080021d0       0xa8 CMakeFiles/stm32l073rztx_cmake.elf.dir/Drivers/STM32L0xx_HAL_Driver/Src/stm32l0xx_hal_uart.c.obj
                0x00000000080021d0                HAL_UART_Init
 .text.HAL_UART_Transmit
                0x0000000008002278      0x14e CMakeFiles/stm32l073rztx_cmake.elf.dir/Drivers/STM32L0xx_HAL_Driver/Src/stm32l0xx_hal_uart.c.obj
                0x0000000008002278                HAL_UART_Transmit
 *fill*         0x00000000080023c6        0x2 
 .text.UART_SetConfig
                0x00000000080023c8      0x66c CMakeFiles/stm32l073rztx_cmake.elf.dir/Drivers/STM32L0xx_HAL_Driver/Src/stm32l0xx_hal_uart.c.obj
                0x00000000080023c8                UART_SetConfig
 .text.UART_AdvFeatureConfig
                0x0000000008002a34      0x168 CMakeFiles/stm32l073rztx_cmake.elf.dir/Drivers/STM32L0xx_HAL_Driver/Src/stm32l0xx_hal_uart.c.obj
                0x0000000008002a34                UART_AdvFeatureConfig
 .text.UART_CheckIdleState
                0x0000000008002b9c       0x88 CMakeFiles/stm32l073rztx_cmake.elf.dir/Drivers/STM32L0xx_HAL_Driver/Src/stm32l0xx_hal_uart.c.obj
                0x0000000008002b9c                UART_CheckIdleState
 .text.UART_WaitOnFlagUntilTimeout
                0x0000000008002c24       0x94 CMakeFiles/stm32l073rztx_cmake.elf.dir/Drivers/STM32L0xx_HAL_Driver/Src/stm32l0xx_hal_uart.c.obj
                0x0000000008002c24                UART_WaitOnFlagUntilTimeout
 .text.main     0x0000000008002cb8       0x78 CMakeFiles/stm32l073rztx_cmake.elf.dir/Src/main.c.obj
                0x0000000008002cb8                main
 .text.SystemClock_Config
                0x0000000008002d30      0x10c CMakeFiles/stm32l073rztx_cmake.elf.dir/Src/main.c.obj
                0x0000000008002d30                SystemClock_Config
 .text.MX_ADC_Init
                0x0000000008002e3c       0xc8 CMakeFiles/stm32l073rztx_cmake.elf.dir/Src/main.c.obj
 .text.MX_I2C1_Init
                0x0000000008002f04       0x80 CMakeFiles/stm32l073rztx_cmake.elf.dir/Src/main.c.obj
 .text.MX_RTC_Init
                0x0000000008002f84       0x54 CMakeFiles/stm32l073rztx_cmake.elf.dir/Src/main.c.obj
 .text.MX_SPI2_Init
                0x0000000008002fd8       0x70 CMakeFiles/stm32l073rztx_cmake.elf.dir/Src/main.c.obj
 .text.MX_USART1_UART_Init
                0x0000000008003048       0x60 CMakeFiles/stm32l073rztx_cmake.elf.dir/Src/main.c.obj
 .text.MX_USART4_UART_Init
                0x00000000080030a8       0x60 CMakeFiles/stm32l073rztx_cmake.elf.dir/Src/main.c.obj
 .text.MX_GPIO_Init
                0x0000000008003108      0x184 CMakeFiles/stm32l073rztx_cmake.elf.dir/Src/main.c.obj
 .text.Error_Handler
                0x000000000800328c        0xa CMakeFiles/stm32l073rztx_cmake.elf.dir/Src/main.c.obj
                0x000000000800328c                Error_Handler
 *fill*         0x0000000008003296        0x2 
 .text.HAL_MspInit
                0x0000000008003298       0x28 CMakeFiles/stm32l073rztx_cmake.elf.dir/Src/stm32l0xx_hal_msp.c.obj
                0x0000000008003298                HAL_MspInit
 .text.HAL_ADC_MspInit
                0x00000000080032c0       0x78 CMakeFiles/stm32l073rztx_cmake.elf.dir/Src/stm32l0xx_hal_msp.c.obj
                0x00000000080032c0                HAL_ADC_MspInit
 .text.HAL_I2C_MspInit
                0x0000000008003338       0x88 CMakeFiles/stm32l073rztx_cmake.elf.dir/Src/stm32l0xx_hal_msp.c.obj
                0x0000000008003338                HAL_I2C_MspInit
 .text.HAL_RTC_MspInit
                0x00000000080033c0       0x30 CMakeFiles/stm32l073rztx_cmake.elf.dir/Src/stm32l0xx_hal_msp.c.obj
                0x00000000080033c0                HAL_RTC_MspInit
 .text.HAL_SPI_MspInit
                0x00000000080033f0       0x8c CMakeFiles/stm32l073rztx_cmake.elf.dir/Src/stm32l0xx_hal_msp.c.obj
                0x00000000080033f0                HAL_SPI_MspInit
 .text.HAL_UART_MspInit
                0x000000000800347c       0xf0 CMakeFiles/stm32l073rztx_cmake.elf.dir/Src/stm32l0xx_hal_msp.c.obj
                0x000000000800347c                HAL_UART_MspInit
 .text.NMI_Handler
                0x000000000800356c        0xa CMakeFiles/stm32l073rztx_cmake.elf.dir/Src/stm32l0xx_it.c.obj
                0x000000000800356c                NMI_Handler
 .text.HardFault_Handler
                0x0000000008003576        0x6 CMakeFiles/stm32l073rztx_cmake.elf.dir/Src/stm32l0xx_it.c.obj
                0x0000000008003576                HardFault_Handler
 .text.SVC_Handler
                0x000000000800357c        0xa CMakeFiles/stm32l073rztx_cmake.elf.dir/Src/stm32l0xx_it.c.obj
                0x000000000800357c                SVC_Handler
 .text.PendSV_Handler
                0x0000000008003586        0xa CMakeFiles/stm32l073rztx_cmake.elf.dir/Src/stm32l0xx_it.c.obj
                0x0000000008003586                PendSV_Handler
 .text.SysTick_Handler
                0x0000000008003590        0xe CMakeFiles/stm32l073rztx_cmake.elf.dir/Src/stm32l0xx_it.c.obj
                0x0000000008003590                SysTick_Handler
 *fill*         0x000000000800359e        0x2 
 .text.SystemInit
                0x00000000080035a0       0x7c CMakeFiles/stm32l073rztx_cmake.elf.dir/Src/system_stm32l0xx.c.obj
                0x00000000080035a0                SystemInit
 .text.Reset_Handler
                0x000000000800361c       0x50 CMakeFiles/stm32l073rztx_cmake.elf.dir/startup/startup_stm32l073xx.s.obj
                0x000000000800361c                Reset_Handler
 .text.Default_Handler
                0x000000000800366c        0x2 CMakeFiles/stm32l073rztx_cmake.elf.dir/startup/startup_stm32l073xx.s.obj
                0x000000000800366c                LPTIM1_IRQHandler
                0x000000000800366c                ADC1_COMP_IRQHandler
                0x000000000800366c                PVD_IRQHandler
                0x000000000800366c                I2C1_IRQHandler
                0x000000000800366c                RCC_CRS_IRQHandler
                0x000000000800366c                SPI1_IRQHandler
                0x000000000800366c                TIM6_DAC_IRQHandler
                0x000000000800366c                EXTI2_3_IRQHandler
                0x000000000800366c                I2C2_IRQHandler
                0x000000000800366c                RTC_IRQHandler
                0x000000000800366c                LCD_IRQHandler
                0x000000000800366c                DMA1_Channel4_5_6_7_IRQHandler
                0x000000000800366c                TIM3_IRQHandler
                0x000000000800366c                EXTI4_15_IRQHandler
                0x000000000800366c                DMA1_Channel1_IRQHandler
                0x000000000800366c                USART4_5_IRQHandler
                0x000000000800366c                Default_Handler
                0x000000000800366c                TIM22_IRQHandler
                0x000000000800366c                TIM7_IRQHandler
                0x000000000800366c                EXTI0_1_IRQHandler
                0x000000000800366c                USB_IRQHandler
                0x000000000800366c                I2C3_IRQHandler
                0x000000000800366c                SPI2_IRQHandler
                0x000000000800366c                TIM21_IRQHandler
                0x000000000800366c                WWDG_IRQHandler
                0x000000000800366c                TIM2_IRQHandler
                0x000000000800366c                DMA1_Channel2_3_IRQHandler
                0x000000000800366c                USART2_IRQHandler
                0x000000000800366c                FLASH_IRQHandler
                0x000000000800366c                USART1_IRQHandler
                0x000000000800366c                RNG_LPUART1_IRQHandler
                0x000000000800366c                TSC_IRQHandler
 *fill*         0x000000000800366e        0x2 
 .text.__libc_init_array
                0x0000000008003670       0x48 /usr/local/Caskroom/gcc-arm-embedded/9-2019-q4-major/gcc-arm-none-eabi-9-2019-q4-major/bin/../lib/gcc/arm-none-eabi/9.2.1/../../../../arm-none-eabi/lib/thumb/v6-m/nofp/libg_nano.a(lib_a-init.o)
                0x0000000008003670                __libc_init_array
 .text.memset   0x00000000080036b8       0x10 /usr/local/Caskroom/gcc-arm-embedded/9-2019-q4-major/gcc-arm-none-eabi-9-2019-q4-major/bin/../lib/gcc/arm-none-eabi/9.2.1/../../../../arm-none-eabi/lib/thumb/v6-m/nofp/libg_nano.a(lib_a-memset.o)
                0x00000000080036b8                memset
 *(.glue_7)
 .glue_7        0x00000000080036c8        0x0 linker stubs
 *(.glue_7t)
 .glue_7t       0x00000000080036c8        0x0 linker stubs
 *(.eh_frame)
 .eh_frame      0x00000000080036c8        0x0 /usr/local/Caskroom/gcc-arm-embedded/9-2019-q4-major/gcc-arm-none-eabi-9-2019-q4-major/bin/../lib/gcc/arm-none-eabi/9.2.1/thumb/v6-m/nofp/crtbegin.o
 *(.init)
 .init          0x00000000080036c8        0x4 /usr/local/Caskroom/gcc-arm-embedded/9-2019-q4-major/gcc-arm-none-eabi-9-2019-q4-major/bin/../lib/gcc/arm-none-eabi/9.2.1/thumb/v6-m/nofp/crti.o
                0x00000000080036c8                _init
 .init          0x00000000080036cc        0x8 /usr/local/Caskroom/gcc-arm-embedded/9-2019-q4-major/gcc-arm-none-eabi-9-2019-q4-major/bin/../lib/gcc/arm-none-eabi/9.2.1/thumb/v6-m/nofp/crtn.o
 *(.fini)
 .fini          0x00000000080036d4        0x4 /usr/local/Caskroom/gcc-arm-embedded/9-2019-q4-major/gcc-arm-none-eabi-9-2019-q4-major/bin/../lib/gcc/arm-none-eabi/9.2.1/thumb/v6-m/nofp/crti.o
                0x00000000080036d4                _fini
 .fini          0x00000000080036d8        0x8 /usr/local/Caskroom/gcc-arm-embedded/9-2019-q4-major/gcc-arm-none-eabi-9-2019-q4-major/bin/../lib/gcc/arm-none-eabi/9.2.1/thumb/v6-m/nofp/crtn.o
                0x00000000080036e0                . = ALIGN (0x4)
                0x00000000080036e0                _etext = .

.vfp11_veneer   0x00000000080036e0        0x0
 .vfp11_veneer  0x00000000080036e0        0x0 linker stubs

.v4_bx          0x00000000080036e0        0x0
 .v4_bx         0x00000000080036e0        0x0 linker stubs

.iplt           0x00000000080036e0        0x0
 .iplt          0x00000000080036e0        0x0 /usr/local/Caskroom/gcc-arm-embedded/9-2019-q4-major/gcc-arm-none-eabi-9-2019-q4-major/bin/../lib/gcc/arm-none-eabi/9.2.1/thumb/v6-m/nofp/crtbegin.o

.rodata         0x00000000080036e0       0x7c
                0x00000000080036e0                . = ALIGN (0x4)
 *(.rodata)
 .rodata        0x00000000080036e0        0xf CMakeFiles/stm32l073rztx_cmake.elf.dir/Src/main.c.obj
 *(.rodata*)
 *fill*         0x00000000080036ef        0x1 
 .rodata.UART_SetConfig
                0x00000000080036f0       0x48 CMakeFiles/stm32l073rztx_cmake.elf.dir/Drivers/STM32L0xx_HAL_Driver/Src/stm32l0xx_hal_uart.c.obj
 .rodata.AHBPrescTable
                0x0000000008003738       0x10 CMakeFiles/stm32l073rztx_cmake.elf.dir/Src/system_stm32l0xx.c.obj
                0x0000000008003738                AHBPrescTable
 .rodata.APBPrescTable
                0x0000000008003748        0x8 CMakeFiles/stm32l073rztx_cmake.elf.dir/Src/system_stm32l0xx.c.obj
                0x0000000008003748                APBPrescTable
 .rodata.PLLMulTable
                0x0000000008003750        0x9 CMakeFiles/stm32l073rztx_cmake.elf.dir/Src/system_stm32l0xx.c.obj
                0x0000000008003750                PLLMulTable
                0x000000000800375c                . = ALIGN (0x4)
 *fill*         0x0000000008003759        0x3 

.ARM.extab
 *(.ARM.extab* .gnu.linkonce.armextab.*)

.ARM            0x000000000800375c        0x8
                0x000000000800375c                __exidx_start = .
 *(.ARM.exidx*)
 .ARM.exidx     0x000000000800375c        0x8 /usr/local/Caskroom/gcc-arm-embedded/9-2019-q4-major/gcc-arm-none-eabi-9-2019-q4-major/bin/../lib/gcc/arm-none-eabi/9.2.1/thumb/v6-m/nofp/libgcc.a(_udivmoddi4.o)
                0x0000000008003764                __exidx_end = .

.rel.dyn        0x0000000008003764        0x0
 .rel.iplt      0x0000000008003764        0x0 /usr/local/Caskroom/gcc-arm-embedded/9-2019-q4-major/gcc-arm-none-eabi-9-2019-q4-major/bin/../lib/gcc/arm-none-eabi/9.2.1/thumb/v6-m/nofp/crtbegin.o

.preinit_array  0x0000000008003764        0x0
                0x0000000008003764                PROVIDE (__preinit_array_start = .)
 *(.preinit_array*)
                0x0000000008003764                PROVIDE (__preinit_array_end = .)

.init_array     0x0000000008003764        0x4
                0x0000000008003764                PROVIDE (__init_array_start = .)
 *(SORT_BY_NAME(.init_array.*))
 *(.init_array*)
 .init_array    0x0000000008003764        0x4 /usr/local/Caskroom/gcc-arm-embedded/9-2019-q4-major/gcc-arm-none-eabi-9-2019-q4-major/bin/../lib/gcc/arm-none-eabi/9.2.1/thumb/v6-m/nofp/crtbegin.o
                0x0000000008003768                PROVIDE (__init_array_end = .)

.fini_array     0x0000000008003768        0x4
                [!provide]                        PROVIDE (__fini_array_start = .)
 *(SORT_BY_NAME(.fini_array.*))
 *(.fini_array*)
 .fini_array    0x0000000008003768        0x4 /usr/local/Caskroom/gcc-arm-embedded/9-2019-q4-major/gcc-arm-none-eabi-9-2019-q4-major/bin/../lib/gcc/arm-none-eabi/9.2.1/thumb/v6-m/nofp/crtbegin.o
                [!provide]                        PROVIDE (__fini_array_end = .)
                0x000000000800376c                _sidata = LOADADDR (.data)

.data           0x0000000020000000        0x4 load address 0x000000000800376c
                0x0000000020000000                . = ALIGN (0x4)
                0x0000000020000000                _sdata = .
 *(.data)
 *(.data*)
 .data.SystemCoreClock
                0x0000000020000000        0x4 CMakeFiles/stm32l073rztx_cmake.elf.dir/Src/system_stm32l0xx.c.obj
                0x0000000020000000                SystemCoreClock
                0x0000000020000004                . = ALIGN (0x4)
                0x0000000020000004                _edata = .

.igot.plt       0x0000000020000004        0x0 load address 0x0000000008003770
 .igot.plt      0x0000000020000004        0x0 /usr/local/Caskroom/gcc-arm-embedded/9-2019-q4-major/gcc-arm-none-eabi-9-2019-q4-major/bin/../lib/gcc/arm-none-eabi/9.2.1/thumb/v6-m/nofp/crtbegin.o
                0x0000000020000004                . = ALIGN (0x4)

.bss            0x0000000020000004      0x244 load address 0x0000000008003770
                0x0000000020000004                _sbss = .
                0x0000000020000004                __bss_start__ = _sbss
 *(.bss)
 .bss           0x0000000020000004       0x1c /usr/local/Caskroom/gcc-arm-embedded/9-2019-q4-major/gcc-arm-none-eabi-9-2019-q4-major/bin/../lib/gcc/arm-none-eabi/9.2.1/thumb/v6-m/nofp/crtbegin.o
 *(.bss*)
 .bss.uwTick    0x0000000020000020        0x4 CMakeFiles/stm32l073rztx_cmake.elf.dir/Drivers/STM32L0xx_HAL_Driver/Src/stm32l0xx_hal.c.obj
                0x0000000020000020                uwTick
 .bss.hadc      0x0000000020000024       0x5c CMakeFiles/stm32l073rztx_cmake.elf.dir/Src/main.c.obj
                0x0000000020000024                hadc
 .bss.hi2c1     0x0000000020000080       0x4c CMakeFiles/stm32l073rztx_cmake.elf.dir/Src/main.c.obj
                0x0000000020000080                hi2c1
 .bss.hrtc      0x00000000200000cc       0x24 CMakeFiles/stm32l073rztx_cmake.elf.dir/Src/main.c.obj
                0x00000000200000cc                hrtc
 .bss.hspi2     0x00000000200000f0       0x58 CMakeFiles/stm32l073rztx_cmake.elf.dir/Src/main.c.obj
                0x00000000200000f0                hspi2
 .bss.huart1    0x0000000020000148       0x80 CMakeFiles/stm32l073rztx_cmake.elf.dir/Src/main.c.obj
                0x0000000020000148                huart1
 .bss.huart4    0x00000000200001c8       0x80 CMakeFiles/stm32l073rztx_cmake.elf.dir/Src/main.c.obj
                0x00000000200001c8                huart4
 *(COMMON)
                0x0000000020000248                . = ALIGN (0x4)
                0x0000000020000248                _ebss = .
                0x0000000020000248                __bss_end__ = _ebss

._user_heap_stack
                0x0000000020000248      0x600 load address 0x0000000008003770
                0x0000000020000248                . = ALIGN (0x8)
                0x0000000020000248                PROVIDE (end = .)
                [!provide]                        PROVIDE (_end = .)
                0x0000000020000448                . = (. + _Min_Heap_Size)
 *fill*         0x0000000020000248      0x200 
                0x0000000020000848                . = (. + _Min_Stack_Size)
 *fill*         0x0000000020000448      0x400 
                0x0000000020000848                . = ALIGN (0x8)

/DISCARD/
 libc.a(*)
 libm.a(*)
 libgcc.a(*)

.ARM.attributes
                0x0000000000000000       0x28
 *(.ARM.attributes)
 .ARM.attributes
                0x0000000000000000       0x1e /usr/local/Caskroom/gcc-arm-embedded/9-2019-q4-major/gcc-arm-none-eabi-9-2019-q4-major/bin/../lib/gcc/arm-none-eabi/9.2.1/thumb/v6-m/nofp/crti.o
 .ARM.attributes
                0x000000000000001e       0x2c /usr/local/Caskroom/gcc-arm-embedded/9-2019-q4-major/gcc-arm-none-eabi-9-2019-q4-major/bin/../lib/gcc/arm-none-eabi/9.2.1/thumb/v6-m/nofp/crtbegin.o
 .ARM.attributes
                0x000000000000004a       0x2c CMakeFiles/stm32l073rztx_cmake.elf.dir/Drivers/STM32L0xx_HAL_Driver/Src/stm32l0xx_hal.c.obj
 .ARM.attributes
                0x0000000000000076       0x2c CMakeFiles/stm32l073rztx_cmake.elf.dir/Drivers/STM32L0xx_HAL_Driver/Src/stm32l0xx_hal_adc.c.obj
 .ARM.attributes
                0x00000000000000a2       0x2c CMakeFiles/stm32l073rztx_cmake.elf.dir/Drivers/STM32L0xx_HAL_Driver/Src/stm32l0xx_hal_cortex.c.obj
 .ARM.attributes
                0x00000000000000ce       0x2c CMakeFiles/stm32l073rztx_cmake.elf.dir/Drivers/STM32L0xx_HAL_Driver/Src/stm32l0xx_hal_gpio.c.obj
 .ARM.attributes
                0x00000000000000fa       0x2c CMakeFiles/stm32l073rztx_cmake.elf.dir/Drivers/STM32L0xx_HAL_Driver/Src/stm32l0xx_hal_i2c.c.obj
 .ARM.attributes
                0x0000000000000126       0x2c CMakeFiles/stm32l073rztx_cmake.elf.dir/Drivers/STM32L0xx_HAL_Driver/Src/stm32l0xx_hal_i2c_ex.c.obj
 .ARM.attributes
                0x0000000000000152       0x2c CMakeFiles/stm32l073rztx_cmake.elf.dir/Drivers/STM32L0xx_HAL_Driver/Src/stm32l0xx_hal_pwr.c.obj
 .ARM.attributes
                0x000000000000017e       0x2c CMakeFiles/stm32l073rztx_cmake.elf.dir/Drivers/STM32L0xx_HAL_Driver/Src/stm32l0xx_hal_rcc.c.obj
 .ARM.attributes
                0x00000000000001aa       0x2c CMakeFiles/stm32l073rztx_cmake.elf.dir/Drivers/STM32L0xx_HAL_Driver/Src/stm32l0xx_hal_rcc_ex.c.obj
 .ARM.attributes
                0x00000000000001d6       0x2c CMakeFiles/stm32l073rztx_cmake.elf.dir/Drivers/STM32L0xx_HAL_Driver/Src/stm32l0xx_hal_rtc.c.obj
 .ARM.attributes
                0x0000000000000202       0x2c CMakeFiles/stm32l073rztx_cmake.elf.dir/Drivers/STM32L0xx_HAL_Driver/Src/stm32l0xx_hal_spi.c.obj
 .ARM.attributes
                0x000000000000022e       0x2c CMakeFiles/stm32l073rztx_cmake.elf.dir/Drivers/STM32L0xx_HAL_Driver/Src/stm32l0xx_hal_uart.c.obj
 .ARM.attributes
                0x000000000000025a       0x2c CMakeFiles/stm32l073rztx_cmake.elf.dir/Src/main.c.obj
 .ARM.attributes
                0x0000000000000286       0x2c CMakeFiles/stm32l073rztx_cmake.elf.dir/Src/stm32l0xx_hal_msp.c.obj
 .ARM.attributes
                0x00000000000002b2       0x2c CMakeFiles/stm32l073rztx_cmake.elf.dir/Src/stm32l0xx_it.c.obj
 .ARM.attributes
                0x00000000000002de       0x2c CMakeFiles/stm32l073rztx_cmake.elf.dir/Src/system_stm32l0xx.c.obj
 .ARM.attributes
                0x000000000000030a       0x22 CMakeFiles/stm32l073rztx_cmake.elf.dir/startup/startup_stm32l073xx.s.obj
 .ARM.attributes
                0x000000000000032c       0x1e /usr/local/Caskroom/gcc-arm-embedded/9-2019-q4-major/gcc-arm-none-eabi-9-2019-q4-major/bin/../lib/gcc/arm-none-eabi/9.2.1/thumb/v6-m/nofp/libgcc.a(_udivsi3.o)
 .ARM.attributes
                0x000000000000034a       0x1e /usr/local/Caskroom/gcc-arm-embedded/9-2019-q4-major/gcc-arm-none-eabi-9-2019-q4-major/bin/../lib/gcc/arm-none-eabi/9.2.1/thumb/v6-m/nofp/libgcc.a(_dvmd_tls.o)
 .ARM.attributes
                0x0000000000000368       0x1e /usr/local/Caskroom/gcc-arm-embedded/9-2019-q4-major/gcc-arm-none-eabi-9-2019-q4-major/bin/../lib/gcc/arm-none-eabi/9.2.1/thumb/v6-m/nofp/libgcc.a(_aeabi_uldivmod.o)
 .ARM.attributes
                0x0000000000000386       0x2c /usr/local/Caskroom/gcc-arm-embedded/9-2019-q4-major/gcc-arm-none-eabi-9-2019-q4-major/bin/../lib/gcc/arm-none-eabi/9.2.1/thumb/v6-m/nofp/libgcc.a(_udivmoddi4.o)
 .ARM.attributes
                0x00000000000003b2       0x1e /usr/local/Caskroom/gcc-arm-embedded/9-2019-q4-major/gcc-arm-none-eabi-9-2019-q4-major/bin/../lib/gcc/arm-none-eabi/9.2.1/thumb/v6-m/nofp/libgcc.a(_clzdi2.o)
 .ARM.attributes
                0x00000000000003d0       0x1e /usr/local/Caskroom/gcc-arm-embedded/9-2019-q4-major/gcc-arm-none-eabi-9-2019-q4-major/bin/../lib/gcc/arm-none-eabi/9.2.1/thumb/v6-m/nofp/libgcc.a(_clzsi2.o)
 .ARM.attributes
                0x00000000000003ee       0x2c /usr/local/Caskroom/gcc-arm-embedded/9-2019-q4-major/gcc-arm-none-eabi-9-2019-q4-major/bin/../lib/gcc/arm-none-eabi/9.2.1/../../../../arm-none-eabi/lib/thumb/v6-m/nofp/libg_nano.a(lib_a-init.o)
 .ARM.attributes
                0x000000000000041a       0x2c /usr/local/Caskroom/gcc-arm-embedded/9-2019-q4-major/gcc-arm-none-eabi-9-2019-q4-major/bin/../lib/gcc/arm-none-eabi/9.2.1/../../../../arm-none-eabi/lib/thumb/v6-m/nofp/libg_nano.a(lib_a-memset.o)
 .ARM.attributes
                0x0000000000000446       0x1c /usr/local/Caskroom/gcc-arm-embedded/9-2019-q4-major/gcc-arm-none-eabi-9-2019-q4-major/bin/../lib/gcc/arm-none-eabi/9.2.1/../../../../arm-none-eabi/lib/thumb/v6-m/nofp/libg_nano.a(lib_a-strlen.o)
 .ARM.attributes
                0x0000000000000462       0x1e /usr/local/Caskroom/gcc-arm-embedded/9-2019-q4-major/gcc-arm-none-eabi-9-2019-q4-major/bin/../lib/gcc/arm-none-eabi/9.2.1/thumb/v6-m/nofp/crtn.o
OUTPUT(build/stm32l073rztx_cmake.elf elf32-littlearm)

.debug_info     0x0000000000000000     0xde76
 .debug_info    0x0000000000000000      0x850 CMakeFiles/stm32l073rztx_cmake.elf.dir/Drivers/STM32L0xx_HAL_Driver/Src/stm32l0xx_hal.c.obj
 .debug_info    0x0000000000000850      0xda9 CMakeFiles/stm32l073rztx_cmake.elf.dir/Drivers/STM32L0xx_HAL_Driver/Src/stm32l0xx_hal_adc.c.obj
 .debug_info    0x00000000000015f9      0x950 CMakeFiles/stm32l073rztx_cmake.elf.dir/Drivers/STM32L0xx_HAL_Driver/Src/stm32l0xx_hal_cortex.c.obj
 .debug_info    0x0000000000001f49      0x728 CMakeFiles/stm32l073rztx_cmake.elf.dir/Drivers/STM32L0xx_HAL_Driver/Src/stm32l0xx_hal_gpio.c.obj
 .debug_info    0x0000000000002671     0x20b3 CMakeFiles/stm32l073rztx_cmake.elf.dir/Drivers/STM32L0xx_HAL_Driver/Src/stm32l0xx_hal_i2c.c.obj
 .debug_info    0x0000000000004724      0x969 CMakeFiles/stm32l073rztx_cmake.elf.dir/Drivers/STM32L0xx_HAL_Driver/Src/stm32l0xx_hal_i2c_ex.c.obj
 .debug_info    0x000000000000508d      0x6c0 CMakeFiles/stm32l073rztx_cmake.elf.dir/Drivers/STM32L0xx_HAL_Driver/Src/stm32l0xx_hal_pwr.c.obj
 .debug_info    0x000000000000574d      0xa2d CMakeFiles/stm32l073rztx_cmake.elf.dir/Drivers/STM32L0xx_HAL_Driver/Src/stm32l0xx_hal_rcc.c.obj
 .debug_info    0x000000000000617a      0x89b CMakeFiles/stm32l073rztx_cmake.elf.dir/Drivers/STM32L0xx_HAL_Driver/Src/stm32l0xx_hal_rcc_ex.c.obj
 .debug_info    0x0000000000006a15      0xb46 CMakeFiles/stm32l073rztx_cmake.elf.dir/Drivers/STM32L0xx_HAL_Driver/Src/stm32l0xx_hal_rtc.c.obj
 .debug_info    0x000000000000755b     0x16cd CMakeFiles/stm32l073rztx_cmake.elf.dir/Drivers/STM32L0xx_HAL_Driver/Src/stm32l0xx_hal_spi.c.obj
 .debug_info    0x0000000000008c28     0x165a CMakeFiles/stm32l073rztx_cmake.elf.dir/Drivers/STM32L0xx_HAL_Driver/Src/stm32l0xx_hal_uart.c.obj
 .debug_info    0x000000000000a282     0x20a5 CMakeFiles/stm32l073rztx_cmake.elf.dir/Src/main.c.obj
 .debug_info    0x000000000000c327     0x15f6 CMakeFiles/stm32l073rztx_cmake.elf.dir/Src/stm32l0xx_hal_msp.c.obj
 .debug_info    0x000000000000d91d      0x17c CMakeFiles/stm32l073rztx_cmake.elf.dir/Src/stm32l0xx_it.c.obj
 .debug_info    0x000000000000da99      0x3bb CMakeFiles/stm32l073rztx_cmake.elf.dir/Src/system_stm32l0xx.c.obj
 .debug_info    0x000000000000de54       0x22 CMakeFiles/stm32l073rztx_cmake.elf.dir/startup/startup_stm32l073xx.s.obj

.debug_abbrev   0x0000000000000000     0x205d
 .debug_abbrev  0x0000000000000000      0x246 CMakeFiles/stm32l073rztx_cmake.elf.dir/Drivers/STM32L0xx_HAL_Driver/Src/stm32l0xx_hal.c.obj
 .debug_abbrev  0x0000000000000246      0x21f CMakeFiles/stm32l073rztx_cmake.elf.dir/Drivers/STM32L0xx_HAL_Driver/Src/stm32l0xx_hal_adc.c.obj
 .debug_abbrev  0x0000000000000465      0x294 CMakeFiles/stm32l073rztx_cmake.elf.dir/Drivers/STM32L0xx_HAL_Driver/Src/stm32l0xx_hal_cortex.c.obj
 .debug_abbrev  0x00000000000006f9      0x1e5 CMakeFiles/stm32l073rztx_cmake.elf.dir/Drivers/STM32L0xx_HAL_Driver/Src/stm32l0xx_hal_gpio.c.obj
 .debug_abbrev  0x00000000000008de      0x264 CMakeFiles/stm32l073rztx_cmake.elf.dir/Drivers/STM32L0xx_HAL_Driver/Src/stm32l0xx_hal_i2c.c.obj
 .debug_abbrev  0x0000000000000b42      0x1d1 CMakeFiles/stm32l073rztx_cmake.elf.dir/Drivers/STM32L0xx_HAL_Driver/Src/stm32l0xx_hal_i2c_ex.c.obj
 .debug_abbrev  0x0000000000000d13      0x1bb CMakeFiles/stm32l073rztx_cmake.elf.dir/Drivers/STM32L0xx_HAL_Driver/Src/stm32l0xx_hal_pwr.c.obj
 .debug_abbrev  0x0000000000000ece      0x243 CMakeFiles/stm32l073rztx_cmake.elf.dir/Drivers/STM32L0xx_HAL_Driver/Src/stm32l0xx_hal_rcc.c.obj
 .debug_abbrev  0x0000000000001111      0x211 CMakeFiles/stm32l073rztx_cmake.elf.dir/Drivers/STM32L0xx_HAL_Driver/Src/stm32l0xx_hal_rcc_ex.c.obj
 .debug_abbrev  0x0000000000001322      0x1d8 CMakeFiles/stm32l073rztx_cmake.elf.dir/Drivers/STM32L0xx_HAL_Driver/Src/stm32l0xx_hal_rtc.c.obj
 .debug_abbrev  0x00000000000014fa      0x26b CMakeFiles/stm32l073rztx_cmake.elf.dir/Drivers/STM32L0xx_HAL_Driver/Src/stm32l0xx_hal_spi.c.obj
 .debug_abbrev  0x0000000000001765      0x23d CMakeFiles/stm32l073rztx_cmake.elf.dir/Drivers/STM32L0xx_HAL_Driver/Src/stm32l0xx_hal_uart.c.obj
 .debug_abbrev  0x00000000000019a2      0x2b1 CMakeFiles/stm32l073rztx_cmake.elf.dir/Src/main.c.obj
 .debug_abbrev  0x0000000000001c53      0x21f CMakeFiles/stm32l073rztx_cmake.elf.dir/Src/stm32l0xx_hal_msp.c.obj
 .debug_abbrev  0x0000000000001e72       0xb3 CMakeFiles/stm32l073rztx_cmake.elf.dir/Src/stm32l0xx_it.c.obj
 .debug_abbrev  0x0000000000001f25      0x126 CMakeFiles/stm32l073rztx_cmake.elf.dir/Src/system_stm32l0xx.c.obj
 .debug_abbrev  0x000000000000204b       0x12 CMakeFiles/stm32l073rztx_cmake.elf.dir/startup/startup_stm32l073xx.s.obj

.debug_aranges  0x0000000000000000      0xdb0
 .debug_aranges
                0x0000000000000000       0xf8 CMakeFiles/stm32l073rztx_cmake.elf.dir/Drivers/STM32L0xx_HAL_Driver/Src/stm32l0xx_hal.c.obj
 .debug_aranges
                0x00000000000000f8      0x100 CMakeFiles/stm32l073rztx_cmake.elf.dir/Drivers/STM32L0xx_HAL_Driver/Src/stm32l0xx_hal_adc.c.obj
 .debug_aranges
                0x00000000000001f8       0xd8 CMakeFiles/stm32l073rztx_cmake.elf.dir/Drivers/STM32L0xx_HAL_Driver/Src/stm32l0xx_hal_cortex.c.obj
 .debug_aranges
                0x00000000000002d0       0x58 CMakeFiles/stm32l073rztx_cmake.elf.dir/Drivers/STM32L0xx_HAL_Driver/Src/stm32l0xx_hal_gpio.c.obj
 .debug_aranges
                0x0000000000000328      0x288 CMakeFiles/stm32l073rztx_cmake.elf.dir/Drivers/STM32L0xx_HAL_Driver/Src/stm32l0xx_hal_i2c.c.obj
 .debug_aranges
                0x00000000000005b0       0x48 CMakeFiles/stm32l073rztx_cmake.elf.dir/Drivers/STM32L0xx_HAL_Driver/Src/stm32l0xx_hal_i2c_ex.c.obj
 .debug_aranges
                0x00000000000005f8       0xa0 CMakeFiles/stm32l073rztx_cmake.elf.dir/Drivers/STM32L0xx_HAL_Driver/Src/stm32l0xx_hal_pwr.c.obj
 .debug_aranges
                0x0000000000000698       0x80 CMakeFiles/stm32l073rztx_cmake.elf.dir/Drivers/STM32L0xx_HAL_Driver/Src/stm32l0xx_hal_rcc.c.obj
 .debug_aranges
                0x0000000000000718       0xb0 CMakeFiles/stm32l073rztx_cmake.elf.dir/Drivers/STM32L0xx_HAL_Driver/Src/stm32l0xx_hal_rcc_ex.c.obj
 .debug_aranges
                0x00000000000007c8       0xb8 CMakeFiles/stm32l073rztx_cmake.elf.dir/Drivers/STM32L0xx_HAL_Driver/Src/stm32l0xx_hal_rtc.c.obj
 .debug_aranges
                0x0000000000000880      0x1d0 CMakeFiles/stm32l073rztx_cmake.elf.dir/Drivers/STM32L0xx_HAL_Driver/Src/stm32l0xx_hal_spi.c.obj
 .debug_aranges
                0x0000000000000a50      0x1f8 CMakeFiles/stm32l073rztx_cmake.elf.dir/Drivers/STM32L0xx_HAL_Driver/Src/stm32l0xx_hal_uart.c.obj
 .debug_aranges
                0x0000000000000c48       0x68 CMakeFiles/stm32l073rztx_cmake.elf.dir/Src/main.c.obj
 .debug_aranges
                0x0000000000000cb0       0x70 CMakeFiles/stm32l073rztx_cmake.elf.dir/Src/stm32l0xx_hal_msp.c.obj
 .debug_aranges
                0x0000000000000d20       0x40 CMakeFiles/stm32l073rztx_cmake.elf.dir/Src/stm32l0xx_it.c.obj
 .debug_aranges
                0x0000000000000d60       0x28 CMakeFiles/stm32l073rztx_cmake.elf.dir/Src/system_stm32l0xx.c.obj
 .debug_aranges
                0x0000000000000d88       0x28 CMakeFiles/stm32l073rztx_cmake.elf.dir/startup/startup_stm32l073xx.s.obj

.debug_ranges   0x0000000000000000      0xca8
 .debug_ranges  0x0000000000000000       0xe8 CMakeFiles/stm32l073rztx_cmake.elf.dir/Drivers/STM32L0xx_HAL_Driver/Src/stm32l0xx_hal.c.obj
 .debug_ranges  0x00000000000000e8       0xf0 CMakeFiles/stm32l073rztx_cmake.elf.dir/Drivers/STM32L0xx_HAL_Driver/Src/stm32l0xx_hal_adc.c.obj
 .debug_ranges  0x00000000000001d8       0xc8 CMakeFiles/stm32l073rztx_cmake.elf.dir/Drivers/STM32L0xx_HAL_Driver/Src/stm32l0xx_hal_cortex.c.obj
 .debug_ranges  0x00000000000002a0       0x48 CMakeFiles/stm32l073rztx_cmake.elf.dir/Drivers/STM32L0xx_HAL_Driver/Src/stm32l0xx_hal_gpio.c.obj
 .debug_ranges  0x00000000000002e8      0x278 CMakeFiles/stm32l073rztx_cmake.elf.dir/Drivers/STM32L0xx_HAL_Driver/Src/stm32l0xx_hal_i2c.c.obj
 .debug_ranges  0x0000000000000560       0x38 CMakeFiles/stm32l073rztx_cmake.elf.dir/Drivers/STM32L0xx_HAL_Driver/Src/stm32l0xx_hal_i2c_ex.c.obj
 .debug_ranges  0x0000000000000598       0x90 CMakeFiles/stm32l073rztx_cmake.elf.dir/Drivers/STM32L0xx_HAL_Driver/Src/stm32l0xx_hal_pwr.c.obj
 .debug_ranges  0x0000000000000628       0x70 CMakeFiles/stm32l073rztx_cmake.elf.dir/Drivers/STM32L0xx_HAL_Driver/Src/stm32l0xx_hal_rcc.c.obj
 .debug_ranges  0x0000000000000698       0xa0 CMakeFiles/stm32l073rztx_cmake.elf.dir/Drivers/STM32L0xx_HAL_Driver/Src/stm32l0xx_hal_rcc_ex.c.obj
 .debug_ranges  0x0000000000000738       0xa8 CMakeFiles/stm32l073rztx_cmake.elf.dir/Drivers/STM32L0xx_HAL_Driver/Src/stm32l0xx_hal_rtc.c.obj
 .debug_ranges  0x00000000000007e0      0x1c0 CMakeFiles/stm32l073rztx_cmake.elf.dir/Drivers/STM32L0xx_HAL_Driver/Src/stm32l0xx_hal_spi.c.obj
 .debug_ranges  0x00000000000009a0      0x1e8 CMakeFiles/stm32l073rztx_cmake.elf.dir/Drivers/STM32L0xx_HAL_Driver/Src/stm32l0xx_hal_uart.c.obj
 .debug_ranges  0x0000000000000b88       0x58 CMakeFiles/stm32l073rztx_cmake.elf.dir/Src/main.c.obj
 .debug_ranges  0x0000000000000be0       0x60 CMakeFiles/stm32l073rztx_cmake.elf.dir/Src/stm32l0xx_hal_msp.c.obj
 .debug_ranges  0x0000000000000c40       0x30 CMakeFiles/stm32l073rztx_cmake.elf.dir/Src/stm32l0xx_it.c.obj
 .debug_ranges  0x0000000000000c70       0x18 CMakeFiles/stm32l073rztx_cmake.elf.dir/Src/system_stm32l0xx.c.obj
 .debug_ranges  0x0000000000000c88       0x20 CMakeFiles/stm32l073rztx_cmake.elf.dir/startup/startup_stm32l073xx.s.obj

.debug_line     0x0000000000000000     0xbfda
 .debug_line    0x0000000000000000      0x62f CMakeFiles/stm32l073rztx_cmake.elf.dir/Drivers/STM32L0xx_HAL_Driver/Src/stm32l0xx_hal.c.obj
 .debug_line    0x000000000000062f      0xd3b CMakeFiles/stm32l073rztx_cmake.elf.dir/Drivers/STM32L0xx_HAL_Driver/Src/stm32l0xx_hal_adc.c.obj
 .debug_line    0x000000000000136a      0x769 CMakeFiles/stm32l073rztx_cmake.elf.dir/Drivers/STM32L0xx_HAL_Driver/Src/stm32l0xx_hal_cortex.c.obj
 .debug_line    0x0000000000001ad3      0x6ee CMakeFiles/stm32l073rztx_cmake.elf.dir/Drivers/STM32L0xx_HAL_Driver/Src/stm32l0xx_hal_gpio.c.obj
 .debug_line    0x00000000000021c1     0x2dcd CMakeFiles/stm32l073rztx_cmake.elf.dir/Drivers/STM32L0xx_HAL_Driver/Src/stm32l0xx_hal_i2c.c.obj
 .debug_line    0x0000000000004f8e      0x526 CMakeFiles/stm32l073rztx_cmake.elf.dir/Drivers/STM32L0xx_HAL_Driver/Src/stm32l0xx_hal_i2c_ex.c.obj
 .debug_line    0x00000000000054b4      0x5b1 CMakeFiles/stm32l073rztx_cmake.elf.dir/Drivers/STM32L0xx_HAL_Driver/Src/stm32l0xx_hal_pwr.c.obj
 .debug_line    0x0000000000005a65      0xaba CMakeFiles/stm32l073rztx_cmake.elf.dir/Drivers/STM32L0xx_HAL_Driver/Src/stm32l0xx_hal_rcc.c.obj
 .debug_line    0x000000000000651f      0xa06 CMakeFiles/stm32l073rztx_cmake.elf.dir/Drivers/STM32L0xx_HAL_Driver/Src/stm32l0xx_hal_rcc_ex.c.obj
 .debug_line    0x0000000000006f25      0xcfc CMakeFiles/stm32l073rztx_cmake.elf.dir/Drivers/STM32L0xx_HAL_Driver/Src/stm32l0xx_hal_rtc.c.obj
 .debug_line    0x0000000000007c21     0x1833 CMakeFiles/stm32l073rztx_cmake.elf.dir/Drivers/STM32L0xx_HAL_Driver/Src/stm32l0xx_hal_spi.c.obj
 .debug_line    0x0000000000009454     0x17cc CMakeFiles/stm32l073rztx_cmake.elf.dir/Drivers/STM32L0xx_HAL_Driver/Src/stm32l0xx_hal_uart.c.obj
 .debug_line    0x000000000000ac20      0x6ed CMakeFiles/stm32l073rztx_cmake.elf.dir/Src/main.c.obj
 .debug_line    0x000000000000b30d      0x516 CMakeFiles/stm32l073rztx_cmake.elf.dir/Src/stm32l0xx_hal_msp.c.obj
 .debug_line    0x000000000000b823      0x2f0 CMakeFiles/stm32l073rztx_cmake.elf.dir/Src/stm32l0xx_it.c.obj
 .debug_line    0x000000000000bb13      0x3ff CMakeFiles/stm32l073rztx_cmake.elf.dir/Src/system_stm32l0xx.c.obj
 .debug_line    0x000000000000bf12       0xc8 CMakeFiles/stm32l073rztx_cmake.elf.dir/startup/startup_stm32l073xx.s.obj

.debug_str      0x0000000000000000     0x45c7
 .debug_str     0x0000000000000000      0x813 CMakeFiles/stm32l073rztx_cmake.elf.dir/Drivers/STM32L0xx_HAL_Driver/Src/stm32l0xx_hal.c.obj
                                        0x86a (size before relaxing)
 .debug_str     0x0000000000000813      0x720 CMakeFiles/stm32l073rztx_cmake.elf.dir/Drivers/STM32L0xx_HAL_Driver/Src/stm32l0xx_hal_adc.c.obj
                                        0xa08 (size before relaxing)
 .debug_str     0x0000000000000f33      0x32d CMakeFiles/stm32l073rztx_cmake.elf.dir/Drivers/STM32L0xx_HAL_Driver/Src/stm32l0xx_hal_cortex.c.obj
                                        0x805 (size before relaxing)
 .debug_str     0x0000000000001260      0x1e9 CMakeFiles/stm32l073rztx_cmake.elf.dir/Drivers/STM32L0xx_HAL_Driver/Src/stm32l0xx_hal_gpio.c.obj
                                        0x52a (size before relaxing)
 .debug_str     0x0000000000001449      0xb1a CMakeFiles/stm32l073rztx_cmake.elf.dir/Drivers/STM32L0xx_HAL_Driver/Src/stm32l0xx_hal_i2c.c.obj
                                        0xfca (size before relaxing)
 .debug_str     0x0000000000001f63      0x138 CMakeFiles/stm32l073rztx_cmake.elf.dir/Drivers/STM32L0xx_HAL_Driver/Src/stm32l0xx_hal_i2c_ex.c.obj
                                        0x902 (size before relaxing)
 .debug_str     0x000000000000209b      0x269 CMakeFiles/stm32l073rztx_cmake.elf.dir/Drivers/STM32L0xx_HAL_Driver/Src/stm32l0xx_hal_pwr.c.obj
                                        0x579 (size before relaxing)
 .debug_str     0x0000000000002304      0x355 CMakeFiles/stm32l073rztx_cmake.elf.dir/Drivers/STM32L0xx_HAL_Driver/Src/stm32l0xx_hal_rcc.c.obj
                                        0x764 (size before relaxing)
 .debug_str     0x0000000000002659      0x47f CMakeFiles/stm32l073rztx_cmake.elf.dir/Drivers/STM32L0xx_HAL_Driver/Src/stm32l0xx_hal_rcc_ex.c.obj
                                        0x833 (size before relaxing)
 .debug_str     0x0000000000002ad8      0x46d CMakeFiles/stm32l073rztx_cmake.elf.dir/Drivers/STM32L0xx_HAL_Driver/Src/stm32l0xx_hal_rtc.c.obj
                                        0x761 (size before relaxing)
 .debug_str     0x0000000000002f45      0x722 CMakeFiles/stm32l073rztx_cmake.elf.dir/Drivers/STM32L0xx_HAL_Driver/Src/stm32l0xx_hal_spi.c.obj
                                        0xbdb (size before relaxing)
 .debug_str     0x0000000000003667      0x86b CMakeFiles/stm32l073rztx_cmake.elf.dir/Drivers/STM32L0xx_HAL_Driver/Src/stm32l0xx_hal_uart.c.obj
                                        0xe2d (size before relaxing)
 .debug_str     0x0000000000003ed2      0x4ea CMakeFiles/stm32l073rztx_cmake.elf.dir/Src/main.c.obj
                                       0x1646 (size before relaxing)
 .debug_str     0x00000000000043bc       0x60 CMakeFiles/stm32l073rztx_cmake.elf.dir/Src/stm32l0xx_hal_msp.c.obj
                                        0xfd3 (size before relaxing)
 .debug_str     0x000000000000441c       0xa4 CMakeFiles/stm32l073rztx_cmake.elf.dir/Src/stm32l0xx_it.c.obj
                                        0x2b8 (size before relaxing)
 .debug_str     0x00000000000044c0       0x93 CMakeFiles/stm32l073rztx_cmake.elf.dir/Src/system_stm32l0xx.c.obj
                                        0x37c (size before relaxing)
 .debug_str     0x0000000000004553       0x74 CMakeFiles/stm32l073rztx_cmake.elf.dir/startup/startup_stm32l073xx.s.obj
                                         0xbc (size before relaxing)

.comment        0x0000000000000000       0x79
 .comment       0x0000000000000000       0x79 CMakeFiles/stm32l073rztx_cmake.elf.dir/Drivers/STM32L0xx_HAL_Driver/Src/stm32l0xx_hal.c.obj
                                         0x7a (size before relaxing)
 .comment       0x0000000000000079       0x7a CMakeFiles/stm32l073rztx_cmake.elf.dir/Drivers/STM32L0xx_HAL_Driver/Src/stm32l0xx_hal_adc.c.obj
 .comment       0x0000000000000079       0x7a CMakeFiles/stm32l073rztx_cmake.elf.dir/Drivers/STM32L0xx_HAL_Driver/Src/stm32l0xx_hal_cortex.c.obj
 .comment       0x0000000000000079       0x7a CMakeFiles/stm32l073rztx_cmake.elf.dir/Drivers/STM32L0xx_HAL_Driver/Src/stm32l0xx_hal_gpio.c.obj
 .comment       0x0000000000000079       0x7a CMakeFiles/stm32l073rztx_cmake.elf.dir/Drivers/STM32L0xx_HAL_Driver/Src/stm32l0xx_hal_i2c.c.obj
 .comment       0x0000000000000079       0x7a CMakeFiles/stm32l073rztx_cmake.elf.dir/Drivers/STM32L0xx_HAL_Driver/Src/stm32l0xx_hal_i2c_ex.c.obj
 .comment       0x0000000000000079       0x7a CMakeFiles/stm32l073rztx_cmake.elf.dir/Drivers/STM32L0xx_HAL_Driver/Src/stm32l0xx_hal_pwr.c.obj
 .comment       0x0000000000000079       0x7a CMakeFiles/stm32l073rztx_cmake.elf.dir/Drivers/STM32L0xx_HAL_Driver/Src/stm32l0xx_hal_rcc.c.obj
 .comment       0x0000000000000079       0x7a CMakeFiles/stm32l073rztx_cmake.elf.dir/Drivers/STM32L0xx_HAL_Driver/Src/stm32l0xx_hal_rcc_ex.c.obj
 .comment       0x0000000000000079       0x7a CMakeFiles/stm32l073rztx_cmake.elf.dir/Drivers/STM32L0xx_HAL_Driver/Src/stm32l0xx_hal_rtc.c.obj
 .comment       0x0000000000000079       0x7a CMakeFiles/stm32l073rztx_cmake.elf.dir/Drivers/STM32L0xx_HAL_Driver/Src/stm32l0xx_hal_spi.c.obj
 .comment       0x0000000000000079       0x7a CMakeFiles/stm32l073rztx_cmake.elf.dir/Drivers/STM32L0xx_HAL_Driver/Src/stm32l0xx_hal_uart.c.obj
 .comment       0x0000000000000079       0x7a CMakeFiles/stm32l073rztx_cmake.elf.dir/Src/main.c.obj
 .comment       0x0000000000000079       0x7a CMakeFiles/stm32l073rztx_cmake.elf.dir/Src/stm32l0xx_hal_msp.c.obj
 .comment       0x0000000000000079       0x7a CMakeFiles/stm32l073rztx_cmake.elf.dir/Src/stm32l0xx_it.c.obj
 .comment       0x0000000000000079       0x7a CMakeFiles/stm32l073rztx_cmake.elf.dir/Src/system_stm32l0xx.c.obj

.debug_frame    0x0000000000000000     0x3108
 .debug_frame   0x0000000000000000      0x338 CMakeFiles/stm32l073rztx_cmake.elf.dir/Drivers/STM32L0xx_HAL_Driver/Src/stm32l0xx_hal.c.obj
 .debug_frame   0x0000000000000338      0x3c0 CMakeFiles/stm32l073rztx_cmake.elf.dir/Drivers/STM32L0xx_HAL_Driver/Src/stm32l0xx_hal_adc.c.obj
 .debug_frame   0x00000000000006f8      0x2fc CMakeFiles/stm32l073rztx_cmake.elf.dir/Drivers/STM32L0xx_HAL_Driver/Src/stm32l0xx_hal_cortex.c.obj
 .debug_frame   0x00000000000009f4      0x110 CMakeFiles/stm32l073rztx_cmake.elf.dir/Drivers/STM32L0xx_HAL_Driver/Src/stm32l0xx_hal_gpio.c.obj
 .debug_frame   0x0000000000000b04      0xa04 CMakeFiles/stm32l073rztx_cmake.elf.dir/Drivers/STM32L0xx_HAL_Driver/Src/stm32l0xx_hal_i2c.c.obj
 .debug_frame   0x0000000000001508       0xd0 CMakeFiles/stm32l073rztx_cmake.elf.dir/Drivers/STM32L0xx_HAL_Driver/Src/stm32l0xx_hal_i2c_ex.c.obj
 .debug_frame   0x00000000000015d8      0x200 CMakeFiles/stm32l073rztx_cmake.elf.dir/Drivers/STM32L0xx_HAL_Driver/Src/stm32l0xx_hal_pwr.c.obj
 .debug_frame   0x00000000000017d8      0x1a4 CMakeFiles/stm32l073rztx_cmake.elf.dir/Drivers/STM32L0xx_HAL_Driver/Src/stm32l0xx_hal_rcc.c.obj
 .debug_frame   0x000000000000197c      0x244 CMakeFiles/stm32l073rztx_cmake.elf.dir/Drivers/STM32L0xx_HAL_Driver/Src/stm32l0xx_hal_rcc_ex.c.obj
 .debug_frame   0x0000000000001bc0      0x290 CMakeFiles/stm32l073rztx_cmake.elf.dir/Drivers/STM32L0xx_HAL_Driver/Src/stm32l0xx_hal_rtc.c.obj
 .debug_frame   0x0000000000001e50      0x6f0 CMakeFiles/stm32l073rztx_cmake.elf.dir/Drivers/STM32L0xx_HAL_Driver/Src/stm32l0xx_hal_spi.c.obj
 .debug_frame   0x0000000000002540      0x794 CMakeFiles/stm32l073rztx_cmake.elf.dir/Drivers/STM32L0xx_HAL_Driver/Src/stm32l0xx_hal_uart.c.obj
 .debug_frame   0x0000000000002cd4      0x138 CMakeFiles/stm32l073rztx_cmake.elf.dir/Src/main.c.obj
 .debug_frame   0x0000000000002e0c      0x16c CMakeFiles/stm32l073rztx_cmake.elf.dir/Src/stm32l0xx_hal_msp.c.obj
 .debug_frame   0x0000000000002f78       0x9c CMakeFiles/stm32l073rztx_cmake.elf.dir/Src/stm32l0xx_it.c.obj
 .debug_frame   0x0000000000003014       0x4c CMakeFiles/stm32l073rztx_cmake.elf.dir/Src/system_stm32l0xx.c.obj
 .debug_frame   0x0000000000003060       0x20 /usr/local/Caskroom/gcc-arm-embedded/9-2019-q4-major/gcc-arm-none-eabi-9-2019-q4-major/bin/../lib/gcc/arm-none-eabi/9.2.1/thumb/v6-m/nofp/libgcc.a(_udivsi3.o)
 .debug_frame   0x0000000000003080       0x3c /usr/local/Caskroom/gcc-arm-embedded/9-2019-q4-major/gcc-arm-none-eabi-9-2019-q4-major/bin/../lib/gcc/arm-none-eabi/9.2.1/thumb/v6-m/nofp/libgcc.a(_udivmoddi4.o)
 .debug_frame   0x00000000000030bc       0x2c /usr/local/Caskroom/gcc-arm-embedded/9-2019-q4-major/gcc-arm-none-eabi-9-2019-q4-major/bin/../lib/gcc/arm-none-eabi/9.2.1/../../../../arm-none-eabi/lib/thumb/v6-m/nofp/libg_nano.a(lib_a-init.o)
 .debug_frame   0x00000000000030e8       0x20 /usr/local/Caskroom/gcc-arm-embedded/9-2019-q4-major/gcc-arm-none-eabi-9-2019-q4-major/bin/../lib/gcc/arm-none-eabi/9.2.1/../../../../arm-none-eabi/lib/thumb/v6-m/nofp/libg_nano.a(lib_a-memset.o)
